#
# There is insufficient memory for the Java Runtime Environment to continue.
# Native memory allocation (malloc) failed to allocate 2344688 bytes. Error detail: Chunk::new
# Possible reasons:
#   The system is out of physical RAM or swap space
#   This process is running with CompressedOops enabled, and the Java Heap may be blocking the growth of the native heap
# Possible solutions:
#   Reduce memory load on the system
#   Increase physical memory or swap space
#   Check if swap backing store is full
#   Decrease Java heap size (-Xmx/-Xms)
#   Decrease number of Java threads
#   Decrease Java thread stack sizes (-Xss)
#   Set larger code cache with -XX:ReservedCodeCacheSize=
#   JVM is running with Unscaled Compressed Oops mode in which the Java heap is
#     placed in the first 4GB address space. The Java Heap base address is the
#     maximum limit for the native heap growth. Please use -XX:HeapBaseMinAddress
#     to set the Java Heap base and to place the Java Heap above 4GB virtual address.
# This output file may be truncated or incomplete.
#
#  Out of Memory Error (arena.cpp:168), pid=2864, tid=25748
#
# JRE version: OpenJDK Runtime Environment Temurin-21.0.10+7 (21.0.10+7) (build 21.0.10+7-LTS)
# Java VM: OpenJDK 64-Bit Server VM Temurin-21.0.10+7 (21.0.10+7-LTS, mixed mode, sharing, tiered, compressed oops, compressed class ptrs, g1 gc, windows-amd64)
# No core dump will be written. Minidumps are not enabled by default on client versions of Windows
#

---------------  S U M M A R Y ------------

Command Line: --add-opens=java.base/java.lang=ALL-UNNAMED --add-opens=java.base/java.lang.invoke=ALL-UNNAMED --add-opens=java.base/java.util=ALL-UNNAMED --add-opens=java.prefs/java.util.prefs=ALL-UNNAMED --add-exports=jdk.compiler/com.sun.tools.javac.api=ALL-UNNAMED --add-exports=jdk.compiler/com.sun.tools.javac.util=ALL-UNNAMED --add-opens=java.base/java.util=ALL-UNNAMED --add-opens=java.prefs/java.util.prefs=ALL-UNNAMED --add-opens=java.base/java.nio.charset=ALL-UNNAMED --add-opens=java.base/java.net=ALL-UNNAMED --add-opens=java.base/java.util.concurrent=ALL-UNNAMED --add-opens=java.base/java.util.concurrent.atomic=ALL-UNNAMED --add-opens=java.xml/javax.xml.namespace=ALL-UNNAMED --add-opens=java.base/java.time=ALL-UNNAMED -Xmx2048m -Dfile.encoding=UTF-8 -Duser.country=RU -Duser.language=ru -Duser.variant -javaagent:C:\Users\ssrry\.gradle\wrapper\dists\gradle-9.1.0-bin\9agqghryom9wkf8r80qlhnts3\gradle-9.1.0\lib\agents\gradle-instrumentation-agent-9.1.0.jar org.gradle.launcher.daemon.bootstrap.GradleDaemon 9.1.0

Host: AMD Ryzen 5 6600H with Radeon Graphics         , 12 cores, 15G,  Windows 10 , 64 bit Build 19041 (10.0.19041.5915)
Time: Wed May 13 22:16:56 2026 elapsed time: 13.521398 seconds (0d 0h 0m 13s)

---------------  T H R E A D  ---------------

Current thread (0x000001f95ae77350):  JavaThread "C2 CompilerThread2" daemon [_thread_in_native, id=25748, stack(0x0000008ae2400000,0x0000008ae2500000) (1024K)]


Current CompileTask:
C2:13521 14082       4       org.gradle.internal.instantiation.generator.AbstractClassGenerator::inspectType (602 bytes)

Stack: [0x0000008ae2400000,0x0000008ae2500000]
Native frames: (J=compiled Java code, j=interpreted, Vv=VM code, C=native code)
V  [jvm.dll+0x6d7a39]
V  [jvm.dll+0x8b4b26]
V  [jvm.dll+0x8b70de]
V  [jvm.dll+0x8b77c3]
V  [jvm.dll+0x284346]
V  [jvm.dll+0xc66ed]
V  [jvm.dll+0xc6c31]
V  [jvm.dll+0x3bec3b]
V  [jvm.dll+0x38b162]
V  [jvm.dll+0x38a5aa]
V  [jvm.dll+0x24c560]
V  [jvm.dll+0x24bb40]
V  [jvm.dll+0x1cb34e]
V  [jvm.dll+0x25b85d]
V  [jvm.dll+0x259dea]
V  [jvm.dll+0x3f857e]
V  [jvm.dll+0x85f59d]
V  [jvm.dll+0x6d626d]
C  [ucrtbase.dll+0x21bb2]
C  [KERNEL32.DLL+0x17374]
C  [ntdll.dll+0x4cc91]


---------------  P R O C E S S  ---------------

Threads class SMR info:
_java_thread_list=0x000001f95f46eff0, length=64, elements={
0x000001f979bb5b80, 0x000001f913ba9890, 0x000001f913baa960, 0x000001f913bad940,
0x000001f913bb3f90, 0x000001f913bb6a00, 0x000001f913bb7460, 0x000001f913bbb170,
0x000001f913bdbf80, 0x000001f913dd4750, 0x000001f913df7c90, 0x000001f95a85c1d0,
0x000001f95a0ae150, 0x000001f95a8ea0f0, 0x000001f95a9b11c0, 0x000001f95a908b60,
0x000001f95ab4de60, 0x000001f95ab4cab0, 0x000001f95ab4f210, 0x000001f95db703c0,
0x000001f95db6d5d0, 0x000001f95db6fd30, 0x000001f95db6dc60, 0x000001f95db72b20,
0x000001f95fe7d5e0, 0x000001f95edb7060, 0x000001f95e227860, 0x000001f95c9a5010,
0x000001f959142940, 0x000001f95ae77350, 0x000001f95fe7c8c0, 0x000001f95ab4e4f0,
0x000001f95913cd60, 0x000001f95913da80, 0x000001f959142fd0, 0x000001f959143660,
0x000001f95913ee30, 0x000001f95913d3f0, 0x000001f959140f00, 0x000001f959144380,
0x000001f95913f4c0, 0x000001f95913e110, 0x000001f959140870, 0x000001f959141590,
0x000001f95913fb50, 0x000001f959141c20, 0x000001f95913e7a0, 0x000001f9591401e0,
0x000001f9591422b0, 0x000001f95e2243e0, 0x000001f95e2264b0, 0x000001f95e223030,
0x000001f95e224a70, 0x000001f95e225e20, 0x000001f95e225790, 0x000001f95e2236c0,
0x000001f95e223d50, 0x000001f95e2215f0, 0x000001f95e222310, 0x000001f95e225100,
0x000001f95e2229a0, 0x000001f95e226b40, 0x000001f95e2271d0, 0x000001f95e228580
}

Java Threads: ( => current thread )
  0x000001f979bb5b80 JavaThread "main"                              [_thread_blocked, id=13388, stack(0x0000008add700000,0x0000008add800000) (1024K)]
  0x000001f913ba9890 JavaThread "Reference Handler"          daemon [_thread_blocked, id=21644, stack(0x0000008addf00000,0x0000008ade000000) (1024K)]
  0x000001f913baa960 JavaThread "Finalizer"                  daemon [_thread_blocked, id=5716, stack(0x0000008ade000000,0x0000008ade100000) (1024K)]
  0x000001f913bad940 JavaThread "Signal Dispatcher"          daemon [_thread_blocked, id=24640, stack(0x0000008ade100000,0x0000008ade200000) (1024K)]
  0x000001f913bb3f90 JavaThread "Attach Listener"            daemon [_thread_blocked, id=23572, stack(0x0000008ade200000,0x0000008ade300000) (1024K)]
  0x000001f913bb6a00 JavaThread "Service Thread"             daemon [_thread_blocked, id=20412, stack(0x0000008ade300000,0x0000008ade400000) (1024K)]
  0x000001f913bb7460 JavaThread "Monitor Deflation Thread"   daemon [_thread_blocked, id=25820, stack(0x0000008ade400000,0x0000008ade500000) (1024K)]
  0x000001f913bbb170 JavaThread "C2 CompilerThread0"         daemon [_thread_in_native, id=25168, stack(0x0000008ade500000,0x0000008ade600000) (1024K)]
  0x000001f913bdbf80 JavaThread "C1 CompilerThread0"         daemon [_thread_blocked, id=8056, stack(0x0000008ade600000,0x0000008ade700000) (1024K)]
  0x000001f913dd4750 JavaThread "Common-Cleaner"             daemon [_thread_blocked, id=25732, stack(0x0000008ade700000,0x0000008ade800000) (1024K)]
  0x000001f913df7c90 JavaThread "Notification Thread"        daemon [_thread_blocked, id=7160, stack(0x0000008ade800000,0x0000008ade900000) (1024K)]
  0x000001f95a85c1d0 JavaThread "Daemon health stats"               [_thread_blocked, id=7828, stack(0x0000008adf200000,0x0000008adf300000) (1024K)]
  0x000001f95a0ae150 JavaThread "Incoming local TCP Connector on port 55017"        [_thread_in_native, id=16192, stack(0x0000008adf300000,0x0000008adf400000) (1024K)]
  0x000001f95a8ea0f0 JavaThread "Daemon periodic checks"            [_thread_blocked, id=19640, stack(0x0000008adf400000,0x0000008adf500000) (1024K)]
  0x000001f95a9b11c0 JavaThread "Daemon"                            [_thread_blocked, id=23384, stack(0x0000008adf500000,0x0000008adf600000) (1024K)]
  0x000001f95a908b60 JavaThread "Daemon worker"                     [_thread_in_vm, id=22072, stack(0x0000008adf800000,0x0000008adf900000) (1024K)]
  0x000001f95ab4de60 JavaThread "Cache worker for journal cache (C:\Users\ssrry\.gradle\caches\journal-1)"        [_thread_blocked, id=20300, stack(0x0000008adfc00000,0x0000008adfd00000) (1024K)]
  0x000001f95ab4cab0 JavaThread "File lock request listener"        [_thread_in_native, id=27096, stack(0x0000008adfd00000,0x0000008adfe00000) (1024K)]
  0x000001f95ab4f210 JavaThread "Cache worker for file hash cache (C:\Users\ssrry\.gradle\caches\9.1.0\fileHashes)"        [_thread_blocked, id=26864, stack(0x0000008adfe00000,0x0000008adff00000) (1024K)]
  0x000001f95db703c0 JavaThread "File watcher server"        daemon [_thread_in_native, id=16024, stack(0x0000008ae0500000,0x0000008ae0600000) (1024K)]
  0x000001f95db6d5d0 JavaThread "File watcher consumer"      daemon [_thread_blocked, id=13792, stack(0x0000008ae0600000,0x0000008ae0700000) (1024K)]
  0x000001f95db6fd30 JavaThread "Cache worker for file content cache (C:\Users\ssrry\.gradle\caches\9.1.0\fileContent)"        [_thread_blocked, id=21076, stack(0x0000008ae0800000,0x0000008ae0900000) (1024K)]
  0x000001f95db6dc60 JavaThread "jar transforms"                    [_thread_blocked, id=11612, stack(0x0000008ae0b00000,0x0000008ae0c00000) (1024K)]
  0x000001f95db72b20 JavaThread "jar transforms Thread 2"           [_thread_blocked, id=20608, stack(0x0000008ae0c00000,0x0000008ae0d00000) (1024K)]
  0x000001f95fe7d5e0 JavaThread "Memory manager"                    [_thread_blocked, id=13060, stack(0x0000008ae2e00000,0x0000008ae2f00000) (1024K)]
  0x000001f95edb7060 JavaThread "included builds"                   [_thread_blocked, id=10128, stack(0x0000008adff00000,0x0000008ae0000000) (1024K)]
  0x000001f95e227860 JavaThread "VFS cleanup"                       [_thread_blocked, id=2900, stack(0x0000008adf900000,0x0000008adfa00000) (1024K)]
  0x000001f95c9a5010 JavaThread "C2 CompilerThread1"         daemon [_thread_in_native, id=17588, stack(0x0000008ade900000,0x0000008adea00000) (1024K)]
  0x000001f959142940 JavaThread "included builds"                   [_thread_blocked, id=13608, stack(0x0000008ae2500000,0x0000008ae2600000) (1024K)]
=>0x000001f95ae77350 JavaThread "C2 CompilerThread2"         daemon [_thread_in_native, id=25748, stack(0x0000008ae2400000,0x0000008ae2500000) (1024K)]
  0x000001f95fe7c8c0 JavaThread "included builds"                   [_thread_blocked, id=11904, stack(0x0000008ae2700000,0x0000008ae2800000) (1024K)]
  0x000001f95ab4e4f0 JavaThread "Handler for socket connection from /127.0.0.1:55017 to /127.0.0.1:55037"        [_thread_in_native, id=25928, stack(0x0000008adf600000,0x0000008adf700000) (1024K)]
  0x000001f95913cd60 JavaThread "Cancel handler"                    [_thread_blocked, id=24124, stack(0x0000008adf700000,0x0000008adf800000) (1024K)]
  0x000001f95913da80 JavaThread "Asynchronous log dispatcher for DefaultDaemonConnection: socket connection from /127.0.0.1:55017 to /127.0.0.1:55037"        [_thread_blocked, id=4544, stack(0x0000008adfa00000,0x0000008adfb00000) (1024K)]
  0x000001f959142fd0 JavaThread "Stdin handler"                     [_thread_blocked, id=27080, stack(0x0000008adfb00000,0x0000008adfc00000) (1024K)]
  0x000001f959143660 JavaThread "Daemon client event forwarder"        [_thread_blocked, id=11588, stack(0x0000008ae0300000,0x0000008ae0400000) (1024K)]
  0x000001f95913ee30 JavaThread "Cache worker for file hash cache (C:\Users\ssrry\Desktop\android\Lab5Android\LR5\.gradle\9.1.0\fileHashes)"        [_thread_blocked, id=2064, stack(0x0000008ae0400000,0x0000008ae0500000) (1024K)]
  0x000001f95913d3f0 JavaThread "Cache worker for Build Output Cleanup Cache (C:\Users\ssrry\Desktop\android\Lab5Android\LR5\.gradle\buildOutputCleanup)"        [_thread_blocked, id=11716, stack(0x0000008ae0700000,0x0000008ae0800000) (1024K)]
  0x000001f959140f00 JavaThread "Cache worker for checksums cache (C:\Users\ssrry\Desktop\android\Lab5Android\LR5\.gradle\9.1.0\checksums)"        [_thread_blocked, id=26024, stack(0x0000008ae0900000,0x0000008ae0a00000) (1024K)]
  0x000001f959144380 JavaThread "Cache worker for cache directory md-supplier (C:\Users\ssrry\.gradle\caches\9.1.0\md-supplier)"        [_thread_blocked, id=19800, stack(0x0000008ae0a00000,0x0000008ae0b00000) (1024K)]
  0x000001f95913f4c0 JavaThread "Cache worker for cache directory md-rule (C:\Users\ssrry\.gradle\caches\9.1.0\md-rule)"        [_thread_blocked, id=24800, stack(0x0000008ae0d00000,0x0000008ae0e00000) (1024K)]
  0x000001f95913e110 JavaThread "Unconstrained build operations"        [_thread_blocked, id=17108, stack(0x0000008ae0e00000,0x0000008ae0f00000) (1024K)]
  0x000001f959140870 JavaThread "Unconstrained build operations Thread 2"        [_thread_blocked, id=19568, stack(0x0000008ae0f00000,0x0000008ae1000000) (1024K)]
  0x000001f959141590 JavaThread "Unconstrained build operations Thread 3"        [_thread_blocked, id=2980, stack(0x0000008ae1000000,0x0000008ae1100000) (1024K)]
  0x000001f95913fb50 JavaThread "Unconstrained build operations Thread 4"        [_thread_blocked, id=26380, stack(0x0000008ae1100000,0x0000008ae1200000) (1024K)]
  0x000001f959141c20 JavaThread "Unconstrained build operations Thread 5"        [_thread_blocked, id=13888, stack(0x0000008ae1200000,0x0000008ae1300000) (1024K)]
  0x000001f95913e7a0 JavaThread "Unconstrained build operations Thread 6"        [_thread_blocked, id=23784, stack(0x0000008ae1300000,0x0000008ae1400000) (1024K)]
  0x000001f9591401e0 JavaThread "Unconstrained build operations Thread 7"        [_thread_blocked, id=22920, stack(0x0000008ae1400000,0x0000008ae1500000) (1024K)]
  0x000001f9591422b0 JavaThread "Unconstrained build operations Thread 8"        [_thread_blocked, id=22440, stack(0x0000008ae1500000,0x0000008ae1600000) (1024K)]
  0x000001f95e2243e0 JavaThread "Unconstrained build operations Thread 9"        [_thread_blocked, id=25536, stack(0x0000008ae1600000,0x0000008ae1700000) (1024K)]
  0x000001f95e2264b0 JavaThread "Unconstrained build operations Thread 10"        [_thread_blocked, id=23352, stack(0x0000008ae1700000,0x0000008ae1800000) (1024K)]
  0x000001f95e223030 JavaThread "Unconstrained build operations Thread 11"        [_thread_blocked, id=11436, stack(0x0000008ae1800000,0x0000008ae1900000) (1024K)]
  0x000001f95e224a70 JavaThread "Unconstrained build operations Thread 12"        [_thread_blocked, id=22868, stack(0x0000008ae1900000,0x0000008ae1a00000) (1024K)]
  0x000001f95e225e20 JavaThread "Unconstrained build operations Thread 13"        [_thread_blocked, id=25316, stack(0x0000008ae1a00000,0x0000008ae1b00000) (1024K)]
  0x000001f95e225790 JavaThread "Unconstrained build operations Thread 14"        [_thread_blocked, id=26352, stack(0x0000008ae1b00000,0x0000008ae1c00000) (1024K)]
  0x000001f95e2236c0 JavaThread "Unconstrained build operations Thread 15"        [_thread_blocked, id=21292, stack(0x0000008ae1c00000,0x0000008ae1d00000) (1024K)]
  0x000001f95e223d50 JavaThread "Unconstrained build operations Thread 16"        [_thread_blocked, id=24544, stack(0x0000008ae1d00000,0x0000008ae1e00000) (1024K)]
  0x000001f95e2215f0 JavaThread "Unconstrained build operations Thread 17"        [_thread_blocked, id=12216, stack(0x0000008ae1e00000,0x0000008ae1f00000) (1024K)]
  0x000001f95e222310 JavaThread "Unconstrained build operations Thread 18"        [_thread_blocked, id=20016, stack(0x0000008ae1f00000,0x0000008ae2000000) (1024K)]
  0x000001f95e225100 JavaThread "Unconstrained build operations Thread 19"        [_thread_blocked, id=13828, stack(0x0000008ae2000000,0x0000008ae2100000) (1024K)]
  0x000001f95e2229a0 JavaThread "Unconstrained build operations Thread 20"        [_thread_blocked, id=15352, stack(0x0000008ae2100000,0x0000008ae2200000) (1024K)]
  0x000001f95e226b40 JavaThread "Unconstrained build operations Thread 21"        [_thread_blocked, id=8040, stack(0x0000008ae2200000,0x0000008ae2300000) (1024K)]
  0x000001f95e2271d0 JavaThread "Unconstrained build operations Thread 22"        [_thread_blocked, id=14312, stack(0x0000008ae2300000,0x0000008ae2400000) (1024K)]
  0x000001f95e228580 JavaThread "build event listener"              [_thread_blocked, id=11696, stack(0x0000008ae2600000,0x0000008ae2700000) (1024K)]
Total: 64

Other Threads:
  0x000001f913b91090 VMThread "VM Thread"                           [id=3988, stack(0x0000008adde00000,0x0000008addf00000) (1024K)]
  0x000001f913b7f250 WatcherThread "VM Periodic Task Thread"        [id=21668, stack(0x0000008addd00000,0x0000008adde00000) (1024K)]
  0x000001f97bfeb1e0 WorkerThread "GC Thread#0"                     [id=10308, stack(0x0000008add800000,0x0000008add900000) (1024K)]
  0x000001f95901aa10 WorkerThread "GC Thread#1"                     [id=9424, stack(0x0000008adeb00000,0x0000008adec00000) (1024K)]
  0x000001f95944cbd0 WorkerThread "GC Thread#2"                     [id=7480, stack(0x0000008adec00000,0x0000008aded00000) (1024K)]
  0x000001f95923b0e0 WorkerThread "GC Thread#3"                     [id=23752, stack(0x0000008aded00000,0x0000008adee00000) (1024K)]
  0x000001f95923b490 WorkerThread "GC Thread#4"                     [id=17520, stack(0x0000008adee00000,0x0000008adef00000) (1024K)]
  0x000001f95a88eeb0 WorkerThread "GC Thread#5"                     [id=11732, stack(0x0000008adea00000,0x0000008adeb00000) (1024K)]
  0x000001f95a8902d0 WorkerThread "GC Thread#6"                     [id=10952, stack(0x0000008adef00000,0x0000008adf000000) (1024K)]
  0x000001f95a891ea0 WorkerThread "GC Thread#7"                     [id=23492, stack(0x0000008adf000000,0x0000008adf100000) (1024K)]
  0x000001f95a90e9f0 WorkerThread "GC Thread#8"                     [id=10548, stack(0x0000008adf100000,0x0000008adf200000) (1024K)]
  0x000001f95a90e640 WorkerThread "GC Thread#9"                     [id=10908, stack(0x0000008ae0000000,0x0000008ae0100000) (1024K)]
  0x000001f97bffc380 ConcurrentGCThread "G1 Main Marker"            [id=3924, stack(0x0000008add900000,0x0000008adda00000) (1024K)]
  0x000001f97bffce90 WorkerThread "G1 Conc#0"                       [id=11948, stack(0x0000008adda00000,0x0000008addb00000) (1024K)]
  0x000001f95d2e2350 WorkerThread "G1 Conc#1"                       [id=22912, stack(0x0000008ae0100000,0x0000008ae0200000) (1024K)]
  0x000001f95d2e1fa0 WorkerThread "G1 Conc#2"                       [id=20796, stack(0x0000008ae0200000,0x0000008ae0300000) (1024K)]
  0x000001f913a566b0 ConcurrentGCThread "G1 Refine#0"               [id=5060, stack(0x0000008addb00000,0x0000008addc00000) (1024K)]
  0x000001f913a56e40 ConcurrentGCThread "G1 Service"                [id=25092, stack(0x0000008addc00000,0x0000008addd00000) (1024K)]
Total: 18

Threads with active compile tasks:
C2 CompilerThread0  13537 14226       4       sun.reflect.annotation.AnnotationParser$1::run (40 bytes)
C2 CompilerThread2  13537 14082       4       org.gradle.internal.instantiation.generator.AbstractClassGenerator::inspectType (602 bytes)
Total: 2

VM state: not at safepoint (normal execution)

VM Mutex/Monitor currently owned by a thread: None

Heap address: 0x0000000080000000, size: 2048 MB, Compressed Oops mode: 32-bit

CDS archive(s) mapped at: [0x000001f914000000-0x000001f914ba0000-0x000001f914ba0000), size 12189696, SharedBaseAddress: 0x000001f914000000, ArchiveRelocationMode: 1.
Compressed class space mapped at: 0x000001f915000000-0x000001f955000000, reserved size: 1073741824
Narrow klass base: 0x000001f914000000, Narrow klass shift: 0, Narrow klass range: 0x100000000

GC Precious Log:
 CardTable entry size: 512
 Card Set container configuration: InlinePtr #cards 5 size 8 Array Of Cards #cards 12 size 40 Howl #buckets 4 coarsen threshold 1843 Howl Bitmap #cards 512 size 80 coarsen threshold 460 Card regions per heap region 1 cards per card region 2048
 CPUs: 12 total, 12 available
 Memory: 15557M
 Large Page Support: Disabled
 NUMA Support: Disabled
 Compressed Oops: Enabled (32-bit)
 Heap Region Size: 1M
 Heap Min Capacity: 8M
 Heap Initial Capacity: 244M
 Heap Max Capacity: 2G
 Pre-touch: Disabled
 Parallel Workers: 10
 Concurrent Workers: 3
 Concurrent Refinement Workers: 10
 Periodic GC: Disabled

Heap:
 garbage-first heap   total 183296K, used 147139K [0x0000000080000000, 0x0000000100000000)
  region size 1024K, 39 young (39936K), 5 survivors (5120K)
 Metaspace       used 109541K, committed 112128K, reserved 1179648K
  class space    used 15657K, committed 16896K, reserved 1048576K

Heap Regions: E=young(eden), S=young(survivor), O=old, HS=humongous(starts), HC=humongous(continues), CS=collection set, F=free, TAMS=top-at-mark-start, PB=parsable bottom
|   0|0x0000000080000000, 0x0000000080100000, 0x0000000080100000|100%|HS|  |TAMS 0x0000000080000000| PB 0x0000000080000000| Complete 
|   1|0x0000000080100000, 0x0000000080200000, 0x0000000080200000|100%|HC|  |TAMS 0x0000000080100000| PB 0x0000000080100000| Complete 
|   2|0x0000000080200000, 0x0000000080300000, 0x0000000080300000|100%|HC|  |TAMS 0x0000000080200000| PB 0x0000000080200000| Complete 
|   3|0x0000000080300000, 0x0000000080400000, 0x0000000080400000|100%| O|  |TAMS 0x0000000080300000| PB 0x0000000080300000| Untracked 
|   4|0x0000000080400000, 0x0000000080500000, 0x0000000080500000|100%| O|  |TAMS 0x0000000080400000| PB 0x0000000080400000| Untracked 
|   5|0x0000000080500000, 0x0000000080600000, 0x0000000080600000|100%| O|  |TAMS 0x0000000080500000| PB 0x0000000080500000| Untracked 
|   6|0x0000000080600000, 0x0000000080700000, 0x0000000080700000|100%|HS|  |TAMS 0x0000000080600000| PB 0x0000000080600000| Complete 
|   7|0x0000000080700000, 0x0000000080800000, 0x0000000080800000|100%| O|  |TAMS 0x0000000080700000| PB 0x0000000080700000| Untracked 
|   8|0x0000000080800000, 0x0000000080900000, 0x0000000080900000|100%| O|  |TAMS 0x0000000080800000| PB 0x0000000080800000| Untracked 
|   9|0x0000000080900000, 0x0000000080a00000, 0x0000000080a00000|100%| O|  |TAMS 0x0000000080900000| PB 0x0000000080900000| Untracked 
|  10|0x0000000080a00000, 0x0000000080b00000, 0x0000000080b00000|100%| O|  |TAMS 0x0000000080a00000| PB 0x0000000080a00000| Untracked 
|  11|0x0000000080b00000, 0x0000000080c00000, 0x0000000080c00000|100%| O|  |TAMS 0x0000000080b00000| PB 0x0000000080b00000| Untracked 
|  12|0x0000000080c00000, 0x0000000080d00000, 0x0000000080d00000|100%| O|  |TAMS 0x0000000080c00000| PB 0x0000000080c00000| Untracked 
|  13|0x0000000080d00000, 0x0000000080e00000, 0x0000000080e00000|100%| O|  |TAMS 0x0000000080d00000| PB 0x0000000080d00000| Untracked 
|  14|0x0000000080e00000, 0x0000000080f00000, 0x0000000080f00000|100%| O|  |TAMS 0x0000000080e00000| PB 0x0000000080e00000| Untracked 
|  15|0x0000000080f00000, 0x0000000081000000, 0x0000000081000000|100%| O|  |TAMS 0x0000000080f00000| PB 0x0000000080f00000| Untracked 
|  16|0x0000000081000000, 0x0000000081100000, 0x0000000081100000|100%| O|  |TAMS 0x0000000081000000| PB 0x0000000081000000| Untracked 
|  17|0x0000000081100000, 0x0000000081200000, 0x0000000081200000|100%| O|  |TAMS 0x0000000081100000| PB 0x0000000081100000| Untracked 
|  18|0x0000000081200000, 0x0000000081300000, 0x0000000081300000|100%| O|  |TAMS 0x0000000081200000| PB 0x0000000081200000| Untracked 
|  19|0x0000000081300000, 0x0000000081400000, 0x0000000081400000|100%| O|  |TAMS 0x0000000081300000| PB 0x0000000081300000| Untracked 
|  20|0x0000000081400000, 0x0000000081500000, 0x0000000081500000|100%| O|  |TAMS 0x0000000081400000| PB 0x0000000081400000| Untracked 
|  21|0x0000000081500000, 0x0000000081600000, 0x0000000081600000|100%| O|  |TAMS 0x0000000081500000| PB 0x0000000081500000| Untracked 
|  22|0x0000000081600000, 0x0000000081700000, 0x0000000081700000|100%| O|  |TAMS 0x0000000081600000| PB 0x0000000081600000| Untracked 
|  23|0x0000000081700000, 0x0000000081800000, 0x0000000081800000|100%| O|  |TAMS 0x0000000081700000| PB 0x0000000081700000| Untracked 
|  24|0x0000000081800000, 0x0000000081900000, 0x0000000081900000|100%| O|  |TAMS 0x0000000081800000| PB 0x0000000081800000| Untracked 
|  25|0x0000000081900000, 0x0000000081a00000, 0x0000000081a00000|100%| O|  |TAMS 0x0000000081900000| PB 0x0000000081900000| Untracked 
|  26|0x0000000081a00000, 0x0000000081b00000, 0x0000000081b00000|100%| O|  |TAMS 0x0000000081a00000| PB 0x0000000081a00000| Untracked 
|  27|0x0000000081b00000, 0x0000000081c00000, 0x0000000081c00000|100%| O|  |TAMS 0x0000000081b00000| PB 0x0000000081b00000| Untracked 
|  28|0x0000000081c00000, 0x0000000081d00000, 0x0000000081d00000|100%| O|  |TAMS 0x0000000081c00000| PB 0x0000000081c00000| Untracked 
|  29|0x0000000081d00000, 0x0000000081e00000, 0x0000000081e00000|100%| O|  |TAMS 0x0000000081d00000| PB 0x0000000081d00000| Untracked 
|  30|0x0000000081e00000, 0x0000000081f00000, 0x0000000081f00000|100%| O|  |TAMS 0x0000000081e00000| PB 0x0000000081e00000| Untracked 
|  31|0x0000000081f00000, 0x0000000082000000, 0x0000000082000000|100%| O|  |TAMS 0x0000000081f00000| PB 0x0000000081f00000| Untracked 
|  32|0x0000000082000000, 0x0000000082100000, 0x0000000082100000|100%| O|  |TAMS 0x0000000082000000| PB 0x0000000082000000| Untracked 
|  33|0x0000000082100000, 0x0000000082200000, 0x0000000082200000|100%| O|  |TAMS 0x0000000082100000| PB 0x0000000082100000| Untracked 
|  34|0x0000000082200000, 0x0000000082300000, 0x0000000082300000|100%| O|  |TAMS 0x0000000082200000| PB 0x0000000082200000| Untracked 
|  35|0x0000000082300000, 0x0000000082400000, 0x0000000082400000|100%| O|  |TAMS 0x0000000082300000| PB 0x0000000082300000| Untracked 
|  36|0x0000000082400000, 0x0000000082500000, 0x0000000082500000|100%| O|  |TAMS 0x0000000082400000| PB 0x0000000082400000| Untracked 
|  37|0x0000000082500000, 0x0000000082600000, 0x0000000082600000|100%| O|  |TAMS 0x0000000082500000| PB 0x0000000082500000| Untracked 
|  38|0x0000000082600000, 0x0000000082700000, 0x0000000082700000|100%| O|  |TAMS 0x0000000082600000| PB 0x0000000082600000| Untracked 
|  39|0x0000000082700000, 0x0000000082800000, 0x0000000082800000|100%|HS|  |TAMS 0x0000000082700000| PB 0x0000000082700000| Complete 
|  40|0x0000000082800000, 0x0000000082900000, 0x0000000082900000|100%| O|  |TAMS 0x0000000082800000| PB 0x0000000082800000| Untracked 
|  41|0x0000000082900000, 0x0000000082a00000, 0x0000000082a00000|100%|HS|  |TAMS 0x0000000082900000| PB 0x0000000082900000| Complete 
|  42|0x0000000082a00000, 0x0000000082b00000, 0x0000000082b00000|100%| O|  |TAMS 0x0000000082a00000| PB 0x0000000082a00000| Untracked 
|  43|0x0000000082b00000, 0x0000000082c00000, 0x0000000082c00000|100%|HS|  |TAMS 0x0000000082b00000| PB 0x0000000082b00000| Complete 
|  44|0x0000000082c00000, 0x0000000082d00000, 0x0000000082d00000|100%|HC|  |TAMS 0x0000000082c00000| PB 0x0000000082c00000| Complete 
|  45|0x0000000082d00000, 0x0000000082e00000, 0x0000000082e00000|100%|HS|  |TAMS 0x0000000082d00000| PB 0x0000000082d00000| Complete 
|  46|0x0000000082e00000, 0x0000000082f00000, 0x0000000082f00000|100%|HS|  |TAMS 0x0000000082e00000| PB 0x0000000082e00000| Complete 
|  47|0x0000000082f00000, 0x0000000083000000, 0x0000000083000000|100%| O|  |TAMS 0x0000000082f00000| PB 0x0000000082f00000| Untracked 
|  48|0x0000000083000000, 0x0000000083100000, 0x0000000083100000|100%| O|  |TAMS 0x0000000083000000| PB 0x0000000083000000| Untracked 
|  49|0x0000000083100000, 0x0000000083200000, 0x0000000083200000|100%| O|  |TAMS 0x0000000083100000| PB 0x0000000083100000| Untracked 
|  50|0x0000000083200000, 0x0000000083300000, 0x0000000083300000|100%| O|  |TAMS 0x0000000083200000| PB 0x0000000083200000| Untracked 
|  51|0x0000000083300000, 0x0000000083400000, 0x0000000083400000|100%| O|  |TAMS 0x0000000083300000| PB 0x0000000083300000| Untracked 
|  52|0x0000000083400000, 0x0000000083500000, 0x0000000083500000|100%| O|  |TAMS 0x0000000083400000| PB 0x0000000083400000| Untracked 
|  53|0x0000000083500000, 0x0000000083600000, 0x0000000083600000|100%| O|  |TAMS 0x0000000083500000| PB 0x0000000083500000| Untracked 
|  54|0x0000000083600000, 0x0000000083700000, 0x0000000083700000|100%| O|  |TAMS 0x0000000083600000| PB 0x0000000083600000| Untracked 
|  55|0x0000000083700000, 0x0000000083800000, 0x0000000083800000|100%|HS|  |TAMS 0x0000000083700000| PB 0x0000000083700000| Complete 
|  56|0x0000000083800000, 0x0000000083900000, 0x0000000083900000|100%|HS|  |TAMS 0x0000000083800000| PB 0x0000000083800000| Complete 
|  57|0x0000000083900000, 0x0000000083a00000, 0x0000000083a00000|100%| O|  |TAMS 0x0000000083900000| PB 0x0000000083900000| Untracked 
|  58|0x0000000083a00000, 0x0000000083b00000, 0x0000000083b00000|100%| O|  |TAMS 0x0000000083a00000| PB 0x0000000083a00000| Untracked 
|  59|0x0000000083b00000, 0x0000000083c00000, 0x0000000083c00000|100%|HS|  |TAMS 0x0000000083b00000| PB 0x0000000083b00000| Complete 
|  60|0x0000000083c00000, 0x0000000083d00000, 0x0000000083d00000|100%|HC|  |TAMS 0x0000000083c00000| PB 0x0000000083c00000| Complete 
|  61|0x0000000083d00000, 0x0000000083e00000, 0x0000000083e00000|100%| O|  |TAMS 0x0000000083d00000| PB 0x0000000083d00000| Untracked 
|  62|0x0000000083e00000, 0x0000000083f00000, 0x0000000083f00000|100%| O|  |TAMS 0x0000000083e00000| PB 0x0000000083e00000| Untracked 
|  63|0x0000000083f00000, 0x0000000084000000, 0x0000000084000000|100%| O|  |TAMS 0x0000000083f00000| PB 0x0000000083f00000| Untracked 
|  64|0x0000000084000000, 0x0000000084100000, 0x0000000084100000|100%|HS|  |TAMS 0x0000000084000000| PB 0x0000000084000000| Complete 
|  65|0x0000000084100000, 0x0000000084200000, 0x0000000084200000|100%| O|  |TAMS 0x0000000084100000| PB 0x0000000084100000| Untracked 
|  66|0x0000000084200000, 0x0000000084300000, 0x0000000084300000|100%| O|  |TAMS 0x0000000084200000| PB 0x0000000084200000| Untracked 
|  67|0x0000000084300000, 0x0000000084400000, 0x0000000084400000|100%| O|  |TAMS 0x0000000084300000| PB 0x0000000084300000| Untracked 
|  68|0x0000000084400000, 0x0000000084500000, 0x0000000084500000|100%| O|  |TAMS 0x0000000084400000| PB 0x0000000084400000| Untracked 
|  69|0x0000000084500000, 0x0000000084600000, 0x0000000084600000|100%| O|  |TAMS 0x0000000084500000| PB 0x0000000084500000| Untracked 
|  70|0x0000000084600000, 0x0000000084700000, 0x0000000084700000|100%| O|  |TAMS 0x0000000084600000| PB 0x0000000084600000| Untracked 
|  71|0x0000000084700000, 0x0000000084800000, 0x0000000084800000|100%| O|  |TAMS 0x0000000084700000| PB 0x0000000084700000| Untracked 
|  72|0x0000000084800000, 0x0000000084900000, 0x0000000084900000|100%| O|  |TAMS 0x0000000084800000| PB 0x0000000084800000| Untracked 
|  73|0x0000000084900000, 0x0000000084a00000, 0x0000000084a00000|100%| O|  |TAMS 0x0000000084900000| PB 0x0000000084900000| Untracked 
|  74|0x0000000084a00000, 0x0000000084b00000, 0x0000000084b00000|100%| O|  |TAMS 0x0000000084a00000| PB 0x0000000084a00000| Untracked 
|  75|0x0000000084b00000, 0x0000000084c00000, 0x0000000084c00000|100%| O|  |TAMS 0x0000000084b00000| PB 0x0000000084b00000| Untracked 
|  76|0x0000000084c00000, 0x0000000084c00000, 0x0000000084d00000|  0%| F|  |TAMS 0x0000000084c00000| PB 0x0000000084c00000| Untracked 
|  77|0x0000000084d00000, 0x0000000084e00000, 0x0000000084e00000|100%| O|Cm|TAMS 0x0000000084d00000| PB 0x0000000084d00000| Complete 
|  78|0x0000000084e00000, 0x0000000084f00000, 0x0000000084f00000|100%| O|  |TAMS 0x0000000084e00000| PB 0x0000000084e00000| Untracked 
|  79|0x0000000084f00000, 0x0000000085000000, 0x0000000085000000|100%| O|  |TAMS 0x0000000084f00000| PB 0x0000000084f00000| Untracked 
|  80|0x0000000085000000, 0x0000000085100000, 0x0000000085100000|100%| O|  |TAMS 0x0000000085000000| PB 0x0000000085000000| Untracked 
|  81|0x0000000085100000, 0x0000000085200000, 0x0000000085200000|100%| O|  |TAMS 0x0000000085100000| PB 0x0000000085100000| Untracked 
|  82|0x0000000085200000, 0x0000000085300000, 0x0000000085300000|100%| O|  |TAMS 0x0000000085200000| PB 0x0000000085200000| Untracked 
|  83|0x0000000085300000, 0x0000000085400000, 0x0000000085400000|100%| O|  |TAMS 0x0000000085300000| PB 0x0000000085300000| Untracked 
|  84|0x0000000085400000, 0x0000000085500000, 0x0000000085500000|100%| O|  |TAMS 0x0000000085400000| PB 0x0000000085400000| Untracked 
|  85|0x0000000085500000, 0x0000000085600000, 0x0000000085600000|100%| O|  |TAMS 0x0000000085500000| PB 0x0000000085500000| Untracked 
|  86|0x0000000085600000, 0x0000000085700000, 0x0000000085700000|100%| O|Cm|TAMS 0x0000000085600000| PB 0x0000000085600000| Complete 
|  87|0x0000000085700000, 0x0000000085800000, 0x0000000085800000|100%| O|  |TAMS 0x0000000085700000| PB 0x0000000085700000| Untracked 
|  88|0x0000000085800000, 0x0000000085900000, 0x0000000085900000|100%| O|  |TAMS 0x0000000085800000| PB 0x0000000085800000| Untracked 
|  89|0x0000000085900000, 0x0000000085a00000, 0x0000000085a00000|100%| O|  |TAMS 0x0000000085900000| PB 0x0000000085900000| Untracked 
|  90|0x0000000085a00000, 0x0000000085b00000, 0x0000000085b00000|100%| O|Cm|TAMS 0x0000000085a00000| PB 0x0000000085a00000| Complete 
|  91|0x0000000085b00000, 0x0000000085c00000, 0x0000000085c00000|100%| O|  |TAMS 0x0000000085b00000| PB 0x0000000085b00000| Untracked 
|  92|0x0000000085c00000, 0x0000000085d00000, 0x0000000085d00000|100%| O|  |TAMS 0x0000000085c00000| PB 0x0000000085c00000| Untracked 
|  93|0x0000000085d00000, 0x0000000085e00000, 0x0000000085e00000|100%| O|  |TAMS 0x0000000085d00000| PB 0x0000000085d00000| Untracked 
|  94|0x0000000085e00000, 0x0000000085e00000, 0x0000000085f00000|  0%| F|  |TAMS 0x0000000085e00000| PB 0x0000000085e00000| Untracked 
|  95|0x0000000085f00000, 0x0000000085f00000, 0x0000000086000000|  0%| F|  |TAMS 0x0000000085f00000| PB 0x0000000085f00000| Untracked 
|  96|0x0000000086000000, 0x0000000086100000, 0x0000000086100000|100%| O|  |TAMS 0x0000000086000000| PB 0x0000000086000000| Untracked 
|  97|0x0000000086100000, 0x0000000086200000, 0x0000000086200000|100%| O|  |TAMS 0x0000000086100000| PB 0x0000000086100000| Untracked 
|  98|0x0000000086200000, 0x0000000086300000, 0x0000000086300000|100%| O|  |TAMS 0x0000000086200000| PB 0x0000000086200000| Untracked 
|  99|0x0000000086300000, 0x0000000086400000, 0x0000000086400000|100%| O|  |TAMS 0x0000000086300000| PB 0x0000000086300000| Untracked 
| 100|0x0000000086400000, 0x0000000086500000, 0x0000000086500000|100%| O|  |TAMS 0x0000000086400000| PB 0x0000000086400000| Untracked 
| 101|0x0000000086500000, 0x0000000086600000, 0x0000000086600000|100%| O|  |TAMS 0x0000000086500000| PB 0x0000000086500000| Untracked 
| 102|0x0000000086600000, 0x0000000086700000, 0x0000000086700000|100%| O|  |TAMS 0x0000000086600000| PB 0x0000000086600000| Untracked 
| 103|0x0000000086700000, 0x0000000086700000, 0x0000000086800000|  0%| F|  |TAMS 0x0000000086700000| PB 0x0000000086700000| Untracked 
| 104|0x0000000086800000, 0x0000000086800000, 0x0000000086900000|  0%| F|  |TAMS 0x0000000086800000| PB 0x0000000086800000| Untracked 
| 105|0x0000000086900000, 0x0000000086900000, 0x0000000086a00000|  0%| F|  |TAMS 0x0000000086900000| PB 0x0000000086900000| Untracked 
| 106|0x0000000086a00000, 0x0000000086a00000, 0x0000000086b00000|  0%| F|  |TAMS 0x0000000086a00000| PB 0x0000000086a00000| Untracked 
| 107|0x0000000086b00000, 0x0000000086b00000, 0x0000000086c00000|  0%| F|  |TAMS 0x0000000086b00000| PB 0x0000000086b00000| Untracked 
| 108|0x0000000086c00000, 0x0000000086c66b80, 0x0000000086d00000| 40%| O|  |TAMS 0x0000000086c00000| PB 0x0000000086c00000| Untracked 
| 109|0x0000000086d00000, 0x0000000086d00000, 0x0000000086e00000|  0%| F|  |TAMS 0x0000000086d00000| PB 0x0000000086d00000| Untracked 
| 110|0x0000000086e00000, 0x0000000086e00000, 0x0000000086f00000|  0%| F|  |TAMS 0x0000000086e00000| PB 0x0000000086e00000| Untracked 
| 111|0x0000000086f00000, 0x0000000086f00000, 0x0000000087000000|  0%| F|  |TAMS 0x0000000086f00000| PB 0x0000000086f00000| Untracked 
| 112|0x0000000087000000, 0x0000000087000000, 0x0000000087100000|  0%| F|  |TAMS 0x0000000087000000| PB 0x0000000087000000| Untracked 
| 113|0x0000000087100000, 0x0000000087100000, 0x0000000087200000|  0%| F|  |TAMS 0x0000000087100000| PB 0x0000000087100000| Untracked 
| 114|0x0000000087200000, 0x0000000087200000, 0x0000000087300000|  0%| F|  |TAMS 0x0000000087200000| PB 0x0000000087200000| Untracked 
| 115|0x0000000087300000, 0x0000000087300000, 0x0000000087400000|  0%| F|  |TAMS 0x0000000087300000| PB 0x0000000087300000| Untracked 
| 116|0x0000000087400000, 0x0000000087400000, 0x0000000087500000|  0%| F|  |TAMS 0x0000000087400000| PB 0x0000000087400000| Untracked 
| 117|0x0000000087500000, 0x0000000087500000, 0x0000000087600000|  0%| F|  |TAMS 0x0000000087500000| PB 0x0000000087500000| Untracked 
| 118|0x0000000087600000, 0x0000000087600000, 0x0000000087700000|  0%| F|  |TAMS 0x0000000087600000| PB 0x0000000087600000| Untracked 
| 119|0x0000000087700000, 0x0000000087700000, 0x0000000087800000|  0%| F|  |TAMS 0x0000000087700000| PB 0x0000000087700000| Untracked 
| 120|0x0000000087800000, 0x000000008784a190, 0x0000000087900000| 28%| S|CS|TAMS 0x0000000087800000| PB 0x0000000087800000| Complete 
| 121|0x0000000087900000, 0x0000000087a00000, 0x0000000087a00000|100%| S|CS|TAMS 0x0000000087900000| PB 0x0000000087900000| Complete 
| 122|0x0000000087a00000, 0x0000000087b00000, 0x0000000087b00000|100%| S|CS|TAMS 0x0000000087a00000| PB 0x0000000087a00000| Complete 
| 123|0x0000000087b00000, 0x0000000087c00000, 0x0000000087c00000|100%| S|CS|TAMS 0x0000000087b00000| PB 0x0000000087b00000| Complete 
| 124|0x0000000087c00000, 0x0000000087d00000, 0x0000000087d00000|100%| S|CS|TAMS 0x0000000087c00000| PB 0x0000000087c00000| Complete 
| 125|0x0000000087d00000, 0x0000000087d00000, 0x0000000087e00000|  0%| F|  |TAMS 0x0000000087d00000| PB 0x0000000087d00000| Untracked 
| 126|0x0000000087e00000, 0x0000000087e00000, 0x0000000087f00000|  0%| F|  |TAMS 0x0000000087e00000| PB 0x0000000087e00000| Untracked 
| 127|0x0000000087f00000, 0x0000000087f00000, 0x0000000088000000|  0%| F|  |TAMS 0x0000000087f00000| PB 0x0000000087f00000| Untracked 
| 128|0x0000000088000000, 0x0000000088000000, 0x0000000088100000|  0%| F|  |TAMS 0x0000000088000000| PB 0x0000000088000000| Untracked 
| 129|0x0000000088100000, 0x0000000088100000, 0x0000000088200000|  0%| F|  |TAMS 0x0000000088100000| PB 0x0000000088100000| Untracked 
| 130|0x0000000088200000, 0x0000000088200000, 0x0000000088300000|  0%| F|  |TAMS 0x0000000088200000| PB 0x0000000088200000| Untracked 
| 131|0x0000000088300000, 0x0000000088300000, 0x0000000088400000|  0%| F|  |TAMS 0x0000000088300000| PB 0x0000000088300000| Untracked 
| 132|0x0000000088400000, 0x0000000088400000, 0x0000000088500000|  0%| F|  |TAMS 0x0000000088400000| PB 0x0000000088400000| Untracked 
| 133|0x0000000088500000, 0x0000000088500000, 0x0000000088600000|  0%| F|  |TAMS 0x0000000088500000| PB 0x0000000088500000| Untracked 
| 134|0x0000000088600000, 0x0000000088600000, 0x0000000088700000|  0%| F|  |TAMS 0x0000000088600000| PB 0x0000000088600000| Untracked 
| 135|0x0000000088700000, 0x0000000088700000, 0x0000000088800000|  0%| F|  |TAMS 0x0000000088700000| PB 0x0000000088700000| Untracked 
| 136|0x0000000088800000, 0x0000000088800000, 0x0000000088900000|  0%| F|  |TAMS 0x0000000088800000| PB 0x0000000088800000| Untracked 
| 137|0x0000000088900000, 0x0000000088900000, 0x0000000088a00000|  0%| F|  |TAMS 0x0000000088900000| PB 0x0000000088900000| Untracked 
| 138|0x0000000088a00000, 0x0000000088a00000, 0x0000000088b00000|  0%| F|  |TAMS 0x0000000088a00000| PB 0x0000000088a00000| Untracked 
| 139|0x0000000088b00000, 0x0000000088c00000, 0x0000000088c00000|100%| E|  |TAMS 0x0000000088b00000| PB 0x0000000088b00000| Complete 
| 140|0x0000000088c00000, 0x0000000088d00000, 0x0000000088d00000|100%| E|CS|TAMS 0x0000000088c00000| PB 0x0000000088c00000| Complete 
| 141|0x0000000088d00000, 0x0000000088e00000, 0x0000000088e00000|100%| E|CS|TAMS 0x0000000088d00000| PB 0x0000000088d00000| Complete 
| 142|0x0000000088e00000, 0x0000000088f00000, 0x0000000088f00000|100%| E|CS|TAMS 0x0000000088e00000| PB 0x0000000088e00000| Complete 
| 143|0x0000000088f00000, 0x0000000089000000, 0x0000000089000000|100%| E|CS|TAMS 0x0000000088f00000| PB 0x0000000088f00000| Complete 
| 144|0x0000000089000000, 0x0000000089100000, 0x0000000089100000|100%| E|CS|TAMS 0x0000000089000000| PB 0x0000000089000000| Complete 
| 145|0x0000000089100000, 0x0000000089200000, 0x0000000089200000|100%| E|CS|TAMS 0x0000000089100000| PB 0x0000000089100000| Complete 
| 146|0x0000000089200000, 0x0000000089300000, 0x0000000089300000|100%| E|CS|TAMS 0x0000000089200000| PB 0x0000000089200000| Complete 
| 147|0x0000000089300000, 0x0000000089400000, 0x0000000089400000|100%| E|CS|TAMS 0x0000000089300000| PB 0x0000000089300000| Complete 
| 148|0x0000000089400000, 0x0000000089500000, 0x0000000089500000|100%| E|CS|TAMS 0x0000000089400000| PB 0x0000000089400000| Complete 
| 149|0x0000000089500000, 0x0000000089600000, 0x0000000089600000|100%| E|CS|TAMS 0x0000000089500000| PB 0x0000000089500000| Complete 
| 150|0x0000000089600000, 0x0000000089700000, 0x0000000089700000|100%| E|CS|TAMS 0x0000000089600000| PB 0x0000000089600000| Complete 
| 151|0x0000000089700000, 0x0000000089800000, 0x0000000089800000|100%| E|CS|TAMS 0x0000000089700000| PB 0x0000000089700000| Complete 
| 152|0x0000000089800000, 0x0000000089900000, 0x0000000089900000|100%| E|CS|TAMS 0x0000000089800000| PB 0x0000000089800000| Complete 
| 153|0x0000000089900000, 0x0000000089a00000, 0x0000000089a00000|100%| E|CS|TAMS 0x0000000089900000| PB 0x0000000089900000| Complete 
| 154|0x0000000089a00000, 0x0000000089b00000, 0x0000000089b00000|100%| E|CS|TAMS 0x0000000089a00000| PB 0x0000000089a00000| Complete 
| 155|0x0000000089b00000, 0x0000000089c00000, 0x0000000089c00000|100%| E|CS|TAMS 0x0000000089b00000| PB 0x0000000089b00000| Complete 
| 156|0x0000000089c00000, 0x0000000089d00000, 0x0000000089d00000|100%| E|CS|TAMS 0x0000000089c00000| PB 0x0000000089c00000| Complete 
| 157|0x0000000089d00000, 0x0000000089e00000, 0x0000000089e00000|100%| E|CS|TAMS 0x0000000089d00000| PB 0x0000000089d00000| Complete 
| 158|0x0000000089e00000, 0x0000000089f00000, 0x0000000089f00000|100%| E|CS|TAMS 0x0000000089e00000| PB 0x0000000089e00000| Complete 
| 159|0x0000000089f00000, 0x000000008a000000, 0x000000008a000000|100%| E|CS|TAMS 0x0000000089f00000| PB 0x0000000089f00000| Complete 
| 160|0x000000008a000000, 0x000000008a100000, 0x000000008a100000|100%| E|CS|TAMS 0x000000008a000000| PB 0x000000008a000000| Complete 
| 161|0x000000008a100000, 0x000000008a200000, 0x000000008a200000|100%| E|CS|TAMS 0x000000008a100000| PB 0x000000008a100000| Complete 
| 162|0x000000008a200000, 0x000000008a300000, 0x000000008a300000|100%| E|CS|TAMS 0x000000008a200000| PB 0x000000008a200000| Complete 
| 163|0x000000008a300000, 0x000000008a400000, 0x000000008a400000|100%| E|CS|TAMS 0x000000008a300000| PB 0x000000008a300000| Complete 
| 164|0x000000008a400000, 0x000000008a500000, 0x000000008a500000|100%| E|CS|TAMS 0x000000008a400000| PB 0x000000008a400000| Complete 
| 165|0x000000008a500000, 0x000000008a600000, 0x000000008a600000|100%| E|CS|TAMS 0x000000008a500000| PB 0x000000008a500000| Complete 
| 166|0x000000008a600000, 0x000000008a700000, 0x000000008a700000|100%| E|CS|TAMS 0x000000008a600000| PB 0x000000008a600000| Complete 
| 167|0x000000008a700000, 0x000000008a800000, 0x000000008a800000|100%| E|CS|TAMS 0x000000008a700000| PB 0x000000008a700000| Complete 
| 168|0x000000008a800000, 0x000000008a900000, 0x000000008a900000|100%| E|CS|TAMS 0x000000008a800000| PB 0x000000008a800000| Complete 
| 169|0x000000008a900000, 0x000000008aa00000, 0x000000008aa00000|100%| E|CS|TAMS 0x000000008a900000| PB 0x000000008a900000| Complete 
| 170|0x000000008aa00000, 0x000000008ab00000, 0x000000008ab00000|100%| E|CS|TAMS 0x000000008aa00000| PB 0x000000008aa00000| Complete 
| 171|0x000000008ab00000, 0x000000008ac00000, 0x000000008ac00000|100%| E|CS|TAMS 0x000000008ab00000| PB 0x000000008ab00000| Complete 
| 243|0x000000008f300000, 0x000000008f400000, 0x000000008f400000|100%| E|CS|TAMS 0x000000008f300000| PB 0x000000008f300000| Complete 
|2042|0x00000000ffa00000, 0x00000000ffb00000, 0x00000000ffb00000|100%| O|  |TAMS 0x00000000ffa00000| PB 0x00000000ffa00000| Untracked 
|2043|0x00000000ffb00000, 0x00000000ffc00000, 0x00000000ffc00000|100%| O|  |TAMS 0x00000000ffb00000| PB 0x00000000ffb00000| Untracked 
|2044|0x00000000ffc00000, 0x00000000ffd00000, 0x00000000ffd00000|100%| O|  |TAMS 0x00000000ffc00000| PB 0x00000000ffc00000| Untracked 
|2045|0x00000000ffd00000, 0x00000000ffe00000, 0x00000000ffe00000|100%| O|  |TAMS 0x00000000ffd00000| PB 0x00000000ffd00000| Untracked 
|2046|0x00000000ffe00000, 0x00000000fff00000, 0x00000000fff00000|100%| O|  |TAMS 0x00000000ffe00000| PB 0x00000000ffe00000| Untracked 
|2047|0x00000000fff00000, 0x0000000100000000, 0x0000000100000000|100%| O|  |TAMS 0x00000000fff00000| PB 0x00000000fff00000| Untracked 

Card table byte_map: [0x000001f97faf0000,0x000001f97fef0000] _byte_map_base: 0x000001f97f6f0000

Marking Bits: (CMBitMap*) 0x000001f97bfeb8f0
 Bits: [0x000001f90f000000, 0x000001f911000000)

Polling page: 0x000001f979f60000

Metaspace:

Usage:
  Non-class:     91.73 MB used.
      Class:     15.30 MB used.
       Both:    107.03 MB used.

Virtual space:
  Non-class space:      128.00 MB reserved,      93.06 MB ( 73%) committed,  2 nodes.
      Class space:        1.00 GB reserved,      16.50 MB (  2%) committed,  1 nodes.
             Both:        1.12 GB reserved,     109.56 MB ( 10%) committed. 

Chunk freelists:
   Non-Class:  2.99 MB
       Class:  15.38 MB
        Both:  18.37 MB

MaxMetaspaceSize: unlimited
CompressedClassSpaceSize: 1.00 GB
Initial GC threshold: 21.00 MB
Current GC threshold: 180.31 MB
CDS: on
 - commit_granule_bytes: 65536.
 - commit_granule_words: 8192.
 - virtual_space_node_default_size: 8388608.
 - enlarge_chunks_in_place: 1.
 - use_allocation_guard: 0.


Internal statistics:

num_allocs_failed_limit: 6.
num_arena_births: 4600.
num_arena_deaths: 0.
num_vsnodes_births: 3.
num_vsnodes_deaths: 0.
num_space_committed: 1753.
num_space_uncommitted: 0.
num_chunks_returned_to_freelist: 6.
num_chunks_taken_from_freelist: 9618.
num_chunk_merges: 6.
num_chunk_splits: 6453.
num_chunks_enlarged: 4231.
num_inconsistent_stats: 0.

CodeHeap 'non-profiled nmethods': size=120000Kb used=7283Kb max_used=7283Kb free=112716Kb
 bounds [0x000001f907ad0000, 0x000001f9081f0000, 0x000001f90f000000]
CodeHeap 'profiled nmethods': size=120000Kb used=22878Kb max_used=22878Kb free=97121Kb
 bounds [0x000001f900000000, 0x000001f901660000, 0x000001f907530000]
CodeHeap 'non-nmethods': size=5760Kb used=2022Kb max_used=2101Kb free=3738Kb
 bounds [0x000001f907530000, 0x000001f9077a0000, 0x000001f907ad0000]
CodeCache: size=245760Kb, used=32183Kb, max_used=32262Kb, free=213575Kb
 total_blobs=12940, nmethods=12061, adapters=782, full_count=0
Compilation: enabled, stopped_count=0, restarted_count=0

Compilation events (20 events):
Event: 13.437 Thread 0x000001f913bdbf80 14214       3       org.gradle.internal.instantiation.generator.AsmBackedClassGenerator$ClassBuilderImpl::lambda$addDynamicMethods$15 (11 bytes)
Event: 13.437 Thread 0x000001f913bdbf80 nmethod 14214 0x000001f90164c190 code [0x000001f90164c340, 0x000001f90164c4e8]
Event: 13.437 Thread 0x000001f913bdbf80 14215       3       org.gradle.internal.instantiation.generator.AsmBackedClassGenerator$ClassBuilderImpl$16::<init> (53 bytes)
Event: 13.437 Thread 0x000001f913bdbf80 nmethod 14215 0x000001f90164c590 code [0x000001f90164c840, 0x000001f90164d750]
Event: 13.437 Thread 0x000001f95c9a5010 14216       4       org.gradle.api.internal.provider.DefaultMapProperty::put (30 bytes)
Event: 13.439 Thread 0x000001f913bdbf80 14217       3       org.gradle.internal.instantiation.generator.AsmBackedClassGenerator$ClassBuilderImpl$$Lambda/0x000001f9151e39d0::emit (9 bytes)
Event: 13.440 Thread 0x000001f913bdbf80 nmethod 14217 0x000001f90164dc90 code [0x000001f90164de40, 0x000001f90164e048]
Event: 13.440 Thread 0x000001f913bdbf80 14219       3       org.gradle.internal.instantiation.generator.AsmBackedClassGenerator$ClassBuilderImpl$9::<init> (100 bytes)
Event: 13.441 Thread 0x000001f913bdbf80 nmethod 14219 0x000001f90164e190 code [0x000001f90164e500, 0x000001f90164fcf8]
Event: 13.441 Thread 0x000001f913bdbf80 14218       3       org.gradle.internal.instantiation.generator.AsmBackedClassGenerator$ClassBuilderImpl::lambda$mixInConventionAware$8 (11 bytes)
Event: 13.441 Thread 0x000001f913bdbf80 nmethod 14218 0x000001f901650490 code [0x000001f901650640, 0x000001f9016507e8]
Event: 13.441 Thread 0x000001f913bdbf80 14220       3       org.gradle.internal.instantiation.generator.AsmBackedClassGenerator$ClassBuilderImpl::access$7300 (4 bytes)
Event: 13.441 Thread 0x000001f913bdbf80 nmethod 14220 0x000001f901650890 code [0x000001f901650a20, 0x000001f901650b18]
Event: 13.441 Thread 0x000001f913bdbf80 14221       3       org.gradle.api.internal.artifacts.configurations.DefaultConfiguration$ConfigurationResolutionAccess::getPublicView (44 bytes)
Event: 13.442 Thread 0x000001f913bdbf80 nmethod 14221 0x000001f901650b90 code [0x000001f901650d40, 0x000001f901650f80]
Event: 13.442 Thread 0x000001f913bdbf80 14222       3       org.gradle.api.internal.artifacts.resolver.DefaultResolutionOutputs::<init> (38 bytes)
Event: 13.442 Thread 0x000001f913bdbf80 nmethod 14222 0x000001f901651090 code [0x000001f901651240, 0x000001f9016515d8]
Event: 13.465 Thread 0x000001f95c9a5010 nmethod 14216 0x000001f9081e9f10 code [0x000001f9081ea1c0, 0x000001f9081eb688]
Event: 13.497 Thread 0x000001f913bdbf80 14223   !   3       com.google.common.collect.MapMakerInternalMap$Segment::put (298 bytes)
Event: 13.501 Thread 0x000001f913bdbf80 nmethod 14223 0x000001f901651690 code [0x000001f901651d20, 0x000001f901655a80]

GC Heap History (20 events):
Event: 9.351 GC heap before
{Heap before GC invocations=32 (full 0):
 garbage-first heap   total 150528K, used 131402K [0x0000000080000000, 0x0000000100000000)
  region size 1024K, 52 young (53248K), 5 survivors (5120K)
 Metaspace       used 86058K, committed 88448K, reserved 1179648K
  class space    used 12465K, committed 13632K, reserved 1048576K
}
Event: 9.355 GC heap after
{Heap after GC invocations=33 (full 0):
 garbage-first heap   total 150528K, used 89542K [0x0000000080000000, 0x0000000100000000)
  region size 1024K, 7 young (7168K), 7 survivors (7168K)
 Metaspace       used 86058K, committed 88448K, reserved 1179648K
  class space    used 12465K, committed 13632K, reserved 1048576K
}
Event: 9.725 GC heap before
{Heap before GC invocations=33 (full 0):
 garbage-first heap   total 150528K, used 134598K [0x0000000080000000, 0x0000000100000000)
  region size 1024K, 51 young (52224K), 7 survivors (7168K)
 Metaspace       used 87142K, committed 89600K, reserved 1179648K
  class space    used 12650K, committed 13824K, reserved 1048576K
}
Event: 9.729 GC heap after
{Heap after GC invocations=34 (full 0):
 garbage-first heap   total 150528K, used 91056K [0x0000000080000000, 0x0000000100000000)
  region size 1024K, 3 young (3072K), 3 survivors (3072K)
 Metaspace       used 87142K, committed 89600K, reserved 1179648K
  class space    used 12650K, committed 13824K, reserved 1048576K
}
Event: 10.094 GC heap before
{Heap before GC invocations=34 (full 0):
 garbage-first heap   total 150528K, used 136112K [0x0000000080000000, 0x0000000100000000)
  region size 1024K, 47 young (48128K), 3 survivors (3072K)
 Metaspace       used 89518K, committed 91968K, reserved 1179648K
  class space    used 12892K, committed 14080K, reserved 1048576K
}
Event: 10.097 GC heap after
{Heap after GC invocations=35 (full 0):
 garbage-first heap   total 150528K, used 93694K [0x0000000080000000, 0x0000000100000000)
  region size 1024K, 5 young (5120K), 5 survivors (5120K)
 Metaspace       used 89518K, committed 91968K, reserved 1179648K
  class space    used 12892K, committed 14080K, reserved 1048576K
}
Event: 10.468 GC heap before
{Heap before GC invocations=36 (full 0):
 garbage-first heap   total 157696K, used 138750K [0x0000000080000000, 0x0000000100000000)
  region size 1024K, 48 young (49152K), 5 survivors (5120K)
 Metaspace       used 93449K, committed 95936K, reserved 1179648K
  class space    used 13376K, committed 14592K, reserved 1048576K
}
Event: 10.471 GC heap after
{Heap after GC invocations=37 (full 0):
 garbage-first heap   total 157696K, used 95218K [0x0000000080000000, 0x0000000100000000)
  region size 1024K, 5 young (5120K), 5 survivors (5120K)
 Metaspace       used 93449K, committed 95936K, reserved 1179648K
  class space    used 13376K, committed 14592K, reserved 1048576K
}
Event: 10.744 GC heap before
{Heap before GC invocations=37 (full 0):
 garbage-first heap   total 157696K, used 148466K [0x0000000080000000, 0x0000000100000000)
  region size 1024K, 53 young (54272K), 5 survivors (5120K)
 Metaspace       used 96485K, committed 98944K, reserved 1179648K
  class space    used 13778K, committed 14976K, reserved 1048576K
}
Event: 10.748 GC heap after
{Heap after GC invocations=38 (full 0):
 garbage-first heap   total 160768K, used 99294K [0x0000000080000000, 0x0000000100000000)
  region size 1024K, 7 young (7168K), 7 survivors (7168K)
 Metaspace       used 96485K, committed 98944K, reserved 1179648K
  class space    used 13778K, committed 14976K, reserved 1048576K
}
Event: 11.092 GC heap before
{Heap before GC invocations=38 (full 0):
 garbage-first heap   total 160768K, used 145374K [0x0000000080000000, 0x0000000100000000)
  region size 1024K, 53 young (54272K), 7 survivors (7168K)
 Metaspace       used 100049K, committed 102528K, reserved 1179648K
  class space    used 14218K, committed 15424K, reserved 1048576K
}
Event: 11.095 GC heap after
{Heap after GC invocations=39 (full 0):
 garbage-first heap   total 160768K, used 102001K [0x0000000080000000, 0x0000000100000000)
  region size 1024K, 3 young (3072K), 3 survivors (3072K)
 Metaspace       used 100049K, committed 102528K, reserved 1179648K
  class space    used 14218K, committed 15424K, reserved 1048576K
}
Event: 11.439 GC heap before
{Heap before GC invocations=40 (full 0):
 garbage-first heap   total 171008K, used 149105K [0x0000000080000000, 0x0000000100000000)
  region size 1024K, 49 young (50176K), 3 survivors (3072K)
 Metaspace       used 104049K, committed 106560K, reserved 1179648K
  class space    used 14884K, committed 16128K, reserved 1048576K
}
Event: 11.441 GC heap after
{Heap after GC invocations=41 (full 0):
 garbage-first heap   total 171008K, used 103185K [0x0000000080000000, 0x0000000100000000)
  region size 1024K, 4 young (4096K), 4 survivors (4096K)
 Metaspace       used 104049K, committed 106560K, reserved 1179648K
  class space    used 14884K, committed 16128K, reserved 1048576K
}
Event: 11.938 GC heap before
{Heap before GC invocations=41 (full 0):
 garbage-first heap   total 171008K, used 158481K [0x0000000080000000, 0x0000000100000000)
  region size 1024K, 58 young (59392K), 4 survivors (4096K)
 Metaspace       used 107761K, committed 110272K, reserved 1179648K
  class space    used 15456K, committed 16704K, reserved 1048576K
}
Event: 11.943 GC heap after
{Heap after GC invocations=42 (full 0):
 garbage-first heap   total 171008K, used 103893K [0x0000000080000000, 0x0000000100000000)
  region size 1024K, 7 young (7168K), 7 survivors (7168K)
 Metaspace       used 107761K, committed 110272K, reserved 1179648K
  class space    used 15456K, committed 16704K, reserved 1048576K
}
Event: 12.427 GC heap before
{Heap before GC invocations=42 (full 0):
 garbage-first heap   total 171008K, used 157141K [0x0000000080000000, 0x0000000100000000)
  region size 1024K, 60 young (61440K), 7 survivors (7168K)
 Metaspace       used 108171K, committed 110720K, reserved 1179648K
  class space    used 15474K, committed 16704K, reserved 1048576K
}
Event: 12.432 GC heap after
{Heap after GC invocations=43 (full 0):
 garbage-first heap   total 171008K, used 108761K [0x0000000080000000, 0x0000000100000000)
  region size 1024K, 8 young (8192K), 8 survivors (8192K)
 Metaspace       used 108171K, committed 110720K, reserved 1179648K
  class space    used 15474K, committed 16704K, reserved 1048576K
}
Event: 12.930 GC heap before
{Heap before GC invocations=44 (full 0):
 garbage-first heap   total 183296K, used 157913K [0x0000000080000000, 0x0000000100000000)
  region size 1024K, 56 young (57344K), 8 survivors (8192K)
 Metaspace       used 108403K, committed 110912K, reserved 1179648K
  class space    used 15486K, committed 16704K, reserved 1048576K
}
Event: 12.935 GC heap after
{Heap after GC invocations=45 (full 0):
 garbage-first heap   total 183296K, used 113347K [0x0000000080000000, 0x0000000100000000)
  region size 1024K, 5 young (5120K), 5 survivors (5120K)
 Metaspace       used 108403K, committed 110912K, reserved 1179648K
  class space    used 15486K, committed 16704K, reserved 1048576K
}

Dll operation events (14 events):
Event: 0.005 Loaded shared library C:\Users\ssrry\.vscode\extensions\redhat.java-1.54.0-win32-x64\jre\21.0.10-win32-x86_64\bin\java.dll
Event: 0.027 Loaded shared library C:\Users\ssrry\.vscode\extensions\redhat.java-1.54.0-win32-x64\jre\21.0.10-win32-x86_64\bin\zip.dll
Event: 0.077 Loaded shared library C:\Users\ssrry\.vscode\extensions\redhat.java-1.54.0-win32-x64\jre\21.0.10-win32-x86_64\bin\instrument.dll
Event: 0.081 Loaded shared library C:\Users\ssrry\.vscode\extensions\redhat.java-1.54.0-win32-x64\jre\21.0.10-win32-x86_64\bin\net.dll
Event: 0.082 Loaded shared library C:\Users\ssrry\.vscode\extensions\redhat.java-1.54.0-win32-x64\jre\21.0.10-win32-x86_64\bin\nio.dll
Event: 0.085 Loaded shared library C:\Users\ssrry\.vscode\extensions\redhat.java-1.54.0-win32-x64\jre\21.0.10-win32-x86_64\bin\zip.dll
Event: 0.248 Loaded shared library C:\Users\ssrry\.vscode\extensions\redhat.java-1.54.0-win32-x64\jre\21.0.10-win32-x86_64\bin\jimage.dll
Event: 0.378 Loaded shared library C:\Users\ssrry\.vscode\extensions\redhat.java-1.54.0-win32-x64\jre\21.0.10-win32-x86_64\bin\verify.dll
Event: 0.399 Loaded shared library C:\Users\ssrry\.gradle\native\1def1411415f61bf3af743bc5b6707747c0891f09f0c88961ee8f79bc544acac\windows-amd64\native-platform.dll
Event: 0.407 Loaded shared library C:\Users\ssrry\.gradle\native\0.2.8\x86_64-windows-gnu\gradle-fileevents.dll
Event: 1.068 Loaded shared library C:\Users\ssrry\.vscode\extensions\redhat.java-1.54.0-win32-x64\jre\21.0.10-win32-x86_64\bin\management.dll
Event: 1.071 Loaded shared library C:\Users\ssrry\.vscode\extensions\redhat.java-1.54.0-win32-x64\jre\21.0.10-win32-x86_64\bin\management_ext.dll
Event: 1.172 Loaded shared library C:\Users\ssrry\.vscode\extensions\redhat.java-1.54.0-win32-x64\jre\21.0.10-win32-x86_64\bin\extnet.dll
Event: 1.299 Loaded shared library C:\Users\ssrry\.vscode\extensions\redhat.java-1.54.0-win32-x64\jre\21.0.10-win32-x86_64\bin\sunmscapi.dll

Deoptimization events (20 events):
Event: 13.281 Thread 0x000001f95a908b60 Uncommon trap: trap_request=0xffffffd6 fr.pc=0x000001f9081da840 relative=0x0000000000001ae0
Event: 13.281 Thread 0x000001f95a908b60 Uncommon trap: reason=array_check action=maybe_recompile pc=0x000001f9081da840 method=java.util.TimSort.binarySort([Ljava/lang/Object;IIILjava/util/Comparator;)V @ 193 c2
Event: 13.281 Thread 0x000001f95a908b60 DEOPT PACKING pc=0x000001f9081da840 sp=0x0000008adf8fa090
Event: 13.281 Thread 0x000001f95a908b60 DEOPT UNPACKING pc=0x000001f907584422 sp=0x0000008adf8f9f90 mode 2
Event: 13.300 Thread 0x000001f95a908b60 Uncommon trap: trap_request=0xffffffd6 fr.pc=0x000001f9081d8520 relative=0x00000000000008c0
Event: 13.300 Thread 0x000001f95a908b60 Uncommon trap: reason=array_check action=maybe_recompile pc=0x000001f9081d8520 method=java.util.TimSort.binarySort([Ljava/lang/Object;IIILjava/util/Comparator;)V @ 193 c2
Event: 13.300 Thread 0x000001f95a908b60 DEOPT PACKING pc=0x000001f9081d8520 sp=0x0000008adf8f9fa0
Event: 13.300 Thread 0x000001f95a908b60 DEOPT UNPACKING pc=0x000001f907584422 sp=0x0000008adf8f9f80 mode 2
Event: 13.427 Thread 0x000001f95a908b60 Uncommon trap: trap_request=0xffffff45 fr.pc=0x000001f90808e290 relative=0x0000000000000070
Event: 13.427 Thread 0x000001f95a908b60 Uncommon trap: reason=unstable_if action=reinterpret pc=0x000001f90808e290 method=org.gradle.api.internal.provider.ValueSupplier$Present.runSideEffect()V @ 4 c2
Event: 13.427 Thread 0x000001f95a908b60 DEOPT PACKING pc=0x000001f90808e290 sp=0x0000008adf8fa7b0
Event: 13.427 Thread 0x000001f95a908b60 DEOPT UNPACKING pc=0x000001f907584422 sp=0x0000008adf8fa6e8 mode 2
Event: 13.438 Thread 0x000001f95a908b60 Uncommon trap: trap_request=0xffffffd6 fr.pc=0x000001f9081e326c relative=0x000000000000198c
Event: 13.438 Thread 0x000001f95a908b60 Uncommon trap: reason=array_check action=maybe_recompile pc=0x000001f9081e326c method=java.util.TimSort.reverseRange([Ljava/lang/Object;II)V @ 20 c2
Event: 13.438 Thread 0x000001f95a908b60 DEOPT PACKING pc=0x000001f9081e326c sp=0x0000008adf8f9c10
Event: 13.438 Thread 0x000001f95a908b60 DEOPT UNPACKING pc=0x000001f907584422 sp=0x0000008adf8f9ab8 mode 2
Event: 13.438 Thread 0x000001f95a908b60 Uncommon trap: trap_request=0xffffffd6 fr.pc=0x000001f9081e326c relative=0x000000000000198c
Event: 13.438 Thread 0x000001f95a908b60 Uncommon trap: reason=array_check action=maybe_recompile pc=0x000001f9081e326c method=java.util.TimSort.reverseRange([Ljava/lang/Object;II)V @ 20 c2
Event: 13.438 Thread 0x000001f95a908b60 DEOPT PACKING pc=0x000001f9081e326c sp=0x0000008adf8f9c10
Event: 13.438 Thread 0x000001f95a908b60 DEOPT UNPACKING pc=0x000001f907584422 sp=0x0000008adf8f9ab8 mode 2

Classes loaded (20 events):
Event: 9.361 Loading class java/util/concurrent/ConcurrentLinkedQueue$Itr
Event: 9.361 Loading class java/util/concurrent/ConcurrentLinkedQueue$Itr done
Event: 9.382 Loading class sun/reflect/misc/MethodUtil
Event: 9.382 Loading class sun/reflect/misc/MethodUtil done
Event: 9.382 Loading class sun/reflect/misc/MethodUtil$1
Event: 9.382 Loading class sun/reflect/misc/MethodUtil$1 done
Event: 9.475 Loading class java/time/Instant$1
Event: 9.475 Loading class java/time/Instant$1 done
Event: 9.491 Loading class java/util/concurrent/LinkedBlockingDeque$Itr
Event: 9.491 Loading class java/util/concurrent/LinkedBlockingDeque$AbstractItr
Event: 9.491 Loading class java/util/concurrent/LinkedBlockingDeque$AbstractItr done
Event: 9.491 Loading class java/util/concurrent/LinkedBlockingDeque$Itr done
Event: 9.511 Loading class java/util/concurrent/CompletableFuture$AsyncRun
Event: 9.511 Loading class java/util/concurrent/CompletableFuture$AsyncRun done
Event: 9.534 Loading class java/util/concurrent/CompletableFuture$Signaller
Event: 9.534 Loading class java/util/concurrent/CompletableFuture$Signaller done
Event: 9.553 Loading class jdk/internal/math/FormattedFPDecimal
Event: 9.553 Loading class jdk/internal/math/FormattedFPDecimal done
Event: 13.156 Loading class java/util/TreeMap$ValueSpliterator
Event: 13.156 Loading class java/util/TreeMap$ValueSpliterator done

Classes unloaded (0 events):
No events

Classes redefined (0 events):
No events

Internal exceptions (20 events):
Event: 11.933 Thread 0x000001f95a908b60 Exception <a 'sun/nio/fs/WindowsException'{0x0000000086819498}> (0x0000000086819498) 
thrown [s\src\hotspot\share\prims\jni.cpp, line 520]
Event: 11.934 Thread 0x000001f95a908b60 Exception <a 'sun/nio/fs/WindowsException'{0x000000008681a978}> (0x000000008681a978) 
thrown [s\src\hotspot\share\prims\jni.cpp, line 520]
Event: 11.934 Thread 0x000001f95a908b60 Exception <a 'sun/nio/fs/WindowsException'{0x000000008681be48}> (0x000000008681be48) 
thrown [s\src\hotspot\share\prims\jni.cpp, line 520]
Event: 11.934 Thread 0x000001f95a908b60 Exception <a 'sun/nio/fs/WindowsException'{0x000000008681cf10}> (0x000000008681cf10) 
thrown [s\src\hotspot\share\prims\jni.cpp, line 520]
Event: 12.010 Thread 0x000001f95a908b60 Exception <a 'sun/nio/fs/WindowsException'{0x0000000088b985c8}> (0x0000000088b985c8) 
thrown [s\src\hotspot\share\prims\jni.cpp, line 520]
Event: 12.010 Thread 0x000001f95a908b60 Exception <a 'sun/nio/fs/WindowsException'{0x0000000088b99ca0}> (0x0000000088b99ca0) 
thrown [s\src\hotspot\share\prims\jni.cpp, line 520]
Event: 12.010 Thread 0x000001f95a908b60 Exception <a 'sun/nio/fs/WindowsException'{0x0000000088b9bfd8}> (0x0000000088b9bfd8) 
thrown [s\src\hotspot\share\prims\jni.cpp, line 520]
Event: 12.541 Thread 0x000001f95a908b60 Exception <a 'sun/nio/fs/WindowsException'{0x0000000089f3f790}> (0x0000000089f3f790) 
thrown [s\src\hotspot\share\prims\jni.cpp, line 520]
Event: 12.665 Thread 0x000001f95a908b60 Exception <a 'sun/nio/fs/WindowsException'{0x000000008a5b5448}> (0x000000008a5b5448) 
thrown [s\src\hotspot\share\prims\jni.cpp, line 520]
Event: 12.666 Thread 0x000001f95a908b60 Exception <a 'sun/nio/fs/WindowsException'{0x000000008a5b6928}> (0x000000008a5b6928) 
thrown [s\src\hotspot\share\prims\jni.cpp, line 520]
Event: 12.666 Thread 0x000001f95a908b60 Exception <a 'sun/nio/fs/WindowsException'{0x000000008a5b7df8}> (0x000000008a5b7df8) 
thrown [s\src\hotspot\share\prims\jni.cpp, line 520]
Event: 12.666 Thread 0x000001f95a908b60 Exception <a 'sun/nio/fs/WindowsException'{0x000000008a5b8ec0}> (0x000000008a5b8ec0) 
thrown [s\src\hotspot\share\prims\jni.cpp, line 520]
Event: 12.720 Thread 0x000001f95a908b60 Exception <a 'sun/nio/fs/WindowsException'{0x0000000088db6888}> (0x0000000088db6888) 
thrown [s\src\hotspot\share\prims\jni.cpp, line 520]
Event: 12.721 Thread 0x000001f95a908b60 Exception <a 'sun/nio/fs/WindowsException'{0x0000000088db7f60}> (0x0000000088db7f60) 
thrown [s\src\hotspot\share\prims\jni.cpp, line 520]
Event: 12.722 Thread 0x000001f95a908b60 Exception <a 'sun/nio/fs/WindowsException'{0x0000000088dba298}> (0x0000000088dba298) 
thrown [s\src\hotspot\share\prims\jni.cpp, line 520]
Event: 12.736 Thread 0x000001f95a908b60 Implicit null exception at 0x000001f907f0a70c to 0x000001f907f0c174
Event: 12.736 Thread 0x000001f95a908b60 Implicit null exception at 0x000001f908133df8 to 0x000001f9081343ec
Event: 12.736 Thread 0x000001f95a908b60 Implicit null exception at 0x000001f908136870 to 0x000001f908136d04
Event: 12.736 Thread 0x000001f95a908b60 Implicit null exception at 0x000001f907ef9034 to 0x000001f907ef93ac
Event: 13.162 Thread 0x000001f95a908b60 Implicit null exception at 0x000001f908023d8c to 0x000001f90802c44c

ZGC Phase Switch (0 events):
No events

VM Operations (20 events):
Event: 11.722 Executing non-safepoint VM operation: HandshakeAllThreads (Deoptimize)
Event: 11.722 Executing non-safepoint VM operation: HandshakeAllThreads (Deoptimize) done
Event: 11.938 Executing safepoint VM operation: G1CollectForAllocation (G1 Evacuation Pause)
Event: 11.943 Executing safepoint VM operation: G1CollectForAllocation (G1 Evacuation Pause) done
Event: 12.151 Executing safepoint VM operation: ICBufferFull
Event: 12.151 Executing safepoint VM operation: ICBufferFull done
Event: 12.329 Executing safepoint VM operation: ICBufferFull
Event: 12.329 Executing safepoint VM operation: ICBufferFull done
Event: 12.427 Executing safepoint VM operation: G1CollectForAllocation (G1 Evacuation Pause)
Event: 12.432 Executing safepoint VM operation: G1CollectForAllocation (G1 Evacuation Pause) done
Event: 12.484 Executing safepoint VM operation: G1PauseRemark
Event: 12.491 Executing safepoint VM operation: G1PauseRemark done
Event: 12.510 Executing safepoint VM operation: G1PauseCleanup
Event: 12.510 Executing safepoint VM operation: G1PauseCleanup done
Event: 12.872 Executing safepoint VM operation: ICBufferFull
Event: 12.872 Executing safepoint VM operation: ICBufferFull done
Event: 12.913 Executing safepoint VM operation: G1CollectForAllocation (G1 Evacuation Pause)
Event: 12.935 Executing safepoint VM operation: G1CollectForAllocation (G1 Evacuation Pause) done
Event: 13.357 Executing safepoint VM operation: ICBufferFull
Event: 13.357 Executing safepoint VM operation: ICBufferFull done

Memory protections (0 events):
No events

Nmethod flushes (20 events):
Event: 12.489 Thread 0x000001f913b91090 flushing  nmethod 0x000001f900440590
Event: 12.489 Thread 0x000001f913b91090 flushing  nmethod 0x000001f900604b10
Event: 12.489 Thread 0x000001f913b91090 flushing osr nmethod 0x000001f907ddfe90
Event: 12.489 Thread 0x000001f913b91090 flushing  nmethod 0x000001f9001b7410
Event: 12.489 Thread 0x000001f913b91090 flushing  nmethod 0x000001f900308990
Event: 12.489 Thread 0x000001f913b91090 flushing  nmethod 0x000001f90037da10
Event: 12.489 Thread 0x000001f913b91090 flushing  nmethod 0x000001f9003f8510
Event: 12.489 Thread 0x000001f913b91090 flushing  nmethod 0x000001f900673210
Event: 12.489 Thread 0x000001f913b91090 flushing  nmethod 0x000001f900700690
Event: 12.489 Thread 0x000001f913b91090 flushing  nmethod 0x000001f900702710
Event: 12.489 Thread 0x000001f913b91090 flushing  nmethod 0x000001f900703190
Event: 12.489 Thread 0x000001f913b91090 flushing  nmethod 0x000001f900703590
Event: 12.489 Thread 0x000001f913b91090 flushing  nmethod 0x000001f900709390
Event: 12.489 Thread 0x000001f913b91090 flushing  nmethod 0x000001f901286290
Event: 12.489 Thread 0x000001f913b91090 flushing  nmethod 0x000001f901286c90
Event: 12.489 Thread 0x000001f913b91090 flushing  nmethod 0x000001f90128cf10
Event: 12.489 Thread 0x000001f913b91090 flushing  nmethod 0x000001f9080e0a90
Event: 12.489 Thread 0x000001f913b91090 flushing  nmethod 0x000001f900291490
Event: 12.489 Thread 0x000001f913b91090 flushing  nmethod 0x000001f900fda490
Event: 12.489 Thread 0x000001f913b91090 flushing  nmethod 0x000001f900fdf290

Events (20 events):
Event: 12.875 Thread 0x000001f95a908b60 Thread added: 0x000001f95913fb50
Event: 12.876 Thread 0x000001f95a908b60 Thread added: 0x000001f959141c20
Event: 12.876 Thread 0x000001f95a908b60 Thread added: 0x000001f95913e7a0
Event: 12.876 Thread 0x000001f95a908b60 Thread added: 0x000001f9591401e0
Event: 12.876 Thread 0x000001f95a908b60 Thread added: 0x000001f9591422b0
Event: 12.876 Thread 0x000001f95a908b60 Thread added: 0x000001f95e2243e0
Event: 12.876 Thread 0x000001f95a908b60 Thread added: 0x000001f95e2264b0
Event: 12.876 Thread 0x000001f95a908b60 Thread added: 0x000001f95e223030
Event: 12.909 Thread 0x000001f95a908b60 Thread added: 0x000001f95e224a70
Event: 12.909 Thread 0x000001f95a908b60 Thread added: 0x000001f95e225e20
Event: 12.909 Thread 0x000001f95a908b60 Thread added: 0x000001f95e225790
Event: 12.909 Thread 0x000001f95a908b60 Thread added: 0x000001f95e2236c0
Event: 12.910 Thread 0x000001f95a908b60 Thread added: 0x000001f95e223d50
Event: 12.910 Thread 0x000001f95a908b60 Thread added: 0x000001f95e2215f0
Event: 12.910 Thread 0x000001f95a908b60 Thread added: 0x000001f95e222310
Event: 12.910 Thread 0x000001f95a908b60 Thread added: 0x000001f95e225100
Event: 12.911 Thread 0x000001f95a908b60 Thread added: 0x000001f95e2229a0
Event: 12.911 Thread 0x000001f95a908b60 Thread added: 0x000001f95e226b40
Event: 12.911 Thread 0x000001f95a908b60 Thread added: 0x000001f95e2271d0
Event: 13.012 Thread 0x000001f95a908b60 Thread added: 0x000001f95e228580


Dynamic libraries:
0x00007ff7f3310000 - 0x00007ff7f331e000 	C:\Users\ssrry\.vscode\extensions\redhat.java-1.54.0-win32-x64\jre\21.0.10-win32-x86_64\bin\java.exe
0x00007ff8e2450000 - 0x00007ff8e2648000 	C:\Windows\SYSTEM32\ntdll.dll
0x00007ff8e1110000 - 0x00007ff8e11d2000 	C:\Windows\System32\KERNEL32.DLL
0x00007ff8dfce0000 - 0x00007ff8dffd6000 	C:\Windows\System32\KERNELBASE.dll
0x00007ff8e0370000 - 0x00007ff8e0470000 	C:\Windows\System32\ucrtbase.dll
0x00007ff8bb370000 - 0x00007ff8bb388000 	C:\Users\ssrry\.vscode\extensions\redhat.java-1.54.0-win32-x64\jre\21.0.10-win32-x86_64\bin\jli.dll
0x00007ff8b9c30000 - 0x00007ff8b9c4e000 	C:\Users\ssrry\.vscode\extensions\redhat.java-1.54.0-win32-x64\jre\21.0.10-win32-x86_64\bin\VCRUNTIME140.dll
0x00007ff8e06d0000 - 0x00007ff8e0871000 	C:\Windows\System32\USER32.dll
0x00007ff8dfc30000 - 0x00007ff8dfc52000 	C:\Windows\System32\win32u.dll
0x00007ff8d5bd0000 - 0x00007ff8d5e6b000 	C:\Windows\WinSxS\amd64_microsoft.windows.common-controls_6595b64144ccf1df_6.0.19041.6456_none_60b8a6cb71f64256\COMCTL32.dll
0x00007ff8e0fc0000 - 0x00007ff8e0feb000 	C:\Windows\System32\GDI32.dll
0x00007ff8e0470000 - 0x00007ff8e050e000 	C:\Windows\System32\msvcrt.dll
0x00007ff8e00c0000 - 0x00007ff8e01d9000 	C:\Windows\System32\gdi32full.dll
0x00007ff8dfb90000 - 0x00007ff8dfc2d000 	C:\Windows\System32\msvcp_win.dll
0x00007ff8e0970000 - 0x00007ff8e099f000 	C:\Windows\System32\IMM32.DLL
0x00007ff8d57a0000 - 0x00007ff8d57ac000 	C:\Users\ssrry\.vscode\extensions\redhat.java-1.54.0-win32-x64\jre\21.0.10-win32-x86_64\bin\vcruntime140_1.dll
0x00007ff891350000 - 0x00007ff8913dd000 	C:\Users\ssrry\.vscode\extensions\redhat.java-1.54.0-win32-x64\jre\21.0.10-win32-x86_64\bin\msvcp140.dll
0x00007ff84ca60000 - 0x00007ff84d801000 	C:\Users\ssrry\.vscode\extensions\redhat.java-1.54.0-win32-x64\jre\21.0.10-win32-x86_64\bin\server\jvm.dll
0x00007ff8e0610000 - 0x00007ff8e06c1000 	C:\Windows\System32\ADVAPI32.dll
0x00007ff8e0570000 - 0x00007ff8e060f000 	C:\Windows\System32\sechost.dll
0x00007ff8e22f0000 - 0x00007ff8e2410000 	C:\Windows\System32\RPCRT4.dll
0x00007ff8e01e0000 - 0x00007ff8e0207000 	C:\Windows\System32\bcrypt.dll
0x00007ff8e0ff0000 - 0x00007ff8e105b000 	C:\Windows\System32\WS2_32.dll
0x00007ff8df070000 - 0x00007ff8df0bb000 	C:\Windows\SYSTEM32\POWRPROF.dll
0x00007ff8d3b60000 - 0x00007ff8d3b87000 	C:\Windows\SYSTEM32\WINMM.dll
0x00007ff8d5e90000 - 0x00007ff8d5e9a000 	C:\Windows\SYSTEM32\VERSION.dll
0x00007ff8deee0000 - 0x00007ff8deef2000 	C:\Windows\SYSTEM32\UMPDC.dll
0x00007ff8dd8f0000 - 0x00007ff8dd902000 	C:\Windows\SYSTEM32\kernel.appcore.dll
0x00007ff8d56c0000 - 0x00007ff8d56ca000 	C:\Users\ssrry\.vscode\extensions\redhat.java-1.54.0-win32-x64\jre\21.0.10-win32-x86_64\bin\jimage.dll
0x00007ff8d3bd0000 - 0x00007ff8d3dd1000 	C:\Windows\SYSTEM32\DBGHELP.DLL
0x00007ff8d3a70000 - 0x00007ff8d3aa4000 	C:\Windows\SYSTEM32\dbgcore.DLL
0x00007ff8e0030000 - 0x00007ff8e00b2000 	C:\Windows\System32\bcryptPrimitives.dll
0x00007ff8cb040000 - 0x00007ff8cb04f000 	C:\Users\ssrry\.vscode\extensions\redhat.java-1.54.0-win32-x64\jre\21.0.10-win32-x86_64\bin\instrument.dll
0x00007ff8b3a10000 - 0x00007ff8b3a30000 	C:\Users\ssrry\.vscode\extensions\redhat.java-1.54.0-win32-x64\jre\21.0.10-win32-x86_64\bin\java.dll
0x00007ff8e1a40000 - 0x00007ff8e21b0000 	C:\Windows\System32\SHELL32.dll
0x00007ff8ddb10000 - 0x00007ff8de2b5000 	C:\Windows\SYSTEM32\windows.storage.dll
0x00007ff8e1630000 - 0x00007ff8e1984000 	C:\Windows\System32\combase.dll
0x00007ff8df510000 - 0x00007ff8df53b000 	C:\Windows\SYSTEM32\Wldp.dll
0x00007ff8e1560000 - 0x00007ff8e162d000 	C:\Windows\System32\OLEAUT32.dll
0x00007ff8e1990000 - 0x00007ff8e1a3d000 	C:\Windows\System32\SHCORE.dll
0x00007ff8e0910000 - 0x00007ff8e096b000 	C:\Windows\System32\shlwapi.dll
0x00007ff8dfa10000 - 0x00007ff8dfa34000 	C:\Windows\SYSTEM32\profapi.dll
0x00007ff8c7a00000 - 0x00007ff8c7a18000 	C:\Users\ssrry\.vscode\extensions\redhat.java-1.54.0-win32-x64\jre\21.0.10-win32-x86_64\bin\zip.dll
0x00007ff8d3ad0000 - 0x00007ff8d3ae0000 	C:\Users\ssrry\.vscode\extensions\redhat.java-1.54.0-win32-x64\jre\21.0.10-win32-x86_64\bin\net.dll
0x00007ff8dc0d0000 - 0x00007ff8dc1da000 	C:\Windows\SYSTEM32\WINHTTP.dll
0x00007ff8df270000 - 0x00007ff8df2da000 	C:\Windows\system32\mswsock.dll
0x00007ff8a1670000 - 0x00007ff8a1686000 	C:\Users\ssrry\.vscode\extensions\redhat.java-1.54.0-win32-x64\jre\21.0.10-win32-x86_64\bin\nio.dll
0x00007ff8d99f0000 - 0x00007ff8d9a00000 	C:\Users\ssrry\.vscode\extensions\redhat.java-1.54.0-win32-x64\jre\21.0.10-win32-x86_64\bin\verify.dll
0x00007ff8b39d0000 - 0x00007ff8b39f7000 	C:\Users\ssrry\.gradle\native\1def1411415f61bf3af743bc5b6707747c0891f09f0c88961ee8f79bc544acac\windows-amd64\native-platform.dll
0x00007ff8b9ad0000 - 0x00007ff8b9b47000 	C:\Users\ssrry\.gradle\native\0.2.8\x86_64-windows-gnu\gradle-fileevents.dll
0x00007ff8d7380000 - 0x00007ff8d738a000 	C:\Users\ssrry\.vscode\extensions\redhat.java-1.54.0-win32-x64\jre\21.0.10-win32-x86_64\bin\management.dll
0x00007ff8cf590000 - 0x00007ff8cf59c000 	C:\Users\ssrry\.vscode\extensions\redhat.java-1.54.0-win32-x64\jre\21.0.10-win32-x86_64\bin\management_ext.dll
0x00007ff8e1450000 - 0x00007ff8e1458000 	C:\Windows\System32\PSAPI.DLL
0x00007ff8def00000 - 0x00007ff8def3b000 	C:\Windows\SYSTEM32\IPHLPAPI.DLL
0x00007ff8e1550000 - 0x00007ff8e1558000 	C:\Windows\System32\NSI.dll
0x00007ff8cf380000 - 0x00007ff8cf389000 	C:\Users\ssrry\.vscode\extensions\redhat.java-1.54.0-win32-x64\jre\21.0.10-win32-x86_64\bin\extnet.dll
0x00007ff8df470000 - 0x00007ff8df488000 	C:\Windows\SYSTEM32\CRYPTSP.dll
0x00007ff8deaf0000 - 0x00007ff8deb28000 	C:\Windows\system32\rsaenh.dll
0x00007ff8df9d0000 - 0x00007ff8df9fe000 	C:\Windows\SYSTEM32\USERENV.dll
0x00007ff8df460000 - 0x00007ff8df46c000 	C:\Windows\SYSTEM32\CRYPTBASE.dll
0x00007ff8d3ab0000 - 0x00007ff8d3abe000 	C:\Users\ssrry\.vscode\extensions\redhat.java-1.54.0-win32-x64\jre\21.0.10-win32-x86_64\bin\sunmscapi.dll
0x00007ff8e0210000 - 0x00007ff8e036d000 	C:\Windows\System32\CRYPT32.dll
0x00007ff8df580000 - 0x00007ff8df5a7000 	C:\Windows\SYSTEM32\ncrypt.dll
0x00007ff8df540000 - 0x00007ff8df57b000 	C:\Windows\SYSTEM32\NTASN1.dll
0x00007ff8b7770000 - 0x00007ff8b7777000 	C:\Windows\system32\wshunix.dll

JVMTI agents:
C:\Users\ssrry\.gradle\wrapper\dists\gradle-9.1.0-bin\9agqghryom9wkf8r80qlhnts3\gradle-9.1.0\lib\agents\gradle-instrumentation-agent-9.1.0.jar path:C:\Users\ssrry\.vscode\extensions\redhat.java-1.54.0-win32-x64\jre\21.0.10-win32-x86_64\bin\instrument.dll, loaded, initialized, instrumentlib options:none

dbghelp: loaded successfully - version: 4.0.5 - missing functions: none
symbol engine: initialized successfully - sym options: 0x614 - pdb path: .;C:\Users\ssrry\.vscode\extensions\redhat.java-1.54.0-win32-x64\jre\21.0.10-win32-x86_64\bin;C:\Windows\SYSTEM32;C:\Windows\WinSxS\amd64_microsoft.windows.common-controls_6595b64144ccf1df_6.0.19041.6456_none_60b8a6cb71f64256;C:\Users\ssrry\.vscode\extensions\redhat.java-1.54.0-win32-x64\jre\21.0.10-win32-x86_64\bin\server;C:\Users\ssrry\.gradle\native\1def1411415f61bf3af743bc5b6707747c0891f09f0c88961ee8f79bc544acac\windows-amd64;C:\Users\ssrry\.gradle\native\0.2.8\x86_64-windows-gnu

VM Arguments:
jvm_args: --add-opens=java.base/java.lang=ALL-UNNAMED --add-opens=java.base/java.lang.invoke=ALL-UNNAMED --add-opens=java.base/java.util=ALL-UNNAMED --add-opens=java.prefs/java.util.prefs=ALL-UNNAMED --add-exports=jdk.compiler/com.sun.tools.javac.api=ALL-UNNAMED --add-exports=jdk.compiler/com.sun.tools.javac.util=ALL-UNNAMED --add-opens=java.base/java.util=ALL-UNNAMED --add-opens=java.prefs/java.util.prefs=ALL-UNNAMED --add-opens=java.base/java.nio.charset=ALL-UNNAMED --add-opens=java.base/java.net=ALL-UNNAMED --add-opens=java.base/java.util.concurrent=ALL-UNNAMED --add-opens=java.base/java.util.concurrent.atomic=ALL-UNNAMED --add-opens=java.xml/javax.xml.namespace=ALL-UNNAMED --add-opens=java.base/java.time=ALL-UNNAMED -Xmx2048m -Dfile.encoding=UTF-8 -Duser.country=RU -Duser.language=ru -Duser.variant -javaagent:C:\Users\ssrry\.gradle\wrapper\dists\gradle-9.1.0-bin\9agqghryom9wkf8r80qlhnts3\gradle-9.1.0\lib\agents\gradle-instrumentation-agent-9.1.0.jar 
java_command: org.gradle.launcher.daemon.bootstrap.GradleDaemon 9.1.0
java_class_path (initial): C:\Users\ssrry\.gradle\wrapper\dists\gradle-9.1.0-bin\9agqghryom9wkf8r80qlhnts3\gradle-9.1.0\lib\gradle-daemon-main-9.1.0.jar
Launcher Type: SUN_STANDARD

[Global flags]
     intx CICompilerCount                          = 4                                         {product} {ergonomic}
     uint ConcGCThreads                            = 3                                         {product} {ergonomic}
     uint G1ConcRefinementThreads                  = 10                                        {product} {ergonomic}
   size_t G1HeapRegionSize                         = 1048576                                   {product} {ergonomic}
    uintx GCDrainStackTargetSize                   = 64                                        {product} {ergonomic}
   size_t InitialHeapSize                          = 255852544                                 {product} {ergonomic}
   size_t MarkStackSize                            = 4194304                                   {product} {ergonomic}
   size_t MaxHeapSize                              = 2147483648                                {product} {command line}
   size_t MaxNewSize                               = 1287651328                                {product} {ergonomic}
   size_t MinHeapDeltaBytes                        = 1048576                                   {product} {ergonomic}
   size_t MinHeapSize                              = 8388608                                   {product} {ergonomic}
    uintx NonNMethodCodeHeapSize                   = 5839372                                {pd product} {ergonomic}
    uintx NonProfiledCodeHeapSize                  = 122909434                              {pd product} {ergonomic}
    uintx ProfiledCodeHeapSize                     = 122909434                              {pd product} {ergonomic}
    uintx ReservedCodeCacheSize                    = 251658240                              {pd product} {ergonomic}
     bool SegmentedCodeCache                       = true                                      {product} {ergonomic}
   size_t SoftMaxHeapSize                          = 2147483648                             {manageable} {ergonomic}
     bool UseCompressedOops                        = true                           {product lp64_product} {ergonomic}
     bool UseG1GC                                  = true                                      {product} {ergonomic}
     bool UseLargePagesIndividualAllocation        = false                                  {pd product} {ergonomic}

Logging:
Log output configuration:
 #0: stdout all=warning uptime,level,tags foldmultilines=false
 #1: stderr all=off uptime,level,tags foldmultilines=false

Release file:
JAVA_VERSION="21.0.10" 
MODULES="java.base java.compiler java.datatransfer java.xml java.prefs java.desktop java.instrument java.logging java.management java.security.sasl java.naming java.rmi java.management.rmi java.net.http java.scripting java.security.jgss java.transaction.xa java.sql java.sql.rowset java.xml.crypto java.se java.smartcardio jdk.accessibility jdk.internal.jvmstat jdk.attach jdk.charsets jdk.internal.opt jdk.zipfs jdk.compiler jdk.crypto.ec jdk.crypto.cryptoki jdk.crypto.mscapi jdk.dynalink jdk.internal.ed jdk.editpad jdk.hotspot.agent jdk.httpserver jdk.internal.le jdk.internal.vm.ci jdk.internal.vm.compiler jdk.internal.vm.compiler.management jdk.jartool jdk.javadoc jdk.jcmd jdk.management jdk.management.agent jdk.jconsole jdk.jdeps jdk.jdwp.agent jdk.jdi jdk.jfr jdk.jshell jdk.jsobject jdk.jstatd jdk.localedata jdk.management.jfr jdk.naming.dns jdk.naming.rmi jdk.net jdk.nio.mapmode jdk.random jdk.sctp jdk.security.auth jdk.security.jgss jdk.unsupported jdk.unsupported.desktop jdk.xml.dom" 

Environment Variables:
JAVA_HOME=C:\Users\ssrry\oracleJdk-25
PATH=C:\Users\ssrry\AppData\Local\Programs\Microsoft VS Code;D:\Oracle\WINDOWS.X64_193000_db_home\bin;C:\Program Files\Microsoft SDKs\Azure\CLI2\wbin;C:\Program Files\Zulu\zulu-21\bin\;C:\Windows\system32;C:\Windows;C:\Windows\System32\Wbem;C:\Windows\System32\WindowsPowerShell\v1.0\;C:\Windows\System32\OpenSSH\;C:\Program Files\Git\cmd;C:\Users\ssrry\oracleJdk-25\bin;C:\Program Files\nodejs\;C:\Program Files (x86)\NVIDIA Corporation\PhysX\Common;C:\Program Files\NVIDIA Corporation\NVIDIA NvDLISR;C:\Users\ssrry\AppData\Local\Programs\Python\Python310\Scripts\;C:\Users\ssrry\AppData\Local\Programs\Python\Python310\;C:\Users\ssrry\AppData\Local\Microsoft\WindowsApps;C:\Users\ssrry\AppData\Local\GitHubDesktop\bin;C:\Users\ssrry\AppData\Local\Programs\Microsoft VS Code\bin;C:\Users\ssrry\AppData\Local\Python\bin;C:\Users\ssrry\AppData\Roaming\npm
USERNAME=ssrry
OS=Windows_NT
PROCESSOR_IDENTIFIER=AMD64 Family 25 Model 68 Stepping 1, AuthenticAMD
TMP=C:\Users\ssrry\AppData\Local\Temp
TEMP=C:\Users\ssrry\AppData\Local\Temp




Periodic native trim disabled

---------------  S Y S T E M  ---------------

OS:
 Windows 10 , 64 bit Build 19041 (10.0.19041.5915)
OS uptime: 0 days 11:20 hours
Hyper-V role detected

CPU: total 12 (initial active 12) (12 cores per cpu, 2 threads per core) family 25 model 68 stepping 1 microcode 0x0, cx8, cmov, fxsr, ht, mmx, 3dnowpref, sse, sse2, sse3, ssse3, sse4a, sse4.1, sse4.2, popcnt, lzcnt, tsc, tscinvbit, avx, avx2, aes, erms, clmul, bmi1, bmi2, adx, sha, fma, vzeroupper, clflush, clflushopt, hv, rdtscp, rdpid, fsrm, f16c, cet_ss
Processor Information for the first 12 processors :
  Max Mhz: 3301, Current Mhz: 3301, Mhz Limit: 3301

Memory: 4k page, system-wide physical 15557M (1791M free)
TotalPageFile size 34699M (AvailPageFile size 7M)
current process WorkingSet (physical memory assigned to process): 486M, peak: 487M
current process commit charge ("private bytes"): 530M, peak: 532M

vm_info: OpenJDK 64-Bit Server VM (21.0.10+7-LTS) for windows-amd64 JRE (21.0.10+7-LTS), built on 2026-01-20T00:00:00Z by "admin" with MS VC++ 17.12 (VS2022)

END.
