#
# There is insufficient memory for the Java Runtime Environment to continue.
# Native memory allocation (mmap) failed to map 26214400 bytes. Error detail: G1 virtual space
# Possible reasons:
#   The system is out of physical RAM or swap space
#   This process is running with CompressedOops enabled, and the Java Heap may be blocking the growth of the native heap
# Possible solutions:
#   Reduce memory load on the system
#   Increase physical memory or swap space
#   Check if swap backing store is full
#   Decrease Java heap size (-Xmx/-Xms)
#   Decrease number of Java threads
#   Decrease Java thread stack sizes (-Xss)
#   Set larger code cache with -XX:ReservedCodeCacheSize=
#   JVM is running with Unscaled Compressed Oops mode in which the Java heap is
#     placed in the first 4GB address space. The Java Heap base address is the
#     maximum limit for the native heap growth. Please use -XX:HeapBaseMinAddress
#     to set the Java Heap base and to place the Java Heap above 4GB virtual address.
# This output file may be truncated or incomplete.
#
#  Out of Memory Error (os_windows.cpp:3554), pid=2348, tid=18580
#
# JRE version: Java(TM) SE Runtime Environment (25.0.1+8) (build 25.0.1+8-LTS-27)
# Java VM: Java HotSpot(TM) 64-Bit Server VM (25.0.1+8-LTS-27, mixed mode, sharing, tiered, compressed oops, compressed class ptrs, g1 gc, windows-amd64)
# No core dump will be written. Minidumps are not enabled by default on client versions of Windows
#

---------------  S U M M A R Y ------------

Command Line: --add-opens=java.base/java.lang=ALL-UNNAMED --add-opens=java.base/java.lang.invoke=ALL-UNNAMED --add-opens=java.base/java.util=ALL-UNNAMED --add-opens=java.prefs/java.util.prefs=ALL-UNNAMED --add-exports=jdk.compiler/com.sun.tools.javac.api=ALL-UNNAMED --add-exports=jdk.compiler/com.sun.tools.javac.util=ALL-UNNAMED --add-opens=java.base/java.util=ALL-UNNAMED --add-opens=java.prefs/java.util.prefs=ALL-UNNAMED --add-opens=java.base/java.nio.charset=ALL-UNNAMED --add-opens=java.base/java.net=ALL-UNNAMED --add-opens=java.base/java.util.concurrent=ALL-UNNAMED --add-opens=java.base/java.util.concurrent.atomic=ALL-UNNAMED --add-opens=java.xml/javax.xml.namespace=ALL-UNNAMED --add-opens=java.base/java.time=ALL-UNNAMED --enable-native-access=ALL-UNNAMED -Xmx2048m -Dfile.encoding=UTF-8 -Duser.country=RU -Duser.language=ru -Duser.variant -javaagent:C:\Users\ssrry\.gradle\wrapper\dists\gradle-9.1.0-bin\9agqghryom9wkf8r80qlhnts3\gradle-9.1.0\lib\agents\gradle-instrumentation-agent-9.1.0.jar org.gradle.launcher.daemon.bootstrap.GradleDaemon 9.1.0

Host: AMD Ryzen 5 6600H with Radeon Graphics         , 12 cores, 15G,  Windows 10 , 64 bit Build 19041 (10.0.19041.5915)
Time: Mon May 11 23:06:21 2026 elapsed time: 8.755838 seconds (0d 0h 0m 8s)

---------------  T H R E A D  ---------------

Current thread (0x0000017f4e1660e0):  VMThread "VM Thread"          [id=18580, stack(0x0000001956600000,0x0000001956700000) (1024K)]

Stack: [0x0000001956600000,0x0000001956700000]
Native frames: (J=compiled Java code, j=interpreted, Vv=VM code, C=native code)
V  [jvm.dll+0x7a6b59]  (no source info available)
V  [jvm.dll+0x77290d]  (no source info available)
V  [jvm.dll+0x966153]  (no source info available)
V  [jvm.dll+0x968751]  (no source info available)
V  [jvm.dll+0x968e53]  (no source info available)
V  [jvm.dll+0x2fc756]  (no source info available)
V  [jvm.dll+0x7a2d85]  (no source info available)
V  [jvm.dll+0x796197]  (no source info available)
V  [jvm.dll+0x3f4698]  (no source info available)
V  [jvm.dll+0x3fc5b6]  (no source info available)
V  [jvm.dll+0x3e8c8e]  (no source info available)
V  [jvm.dll+0x3e8f48]  (no source info available)
V  [jvm.dll+0x3c0045]  (no source info available)
V  [jvm.dll+0x3c00da]  (no source info available)
V  [jvm.dll+0x40d2b6]  (no source info available)
V  [jvm.dll+0x40bbdb]  (no source info available)
V  [jvm.dll+0x3bf787]  (no source info available)
V  [jvm.dll+0x40afdf]  (no source info available)
V  [jvm.dll+0x96f091]  (no source info available)
V  [jvm.dll+0x9703ad]  (no source info available)
V  [jvm.dll+0x970929]  (no source info available)
V  [jvm.dll+0x970bd3]  (no source info available)
V  [jvm.dll+0x906a0d]  (no source info available)
V  [jvm.dll+0x7a5135]  (no source info available)
C  [ucrtbase.dll+0x21bb2]  (no source info available)
C  [KERNEL32.DLL+0x17374]  (no source info available)
C  [ntdll.dll+0x4cc91]  (no source info available)

VM_Operation (0x0000001957df5430): G1CollectForAllocation, mode: safepoint, requested by thread 0x0000017f541d6280


---------------  P R O C E S S  ---------------

Threads class SMR info:
_java_thread_list=0x0000017f590b4de0, length=80, elements={
0x0000017f2eb56750, 0x0000017f4e178a50, 0x0000017f4e179360, 0x0000017f4e17a930,
0x0000017f4e17c500, 0x0000017f4e17d0c0, 0x0000017f4e17dc80, 0x0000017f4e17f180,
0x0000017f4e18aae0, 0x0000017f4e40afe0, 0x0000017f4e4379c0, 0x0000017f53f827c0,
0x0000017f4e184a60, 0x0000017f541cfcf0, 0x0000017f541d0c90, 0x0000017f541d04c0,
0x0000017f541d1c30, 0x0000017f541d6280, 0x0000017f541d4340, 0x0000017f541d2400,
0x0000017f541d5ab0, 0x0000017f54696d30, 0x0000017f546907a0, 0x0000017f54693e50,
0x0000017f54696560, 0x0000017f55bfa240, 0x0000017f55bfb1e0, 0x0000017f55bfd120,
0x0000017f55896a90, 0x0000017f55895af0, 0x0000017f558962c0, 0x0000017f5588fd30,
0x0000017f55890500, 0x0000017f55891c70, 0x0000017f55893bb0, 0x0000017f56b969a0,
0x0000017f56b913b0, 0x0000017f56b90410, 0x0000017f56b94290, 0x0000017f56b95230,
0x0000017f554c3690, 0x0000017f554c84b0, 0x0000017f554c9450, 0x0000017f554c4e00,
0x0000017f554c7510, 0x0000017f554c9c20, 0x0000017f554ca3f0, 0x0000017f56226c50,
0x0000017f56228b90, 0x0000017f56224540, 0x0000017f56227bf0, 0x0000017f562283c0,
0x0000017f56225cb0, 0x0000017f562254e0, 0x0000017f56221e30, 0x0000017f58b67e40,
0x0000017f58b69d80, 0x0000017f58b65730, 0x0000017f58b65f00, 0x0000017f58b64f60,
0x0000017f58b68de0, 0x0000017f58b695b0, 0x0000017f5483e340, 0x0000017f54844100,
0x0000017f5483f2e0, 0x0000017f5483eb10, 0x0000017f54840a50, 0x0000017f548448d0,
0x0000017f548419f0, 0x0000017f54846fe0, 0x0000017f5483fab0, 0x0000017f54842990,
0x0000017f548477b0, 0x0000017f54847f80, 0x0000017f54841220, 0x0000017f54848f20,
0x0000017f548496f0, 0x0000017f4e57cd50, 0x0000017f4e187170, 0x0000017f4e189880
}

Java Threads: ( => current thread )
  0x0000017f2eb56750 JavaThread "main"                              [_thread_blocked, id=9128, stack(0x0000001955f00000,0x0000001956000000) (1024K)]
  0x0000017f4e178a50 JavaThread "Reference Handler"          daemon [_thread_blocked, id=2656, stack(0x0000001956700000,0x0000001956800000) (1024K)]
  0x0000017f4e179360 JavaThread "Finalizer"                  daemon [_thread_blocked, id=18056, stack(0x0000001956800000,0x0000001956900000) (1024K)]
  0x0000017f4e17a930 JavaThread "Signal Dispatcher"          daemon [_thread_blocked, id=21760, stack(0x0000001956900000,0x0000001956a00000) (1024K)]
  0x0000017f4e17c500 JavaThread "Attach Listener"            daemon [_thread_blocked, id=16812, stack(0x0000001956a00000,0x0000001956b00000) (1024K)]
  0x0000017f4e17d0c0 JavaThread "Service Thread"             daemon [_thread_blocked, id=19096, stack(0x0000001956b00000,0x0000001956c00000) (1024K)]
  0x0000017f4e17dc80 JavaThread "Monitor Deflation Thread"   daemon [_thread_blocked, id=20180, stack(0x0000001956c00000,0x0000001956d00000) (1024K)]
  0x0000017f4e17f180 JavaThread "C2 CompilerThread0"         daemon [_thread_blocked, id=20856, stack(0x0000001956d00000,0x0000001956e00000) (1024K)]
  0x0000017f4e18aae0 JavaThread "C1 CompilerThread0"         daemon [_thread_blocked, id=21752, stack(0x0000001956e00000,0x0000001956f00000) (1024K)]
  0x0000017f4e40afe0 JavaThread "Common-Cleaner"             daemon [_thread_blocked, id=11488, stack(0x0000001957000000,0x0000001957100000) (1024K)]
  0x0000017f4e4379c0 JavaThread "Notification Thread"        daemon [_thread_blocked, id=16720, stack(0x0000001957100000,0x0000001957200000) (1024K)]
  0x0000017f53f827c0 JavaThread "Daemon health stats"               [_thread_blocked, id=17772, stack(0x0000001957700000,0x0000001957800000) (1024K)]
  0x0000017f4e184a60 JavaThread "Incoming local TCP Connector on port 50170"        [_thread_in_native, id=10904, stack(0x0000001957800000,0x0000001957900000) (1024K)]
  0x0000017f541cfcf0 JavaThread "Daemon periodic checks"            [_thread_blocked, id=23352, stack(0x0000001957900000,0x0000001957a00000) (1024K)]
  0x0000017f541d0c90 JavaThread "Daemon"                            [_thread_blocked, id=26444, stack(0x0000001957a00000,0x0000001957b00000) (1024K)]
  0x0000017f541d04c0 JavaThread "Handler for socket connection from /127.0.0.1:50170 to /127.0.0.1:50173"        [_thread_in_native, id=7636, stack(0x0000001957b00000,0x0000001957c00000) (1024K)]
  0x0000017f541d1c30 JavaThread "Cancel handler"                    [_thread_blocked, id=25636, stack(0x0000001957c00000,0x0000001957d00000) (1024K)]
  0x0000017f541d6280 JavaThread "Daemon worker"                     [_thread_blocked, id=14932, stack(0x0000001957d00000,0x0000001957e00000) (1024K)]
  0x0000017f541d4340 JavaThread "Asynchronous log dispatcher for DefaultDaemonConnection: socket connection from /127.0.0.1:50170 to /127.0.0.1:50173"        [_thread_blocked, id=24300, stack(0x0000001957e00000,0x0000001957f00000) (1024K)]
  0x0000017f541d2400 JavaThread "Stdin handler"                     [_thread_blocked, id=4272, stack(0x0000001957f00000,0x0000001958000000) (1024K)]
  0x0000017f541d5ab0 JavaThread "Daemon client event forwarder"        [_thread_blocked, id=12476, stack(0x0000001958000000,0x0000001958100000) (1024K)]
  0x0000017f54696d30 JavaThread "Cache worker for journal cache (C:\Users\ssrry\.gradle\caches\journal-1)"        [_thread_blocked, id=17208, stack(0x0000001958600000,0x0000001958700000) (1024K)]
  0x0000017f546907a0 JavaThread "File lock request listener"        [_thread_in_native, id=21900, stack(0x0000001958700000,0x0000001958800000) (1024K)]
  0x0000017f54693e50 JavaThread "Cache worker for file hash cache (C:\Users\ssrry\.gradle\caches\9.1.0\fileHashes)"        [_thread_blocked, id=12760, stack(0x0000001958800000,0x0000001958900000) (1024K)]
  0x0000017f54696560 JavaThread "Cache worker for file hash cache (C:\Users\ssrry\Desktop\android\Lab5Android\LR5\.gradle\9.1.0\fileHashes)"        [_thread_blocked, id=26008, stack(0x0000001958b00000,0x0000001958c00000) (1024K)]
  0x0000017f55bfa240 JavaThread "Cache worker for Build Output Cleanup Cache (C:\Users\ssrry\Desktop\android\Lab5Android\LR5\.gradle\buildOutputCleanup)"        [_thread_blocked, id=8796, stack(0x0000001958c00000,0x0000001958d00000) (1024K)]
  0x0000017f55bfb1e0 JavaThread "File watcher server"        daemon [_thread_in_native, id=16864, stack(0x0000001958d00000,0x0000001958e00000) (1024K)]
  0x0000017f55bfd120 JavaThread "File watcher consumer"      daemon [_thread_blocked, id=26072, stack(0x0000001958e00000,0x0000001958f00000) (1024K)]
  0x0000017f55896a90 JavaThread "jar transforms"                    [_thread_blocked, id=16928, stack(0x0000001958f00000,0x0000001959000000) (1024K)]
  0x0000017f55895af0 JavaThread "jar transforms Thread 2"           [_thread_blocked, id=8196, stack(0x0000001959000000,0x0000001959100000) (1024K)]
  0x0000017f558962c0 JavaThread "jar transforms Thread 3"           [_thread_blocked, id=17348, stack(0x0000001959100000,0x0000001959200000) (1024K)]
  0x0000017f5588fd30 JavaThread "Cache worker for checksums cache (C:\Users\ssrry\Desktop\android\Lab5Android\LR5\.gradle\9.1.0\checksums)"        [_thread_blocked, id=18648, stack(0x0000001959200000,0x0000001959300000) (1024K)]
  0x0000017f55890500 JavaThread "Cache worker for file content cache (C:\Users\ssrry\.gradle\caches\9.1.0\fileContent)"        [_thread_blocked, id=25212, stack(0x0000001959300000,0x0000001959400000) (1024K)]
  0x0000017f55891c70 JavaThread "Cache worker for cache directory md-supplier (C:\Users\ssrry\.gradle\caches\9.1.0\md-supplier)"        [_thread_blocked, id=15248, stack(0x0000001959400000,0x0000001959500000) (1024K)]
  0x0000017f55893bb0 JavaThread "Cache worker for cache directory md-rule (C:\Users\ssrry\.gradle\caches\9.1.0\md-rule)"        [_thread_blocked, id=19508, stack(0x0000001959500000,0x0000001959600000) (1024K)]
  0x0000017f56b969a0 JavaThread "jar transforms Thread 4"           [_thread_blocked, id=6908, stack(0x0000001959600000,0x0000001959700000) (1024K)]
  0x0000017f56b913b0 JavaThread "jar transforms Thread 5"           [_thread_blocked, id=10404, stack(0x0000001959700000,0x0000001959800000) (1024K)]
  0x0000017f56b90410 JavaThread "jar transforms Thread 6"           [_thread_blocked, id=2812, stack(0x0000001959800000,0x0000001959900000) (1024K)]
  0x0000017f56b94290 JavaThread "jar transforms Thread 7"           [_thread_blocked, id=8768, stack(0x0000001959900000,0x0000001959a00000) (1024K)]
  0x0000017f56b95230 JavaThread "jar transforms Thread 8"           [_thread_blocked, id=22448, stack(0x0000001959a00000,0x0000001959b00000) (1024K)]
  0x0000017f554c3690 JavaThread "jar transforms Thread 9"           [_thread_blocked, id=19564, stack(0x0000001959b00000,0x0000001959c00000) (1024K)]
  0x0000017f554c84b0 JavaThread "jar transforms Thread 10"          [_thread_blocked, id=10972, stack(0x0000001959c00000,0x0000001959d00000) (1024K)]
  0x0000017f554c9450 JavaThread "jar transforms Thread 11"          [_thread_blocked, id=24380, stack(0x0000001959d00000,0x0000001959e00000) (1024K)]
  0x0000017f554c4e00 JavaThread "jar transforms Thread 12"          [_thread_blocked, id=26076, stack(0x0000001959e00000,0x0000001959f00000) (1024K)]
  0x0000017f554c7510 JavaThread "Unconstrained build operations"        [_thread_blocked, id=16956, stack(0x0000001959f00000,0x000000195a000000) (1024K)]
  0x0000017f554c9c20 JavaThread "Unconstrained build operations Thread 2"        [_thread_blocked, id=18320, stack(0x000000195a000000,0x000000195a100000) (1024K)]
  0x0000017f554ca3f0 JavaThread "Unconstrained build operations Thread 3"        [_thread_blocked, id=2972, stack(0x000000195a100000,0x000000195a200000) (1024K)]
  0x0000017f56226c50 JavaThread "Unconstrained build operations Thread 4"        [_thread_blocked, id=9040, stack(0x000000195a200000,0x000000195a300000) (1024K)]
  0x0000017f56228b90 JavaThread "Unconstrained build operations Thread 5"        [_thread_blocked, id=21832, stack(0x000000195a300000,0x000000195a400000) (1024K)]
  0x0000017f56224540 JavaThread "Unconstrained build operations Thread 6"        [_thread_blocked, id=16708, stack(0x000000195a400000,0x000000195a500000) (1024K)]
  0x0000017f56227bf0 JavaThread "Unconstrained build operations Thread 7"        [_thread_blocked, id=26216, stack(0x000000195a500000,0x000000195a600000) (1024K)]
  0x0000017f562283c0 JavaThread "Unconstrained build operations Thread 8"        [_thread_blocked, id=25436, stack(0x000000195a600000,0x000000195a700000) (1024K)]
  0x0000017f56225cb0 JavaThread "Unconstrained build operations Thread 9"        [_thread_blocked, id=25516, stack(0x000000195a700000,0x000000195a800000) (1024K)]
  0x0000017f562254e0 JavaThread "Unconstrained build operations Thread 10"        [_thread_blocked, id=17552, stack(0x000000195a800000,0x000000195a900000) (1024K)]
  0x0000017f56221e30 JavaThread "Unconstrained build operations Thread 11"        [_thread_blocked, id=13120, stack(0x000000195a900000,0x000000195aa00000) (1024K)]
  0x0000017f58b67e40 JavaThread "Unconstrained build operations Thread 12"        [_thread_blocked, id=24880, stack(0x000000195aa00000,0x000000195ab00000) (1024K)]
  0x0000017f58b69d80 JavaThread "Unconstrained build operations Thread 13"        [_thread_blocked, id=18620, stack(0x000000195ab00000,0x000000195ac00000) (1024K)]
  0x0000017f58b65730 JavaThread "Unconstrained build operations Thread 14"        [_thread_blocked, id=10712, stack(0x000000195ac00000,0x000000195ad00000) (1024K)]
  0x0000017f58b65f00 JavaThread "Unconstrained build operations Thread 15"        [_thread_blocked, id=22500, stack(0x000000195ad00000,0x000000195ae00000) (1024K)]
  0x0000017f58b64f60 JavaThread "Unconstrained build operations Thread 16"        [_thread_blocked, id=17452, stack(0x000000195ae00000,0x000000195af00000) (1024K)]
  0x0000017f58b68de0 JavaThread "Unconstrained build operations Thread 17"        [_thread_blocked, id=23712, stack(0x000000195af00000,0x000000195b000000) (1024K)]
  0x0000017f58b695b0 JavaThread "Unconstrained build operations Thread 18"        [_thread_blocked, id=3780, stack(0x000000195b000000,0x000000195b100000) (1024K)]
  0x0000017f5483e340 JavaThread "Unconstrained build operations Thread 19"        [_thread_blocked, id=24180, stack(0x000000195b100000,0x000000195b200000) (1024K)]
  0x0000017f54844100 JavaThread "Unconstrained build operations Thread 20"        [_thread_blocked, id=15552, stack(0x000000195b200000,0x000000195b300000) (1024K)]
  0x0000017f5483f2e0 JavaThread "Unconstrained build operations Thread 21"        [_thread_blocked, id=13984, stack(0x000000195b300000,0x000000195b400000) (1024K)]
  0x0000017f5483eb10 JavaThread "Unconstrained build operations Thread 22"        [_thread_blocked, id=21388, stack(0x000000195b400000,0x000000195b500000) (1024K)]
  0x0000017f54840a50 JavaThread "Unconstrained build operations Thread 23"        [_thread_blocked, id=5032, stack(0x000000195b500000,0x000000195b600000) (1024K)]
  0x0000017f548448d0 JavaThread "Unconstrained build operations Thread 24"        [_thread_blocked, id=18924, stack(0x000000195b600000,0x000000195b700000) (1024K)]
  0x0000017f548419f0 JavaThread "Unconstrained build operations Thread 25"        [_thread_blocked, id=26416, stack(0x000000195b700000,0x000000195b800000) (1024K)]
  0x0000017f54846fe0 JavaThread "Unconstrained build operations Thread 26"        [_thread_blocked, id=26560, stack(0x000000195b800000,0x000000195b900000) (1024K)]
  0x0000017f5483fab0 JavaThread "Unconstrained build operations Thread 27"        [_thread_blocked, id=10832, stack(0x000000195b900000,0x000000195ba00000) (1024K)]
  0x0000017f54842990 JavaThread "Unconstrained build operations Thread 28"        [_thread_blocked, id=26132, stack(0x000000195ba00000,0x000000195bb00000) (1024K)]
  0x0000017f548477b0 JavaThread "Unconstrained build operations Thread 29"        [_thread_blocked, id=21896, stack(0x000000195bb00000,0x000000195bc00000) (1024K)]
  0x0000017f54847f80 JavaThread "Unconstrained build operations Thread 30"        [_thread_blocked, id=12892, stack(0x000000195bc00000,0x000000195bd00000) (1024K)]
  0x0000017f54841220 JavaThread "Unconstrained build operations Thread 31"        [_thread_blocked, id=24772, stack(0x000000195bd00000,0x000000195be00000) (1024K)]
  0x0000017f54848f20 JavaThread "Unconstrained build operations Thread 32"        [_thread_blocked, id=10156, stack(0x000000195be00000,0x000000195bf00000) (1024K)]
  0x0000017f548496f0 JavaThread "Unconstrained build operations Thread 33"        [_thread_blocked, id=21592, stack(0x000000195bf00000,0x000000195c000000) (1024K)]
  0x0000017f4e57cd50 JavaThread "C2 CompilerThread1"         daemon [_thread_blocked, id=25476, stack(0x0000001956f00000,0x0000001957000000) (1024K)]
  0x0000017f4e187170 JavaThread "Memory manager"                    [_thread_blocked, id=22388, stack(0x0000001957200000,0x0000001957300000) (1024K)]
  0x0000017f4e189880 JavaThread "build event listener"              [_thread_blocked, id=20476, stack(0x000000195c000000,0x000000195c100000) (1024K)]
Total: 80

Other Threads:
=>0x0000017f4e1660e0 VMThread "VM Thread"                           [id=18580, stack(0x0000001956600000,0x0000001956700000) (1024K)]
  0x0000017f4e15a500 WatcherThread "VM Periodic Task Thread"        [id=12496, stack(0x0000001956500000,0x0000001956600000) (1024K)]
  0x0000017f30ed3380 WorkerThread "GC Thread#0"                     [id=2864, stack(0x0000001956000000,0x0000001956100000) (1024K)]
  0x0000017f5361d1d0 WorkerThread "GC Thread#1"                     [id=8812, stack(0x0000001957300000,0x0000001957400000) (1024K)]
  0x0000017f5361fe30 WorkerThread "GC Thread#2"                     [id=24500, stack(0x0000001957400000,0x0000001957500000) (1024K)]
  0x0000017f53620670 WorkerThread "GC Thread#3"                     [id=12544, stack(0x0000001957500000,0x0000001957600000) (1024K)]
  0x0000017f53622ab0 WorkerThread "GC Thread#4"                     [id=19100, stack(0x0000001957600000,0x0000001957700000) (1024K)]
  0x0000017f54566fd0 WorkerThread "GC Thread#5"                     [id=25856, stack(0x0000001958100000,0x0000001958200000) (1024K)]
  0x0000017f54569af0 WorkerThread "GC Thread#6"                     [id=25920, stack(0x0000001958200000,0x0000001958300000) (1024K)]
  0x0000017f54568560 WorkerThread "GC Thread#7"                     [id=18064, stack(0x0000001958300000,0x0000001958400000) (1024K)]
  0x0000017f5456b920 WorkerThread "GC Thread#8"                     [id=9504, stack(0x0000001958400000,0x0000001958500000) (1024K)]
  0x0000017f545662e0 WorkerThread "GC Thread#9"                     [id=4988, stack(0x0000001958500000,0x0000001958600000) (1024K)]
  0x0000017f30eec5d0 ConcurrentGCThread "G1 Main Marker"            [id=25312, stack(0x0000001956100000,0x0000001956200000) (1024K)]
  0x0000017f30eed910 WorkerThread "G1 Conc#0"                       [id=24152, stack(0x0000001956200000,0x0000001956300000) (1024K)]
  0x0000017f5456a7e0 WorkerThread "G1 Conc#1"                       [id=5320, stack(0x0000001958900000,0x0000001958a00000) (1024K)]
  0x0000017f5456ac30 WorkerThread "G1 Conc#2"                       [id=18852, stack(0x0000001958a00000,0x0000001958b00000) (1024K)]
  0x0000017f30f3e720 ConcurrentGCThread "G1 Refine#0"               [id=24480, stack(0x0000001956300000,0x0000001956400000) (1024K)]
  0x0000017f4e029560 ConcurrentGCThread "G1 Service"                [id=23560, stack(0x0000001956400000,0x0000001956500000) (1024K)]
Total: 18

Threads with active compile tasks:
C2 CompilerThread0  8801 10812       4       org.gradle.internal.instantiation.generator.AbstractClassGenerator::inspectType (602 bytes)
C2 CompilerThread1  8801 10906       4       java.lang.reflect.Constructor::newInstanceWithCaller (51 bytes)
Total: 2

VM state: at safepoint (normal execution)

VM Mutex/Monitor currently owned by a thread:  ([mutex/lock_event])
[0x00007fffe3b394e8] Threads_lock - owner thread: 0x0000017f4e1660e0
[0x00007fffe3b39668] Heap_lock - owner thread: 0x0000017f541d6280

Heap address: 0x0000000080000000, size: 2048 MB, Compressed Oops mode: 32-bit

CDS archive(s) mapped at: [0x000000002d000000-0x000000002ddd0000-0x000000002ddd0000), size 14483456, SharedBaseAddress: 0x000000002d000000, ArchiveRelocationMode: 1.
Compressed class space mapped at: 0x000000002e000000-0x000000006e000000, reserved size: 1073741824
UseCompressedClassPointers 1, UseCompactObjectHeaders 0
Narrow klass pointer bits 32, Max shift 3
Narrow klass base: 0x000000002d000000, Narrow klass shift: 0
Encoding Range: [0x000000002d000000 - 0x000000012d000000), (4294967296 bytes)
Klass Range:    [0x000000002d010000 - 0x000000006e000000), (1090453504 bytes)
Klass ID Range:  [65536 - 1090519033) (1090453497)
Protection zone: [0x000000002d000000 - 0x000000002d010000), (65536 bytes)

GC Precious Log:
 CardTable entry size: 512
 Card Set container configuration: InlinePtr #cards 5 size 8 Array Of Cards #cards 10 size 36 Howl #buckets 4 coarsen threshold 1843 Howl Bitmap #cards 512 size 80 coarsen threshold 460 Card regions per heap region 1 cards per card region 2048
 CPUs: 12 total, 12 available
 Memory: 15557M
 Large Page Support: Disabled
 NUMA Support: Disabled
 Compressed Oops: Enabled (32-bit)
 Heap Region Size: 1M
 Heap Min Capacity: 8M
 Heap Initial Capacity: 244M
 Heap Max Capacity: 2G
 Pre-touch: Disabled
 Parallel Workers: 10
 Concurrent Workers: 3
 Concurrent Refinement Workers: 10
 Periodic GC: Disabled

Heap:
 garbage-first heap   total reserved 2097152K, committed 126976K, used 81186K [0x0000000080000000, 0x0000000100000000)
  region size 1024K, 2 young (2048K), 2 survivors (2048K)

Heap Regions: E=young(eden), S=young(survivor), O=old, HS=humongous(starts), HC=humongous(continues), CS=collection set, F=free, TAMS=top-at-mark-start, PB=parsable bottom
|   0|0x0000000080000000, 0x0000000080100000, 0x0000000080100000|100%|HS|  |TAMS 0x0000000080100000| PB 0x0000000080000000| Complete |  0
|   1|0x0000000080100000, 0x0000000080200000, 0x0000000080200000|100%|HC|  |TAMS 0x0000000080200000| PB 0x0000000080100000| Complete |  0
|   2|0x0000000080200000, 0x0000000080300000, 0x0000000080300000|100%|HC|  |TAMS 0x0000000080300000| PB 0x0000000080200000| Complete |  0
|   3|0x0000000080300000, 0x0000000080400000, 0x0000000080400000|100%| O|  |TAMS 0x0000000080400000| PB 0x0000000080300000| Untracked |  0
|   4|0x0000000080400000, 0x0000000080500000, 0x0000000080500000|100%|HS|  |TAMS 0x0000000080500000| PB 0x0000000080400000| Complete |  0
|   5|0x0000000080500000, 0x0000000080600000, 0x0000000080600000|100%| O|  |TAMS 0x0000000080600000| PB 0x0000000080500000| Untracked |  0
|   6|0x0000000080600000, 0x0000000080700000, 0x0000000080700000|100%| O|  |TAMS 0x0000000080700000| PB 0x0000000080600000| Untracked |  0
|   7|0x0000000080700000, 0x0000000080800000, 0x0000000080800000|100%| O|  |TAMS 0x0000000080800000| PB 0x0000000080700000| Untracked |  0
|   8|0x0000000080800000, 0x0000000080900000, 0x0000000080900000|100%| O|  |TAMS 0x0000000080900000| PB 0x0000000080800000| Untracked |  0
|   9|0x0000000080900000, 0x0000000080a00000, 0x0000000080a00000|100%| O|  |TAMS 0x0000000080a00000| PB 0x0000000080900000| Untracked |  0
|  10|0x0000000080a00000, 0x0000000080b00000, 0x0000000080b00000|100%| O|  |TAMS 0x0000000080b00000| PB 0x0000000080a00000| Untracked |  0
|  11|0x0000000080b00000, 0x0000000080c00000, 0x0000000080c00000|100%| O|  |TAMS 0x0000000080c00000| PB 0x0000000080b00000| Untracked |  0
|  12|0x0000000080c00000, 0x0000000080d00000, 0x0000000080d00000|100%| O|  |TAMS 0x0000000080d00000| PB 0x0000000080c00000| Untracked |  0
|  13|0x0000000080d00000, 0x0000000080e00000, 0x0000000080e00000|100%| O|  |TAMS 0x0000000080e00000| PB 0x0000000080d00000| Untracked |  0
|  14|0x0000000080e00000, 0x0000000080f00000, 0x0000000080f00000|100%| O|  |TAMS 0x0000000080f00000| PB 0x0000000080e00000| Untracked |  0
|  15|0x0000000080f00000, 0x0000000081000000, 0x0000000081000000|100%| O|  |TAMS 0x0000000081000000| PB 0x0000000080f00000| Untracked |  0
|  16|0x0000000081000000, 0x0000000081100000, 0x0000000081100000|100%| O|  |TAMS 0x0000000081100000| PB 0x0000000081000000| Untracked |  0
|  17|0x0000000081100000, 0x0000000081200000, 0x0000000081200000|100%| O|  |TAMS 0x0000000081200000| PB 0x0000000081100000| Untracked |  0
|  18|0x0000000081200000, 0x0000000081300000, 0x0000000081300000|100%| O|  |TAMS 0x0000000081300000| PB 0x0000000081200000| Untracked |  0
|  19|0x0000000081300000, 0x0000000081400000, 0x0000000081400000|100%| O|  |TAMS 0x0000000081400000| PB 0x0000000081300000| Untracked |  0
|  20|0x0000000081400000, 0x0000000081500000, 0x0000000081500000|100%| O|  |TAMS 0x0000000081500000| PB 0x0000000081400000| Untracked |  0
|  21|0x0000000081500000, 0x0000000081600000, 0x0000000081600000|100%| O|  |TAMS 0x0000000081600000| PB 0x0000000081500000| Untracked |  0
|  22|0x0000000081600000, 0x0000000081700000, 0x0000000081700000|100%| O|  |TAMS 0x0000000081700000| PB 0x0000000081600000| Untracked |  0
|  23|0x0000000081700000, 0x0000000081800000, 0x0000000081800000|100%| O|  |TAMS 0x0000000081800000| PB 0x0000000081700000| Untracked |  0
|  24|0x0000000081800000, 0x0000000081900000, 0x0000000081900000|100%| O|  |TAMS 0x0000000081900000| PB 0x0000000081800000| Untracked |  0
|  25|0x0000000081900000, 0x0000000081a00000, 0x0000000081a00000|100%| O|  |TAMS 0x0000000081a00000| PB 0x0000000081900000| Untracked |  0
|  26|0x0000000081a00000, 0x0000000081b00000, 0x0000000081b00000|100%| O|  |TAMS 0x0000000081b00000| PB 0x0000000081a00000| Untracked |  0
|  27|0x0000000081b00000, 0x0000000081c00000, 0x0000000081c00000|100%| O|  |TAMS 0x0000000081c00000| PB 0x0000000081b00000| Untracked |  0
|  28|0x0000000081c00000, 0x0000000081d00000, 0x0000000081d00000|100%| O|  |TAMS 0x0000000081d00000| PB 0x0000000081c00000| Untracked |  0
|  29|0x0000000081d00000, 0x0000000081e00000, 0x0000000081e00000|100%| O|  |TAMS 0x0000000081e00000| PB 0x0000000081d00000| Untracked |  0
|  30|0x0000000081e00000, 0x0000000081f00000, 0x0000000081f00000|100%| O|  |TAMS 0x0000000081f00000| PB 0x0000000081e00000| Untracked |  0
|  31|0x0000000081f00000, 0x0000000082000000, 0x0000000082000000|100%| O|  |TAMS 0x0000000082000000| PB 0x0000000081f00000| Untracked |  0
|  32|0x0000000082000000, 0x0000000082100000, 0x0000000082100000|100%| O|  |TAMS 0x0000000082100000| PB 0x0000000082000000| Untracked |  0
|  33|0x0000000082100000, 0x0000000082200000, 0x0000000082200000|100%| O|  |TAMS 0x0000000082200000| PB 0x0000000082100000| Untracked |  0
|  34|0x0000000082200000, 0x0000000082300000, 0x0000000082300000|100%| O|  |TAMS 0x0000000082300000| PB 0x0000000082200000| Untracked |  0
|  35|0x0000000082300000, 0x0000000082400000, 0x0000000082400000|100%| O|  |TAMS 0x0000000082400000| PB 0x0000000082300000| Untracked |  0
|  36|0x0000000082400000, 0x0000000082500000, 0x0000000082500000|100%| O|  |TAMS 0x0000000082500000| PB 0x0000000082400000| Untracked |  0
|  37|0x0000000082500000, 0x0000000082600000, 0x0000000082600000|100%| O|  |TAMS 0x0000000082600000| PB 0x0000000082500000| Untracked |  0
|  38|0x0000000082600000, 0x0000000082700000, 0x0000000082700000|100%| O|  |TAMS 0x0000000082700000| PB 0x0000000082600000| Untracked |  0
|  39|0x0000000082700000, 0x0000000082800000, 0x0000000082800000|100%| O|  |TAMS 0x0000000082800000| PB 0x0000000082700000| Untracked |  0
|  40|0x0000000082800000, 0x0000000082900000, 0x0000000082900000|100%| O|  |TAMS 0x0000000082900000| PB 0x0000000082800000| Untracked |  0
|  41|0x0000000082900000, 0x0000000082a00000, 0x0000000082a00000|100%| O|  |TAMS 0x0000000082a00000| PB 0x0000000082900000| Untracked |  0
|  42|0x0000000082a00000, 0x0000000082b00000, 0x0000000082b00000|100%| O|  |TAMS 0x0000000082b00000| PB 0x0000000082a00000| Untracked |  0
|  43|0x0000000082b00000, 0x0000000082c00000, 0x0000000082c00000|100%| O|  |TAMS 0x0000000082c00000| PB 0x0000000082b00000| Untracked |  0
|  44|0x0000000082c00000, 0x0000000082d00000, 0x0000000082d00000|100%| O|  |TAMS 0x0000000082d00000| PB 0x0000000082c00000| Untracked |  0
|  45|0x0000000082d00000, 0x0000000082e00000, 0x0000000082e00000|100%| O|  |TAMS 0x0000000082e00000| PB 0x0000000082d00000| Untracked |  0
|  46|0x0000000082e00000, 0x0000000082f00000, 0x0000000082f00000|100%| O|  |TAMS 0x0000000082f00000| PB 0x0000000082e00000| Untracked |  0
|  47|0x0000000082f00000, 0x0000000083000000, 0x0000000083000000|100%|HS|  |TAMS 0x0000000083000000| PB 0x0000000082f00000| Complete |  0
|  48|0x0000000083000000, 0x0000000083100000, 0x0000000083100000|100%| O|  |TAMS 0x0000000083000000| PB 0x0000000083000000| Untracked |  0
|  49|0x0000000083100000, 0x0000000083200000, 0x0000000083200000|100%| O|  |TAMS 0x0000000083100000| PB 0x0000000083100000| Untracked |  0
|  50|0x0000000083200000, 0x0000000083300000, 0x0000000083300000|100%|HS|  |TAMS 0x0000000083300000| PB 0x0000000083200000| Complete |  0
|  51|0x0000000083300000, 0x0000000083400000, 0x0000000083400000|100%|HS|  |TAMS 0x0000000083400000| PB 0x0000000083300000| Complete |  0
|  52|0x0000000083400000, 0x0000000083500000, 0x0000000083500000|100%|HS|  |TAMS 0x0000000083500000| PB 0x0000000083400000| Complete |  0
|  53|0x0000000083500000, 0x0000000083600000, 0x0000000083600000|100%|HS|  |TAMS 0x0000000083600000| PB 0x0000000083500000| Complete |  0
|  54|0x0000000083600000, 0x0000000083700000, 0x0000000083700000|100%|HC|  |TAMS 0x0000000083700000| PB 0x0000000083600000| Complete |  0
|  55|0x0000000083700000, 0x0000000083800000, 0x0000000083800000|100%|HS|  |TAMS 0x0000000083800000| PB 0x0000000083700000| Complete |  0
|  56|0x0000000083800000, 0x0000000083900000, 0x0000000083900000|100%|HS|  |TAMS 0x0000000083900000| PB 0x0000000083800000| Complete |  0
|  57|0x0000000083900000, 0x0000000083a00000, 0x0000000083a00000|100%| O|  |TAMS 0x0000000083900000| PB 0x0000000083900000| Untracked |  0
|  58|0x0000000083a00000, 0x0000000083b00000, 0x0000000083b00000|100%|HS|  |TAMS 0x0000000083b00000| PB 0x0000000083a00000| Complete |  0
|  59|0x0000000083b00000, 0x0000000083c00000, 0x0000000083c00000|100%|HC|  |TAMS 0x0000000083c00000| PB 0x0000000083b00000| Complete |  0
|  60|0x0000000083c00000, 0x0000000083d00000, 0x0000000083d00000|100%| O|  |TAMS 0x0000000083d00000| PB 0x0000000083c00000| Untracked |  0
|  61|0x0000000083d00000, 0x0000000083e00000, 0x0000000083e00000|100%| O|  |TAMS 0x0000000083e00000| PB 0x0000000083d00000| Untracked |  0
|  62|0x0000000083e00000, 0x0000000083f00000, 0x0000000083f00000|100%| O|  |TAMS 0x0000000083f00000| PB 0x0000000083e00000| Untracked |  0
|  63|0x0000000083f00000, 0x0000000084000000, 0x0000000084000000|100%| O|  |TAMS 0x0000000084000000| PB 0x0000000083f00000| Untracked |  0
|  64|0x0000000084000000, 0x0000000084100000, 0x0000000084100000|100%| O|  |TAMS 0x0000000084100000| PB 0x0000000084000000| Untracked |  0
|  65|0x0000000084100000, 0x0000000084200000, 0x0000000084200000|100%| O|  |TAMS 0x0000000084200000| PB 0x0000000084100000| Untracked |  0
|  66|0x0000000084200000, 0x0000000084300000, 0x0000000084300000|100%| O|  |TAMS 0x0000000084200000| PB 0x0000000084200000| Untracked |  0
|  67|0x0000000084300000, 0x0000000084393ba0, 0x0000000084400000| 57%| O|  |TAMS 0x0000000084300000| PB 0x0000000084300000| Untracked |  0
|  68|0x0000000084400000, 0x0000000084500000, 0x0000000084500000|100%|HS|  |TAMS 0x0000000084500000| PB 0x0000000084400000| Complete |  0
|  69|0x0000000084500000, 0x0000000084600000, 0x0000000084600000|100%| O|  |TAMS 0x0000000084600000| PB 0x0000000084500000| Untracked |  0
|  70|0x0000000084600000, 0x0000000084700000, 0x0000000084700000|100%| O|  |TAMS 0x0000000084700000| PB 0x0000000084600000| Untracked |  0
|  71|0x0000000084700000, 0x0000000084700000, 0x0000000084800000|  0%| F|  |TAMS 0x0000000084700000| PB 0x0000000084700000| Untracked |  0
|  72|0x0000000084800000, 0x0000000084800000, 0x0000000084900000|  0%| F|  |TAMS 0x0000000084800000| PB 0x0000000084800000| Untracked |  0
|  73|0x0000000084900000, 0x0000000084900000, 0x0000000084a00000|  0%| F|  |TAMS 0x0000000084900000| PB 0x0000000084900000| Untracked |  0
|  74|0x0000000084a00000, 0x0000000084a00000, 0x0000000084b00000|  0%| F|  |TAMS 0x0000000084a00000| PB 0x0000000084a00000| Untracked |  0
|  75|0x0000000084b00000, 0x0000000084b00000, 0x0000000084c00000|  0%| F|  |TAMS 0x0000000084b00000| PB 0x0000000084b00000| Untracked |  0
|  76|0x0000000084c00000, 0x0000000084c00000, 0x0000000084d00000|  0%| F|  |TAMS 0x0000000084c00000| PB 0x0000000084c00000| Untracked |  0
|  77|0x0000000084d00000, 0x0000000084d00000, 0x0000000084e00000|  0%| F|  |TAMS 0x0000000084d00000| PB 0x0000000084d00000| Untracked |  0
|  78|0x0000000084e00000, 0x0000000084e00000, 0x0000000084f00000|  0%| F|  |TAMS 0x0000000084e00000| PB 0x0000000084e00000| Untracked |  0
|  79|0x0000000084f00000, 0x0000000084f00000, 0x0000000085000000|  0%| F|  |TAMS 0x0000000084f00000| PB 0x0000000084f00000| Untracked |  0
|  80|0x0000000085000000, 0x00000000850b5040, 0x0000000085100000| 70%| S|CS|TAMS 0x0000000085000000| PB 0x0000000085000000| Complete |  0
|  81|0x0000000085100000, 0x0000000085200000, 0x0000000085200000|100%| S|CS|TAMS 0x0000000085100000| PB 0x0000000085100000| Complete |  0
|  82|0x0000000085200000, 0x0000000085200000, 0x0000000085300000|  0%| F|  |TAMS 0x0000000085200000| PB 0x0000000085200000| Untracked |  0
|  83|0x0000000085300000, 0x0000000085300000, 0x0000000085400000|  0%| F|  |TAMS 0x0000000085300000| PB 0x0000000085300000| Untracked |  0
|  84|0x0000000085400000, 0x0000000085400000, 0x0000000085500000|  0%| F|  |TAMS 0x0000000085400000| PB 0x0000000085400000| Untracked |  0
|  85|0x0000000085500000, 0x0000000085500000, 0x0000000085600000|  0%| F|  |TAMS 0x0000000085500000| PB 0x0000000085500000| Untracked |  0
|  86|0x0000000085600000, 0x0000000085600000, 0x0000000085700000|  0%| F|  |TAMS 0x0000000085600000| PB 0x0000000085600000| Untracked |  0
|  87|0x0000000085700000, 0x0000000085700000, 0x0000000085800000|  0%| F|  |TAMS 0x0000000085700000| PB 0x0000000085700000| Untracked |  0
|  88|0x0000000085800000, 0x0000000085800000, 0x0000000085900000|  0%| F|  |TAMS 0x0000000085800000| PB 0x0000000085800000| Untracked |  0
|  89|0x0000000085900000, 0x0000000085900000, 0x0000000085a00000|  0%| F|  |TAMS 0x0000000085900000| PB 0x0000000085900000| Untracked |  0
|  90|0x0000000085a00000, 0x0000000085a00000, 0x0000000085b00000|  0%| F|  |TAMS 0x0000000085a00000| PB 0x0000000085a00000| Untracked |  0
|  91|0x0000000085b00000, 0x0000000085b00000, 0x0000000085c00000|  0%| F|  |TAMS 0x0000000085b00000| PB 0x0000000085b00000| Untracked |  0
|  92|0x0000000085c00000, 0x0000000085c00000, 0x0000000085d00000|  0%| F|  |TAMS 0x0000000085c00000| PB 0x0000000085c00000| Untracked |  0
|  93|0x0000000085d00000, 0x0000000085d00000, 0x0000000085e00000|  0%| F|  |TAMS 0x0000000085d00000| PB 0x0000000085d00000| Untracked |  0
|  94|0x0000000085e00000, 0x0000000085e00000, 0x0000000085f00000|  0%| F|  |TAMS 0x0000000085e00000| PB 0x0000000085e00000| Untracked |  0
|  95|0x0000000085f00000, 0x0000000085f00000, 0x0000000086000000|  0%| F|  |TAMS 0x0000000085f00000| PB 0x0000000085f00000| Untracked |  0
|  96|0x0000000086000000, 0x0000000086000000, 0x0000000086100000|  0%| F|  |TAMS 0x0000000086000000| PB 0x0000000086000000| Untracked |  0
|  97|0x0000000086100000, 0x0000000086100000, 0x0000000086200000|  0%| F|  |TAMS 0x0000000086100000| PB 0x0000000086100000| Untracked |  0
|  98|0x0000000086200000, 0x0000000086200000, 0x0000000086300000|  0%| F|  |TAMS 0x0000000086200000| PB 0x0000000086200000| Untracked |  0
|  99|0x0000000086300000, 0x0000000086300000, 0x0000000086400000|  0%| F|  |TAMS 0x0000000086300000| PB 0x0000000086300000| Untracked |  0
| 100|0x0000000086400000, 0x0000000086400000, 0x0000000086500000|  0%| F|  |TAMS 0x0000000086400000| PB 0x0000000086400000| Untracked |  0
| 101|0x0000000086500000, 0x0000000086500000, 0x0000000086600000|  0%| F|  |TAMS 0x0000000086500000| PB 0x0000000086500000| Untracked |  0
| 193|0x000000008c100000, 0x000000008c100000, 0x000000008c200000|  0%| F|  |TAMS 0x000000008c100000| PB 0x000000008c100000| Untracked |  0
| 194|0x000000008c200000, 0x000000008c200000, 0x000000008c300000|  0%| F|  |TAMS 0x000000008c200000| PB 0x000000008c200000| Untracked |  0
| 195|0x000000008c300000, 0x000000008c300000, 0x000000008c400000|  0%| F|  |TAMS 0x000000008c300000| PB 0x000000008c300000| Untracked |  0
| 196|0x000000008c400000, 0x000000008c400000, 0x000000008c500000|  0%| F|  |TAMS 0x000000008c400000| PB 0x000000008c400000| Untracked |  0
| 197|0x000000008c500000, 0x000000008c500000, 0x000000008c600000|  0%| F|  |TAMS 0x000000008c500000| PB 0x000000008c500000| Untracked |  0
| 198|0x000000008c600000, 0x000000008c600000, 0x000000008c700000|  0%| F|  |TAMS 0x000000008c600000| PB 0x000000008c600000| Untracked |  0
| 199|0x000000008c700000, 0x000000008c700000, 0x000000008c800000|  0%| F|  |TAMS 0x000000008c700000| PB 0x000000008c700000| Untracked |  0
| 200|0x000000008c800000, 0x000000008c800000, 0x000000008c900000|  0%| F|  |TAMS 0x000000008c800000| PB 0x000000008c800000| Untracked |  0
| 201|0x000000008c900000, 0x000000008c900000, 0x000000008ca00000|  0%| F|  |TAMS 0x000000008c900000| PB 0x000000008c900000| Untracked |  0
| 202|0x000000008ca00000, 0x000000008ca00000, 0x000000008cb00000|  0%| F|  |TAMS 0x000000008ca00000| PB 0x000000008ca00000| Untracked |  0
| 203|0x000000008cb00000, 0x000000008cb00000, 0x000000008cc00000|  0%| F|  |TAMS 0x000000008cb00000| PB 0x000000008cb00000| Untracked |  0
| 243|0x000000008f300000, 0x000000008f300000, 0x000000008f400000|  0%| F|  |TAMS 0x000000008f300000| PB 0x000000008f300000| Untracked |  0
|2038|0x00000000ff600000, 0x00000000ff700000, 0x00000000ff700000|100%| O|  |TAMS 0x00000000ff659020| PB 0x00000000ff600000| Untracked |  0
|2039|0x00000000ff700000, 0x00000000ff800000, 0x00000000ff800000|100%| O|  |TAMS 0x00000000ff800000| PB 0x00000000ff700000| Untracked |  0
|2040|0x00000000ff800000, 0x00000000ff900000, 0x00000000ff900000|100%| O|  |TAMS 0x00000000ff900000| PB 0x00000000ff800000| Untracked |  0
|2041|0x00000000ff900000, 0x00000000ffa00000, 0x00000000ffa00000|100%| O|  |TAMS 0x00000000ffa00000| PB 0x00000000ff900000| Untracked |  0
|2042|0x00000000ffa00000, 0x00000000ffb00000, 0x00000000ffb00000|100%| O|  |TAMS 0x00000000ffb00000| PB 0x00000000ffa00000| Untracked |  0
|2043|0x00000000ffb00000, 0x00000000ffb00000, 0x00000000ffc00000|  0%| F|  |TAMS 0x00000000ffb00000| PB 0x00000000ffb00000| Untracked |  0
|2044|0x00000000ffc00000, 0x00000000ffd00000, 0x00000000ffd00000|100%| O|  |TAMS 0x00000000ffd00000| PB 0x00000000ffc00000| Untracked |  0
|2045|0x00000000ffd00000, 0x00000000ffd00000, 0x00000000ffe00000|  0%| F|  |TAMS 0x00000000ffd00000| PB 0x00000000ffd00000| Untracked |  0
|2046|0x00000000ffe00000, 0x00000000fff00000, 0x00000000fff00000|100%| O|  |TAMS 0x00000000fff00000| PB 0x00000000ffe00000| Untracked |  0
|2047|0x00000000fff00000, 0x00000000fff00000, 0x0000000100000000|  0%| F|  |TAMS 0x00000000fff00000| PB 0x00000000fff00000| Untracked |  0

Card table byte_map: [0x0000017f49160000,0x0000017f49560000] _byte_map_base: 0x0000017f48d60000

Marking Bits: (CMBitMap*) 0x0000017f30ed3b10
 Bits: [0x0000017f49560000, 0x0000017f4b560000)

Polling page: 0x0000017f2ed50000

Metaspace:
Metaspace        used 71534K, committed 73728K, reserved 1179648K
 class space     used 7862K, committed 8896K, reserved 1048576K

Usage:
  Non-class:     62.18 MB used.
      Class:      7.68 MB used.
       Both:     69.86 MB used.

Virtual space:
  Non-class space:      128.00 MB reserved,      63.31 MB ( 49%) committed,  2 nodes.
      Class space:        1.00 GB reserved,       8.69 MB ( <1%) committed,  1 nodes.
             Both:        1.12 GB reserved,      72.00 MB (  6%) committed. 

Chunk freelists:
   Non-Class:  15.91 MB
       Class:  7.28 MB
        Both:  23.19 MB

MaxMetaspaceSize: unlimited
CompressedClassSpaceSize: 1.00 GB
Initial GC threshold: 21.00 MB
Current GC threshold: 108.06 MB
CDS: on
 - commit_granule_bytes: 65536.
 - commit_granule_words: 8192.
 - virtual_space_node_default_size: 8388608.
 - enlarge_chunks_in_place: 1.
UseCompressedClassPointers 1, UseCompactObjectHeaders 0
Narrow klass pointer bits 32, Max shift 3
Narrow klass base: 0x000000002d000000, Narrow klass shift: 0
Encoding Range: [0x000000002d000000 - 0x000000012d000000), (4294967296 bytes)
Klass Range:    [0x000000002d010000 - 0x000000006e000000), (1090453504 bytes)
Klass ID Range:  [65536 - 1090519033) (1090453497)
Protection zone: [0x000000002d000000 - 0x000000002d010000), (65536 bytes)


Internal statistics:

num_allocs_failed_limit: 6.
num_arena_births: 3762.
num_arena_deaths: 0.
num_vsnodes_births: 3.
num_vsnodes_deaths: 0.
num_space_committed: 1152.
num_space_uncommitted: 0.
num_chunks_returned_to_freelist: 6.
num_chunks_taken_from_freelist: 6930.
num_chunk_merges: 6.
num_chunk_splits: 4611.
num_chunks_enlarged: 2957.
num_inconsistent_stats: 0.

CodeHeap 'non-profiled nmethods': size=120064Kb used=3902Kb max_used=3902Kb free=116162Kb
 bounds [0x0000017f411c0000, 0x0000017f41590000, 0x0000017f48700000]
CodeHeap 'profiled nmethods': size=120000Kb used=13717Kb max_used=13717Kb free=106282Kb
 bounds [0x0000017f39700000, 0x0000017f3a470000, 0x0000017f40c30000]
CodeHeap 'non-nmethods': size=5696Kb used=2021Kb max_used=2126Kb free=3675Kb
 bounds [0x0000017f40c30000, 0x0000017f40ea0000, 0x0000017f411c0000]
CodeCache: size=245760Kb, used=19640Kb, max_used=19745Kb, free=226119Kb
 total_blobs=10360, nmethods=9491, adapters=771, full_count=0
Compilation: enabled, stopped_count=0, restarted_count=0

Compilation events (20 events):
Event: 8.747 Thread 0x0000017f4e18aae0 11033       3       org.gradle.internal.instantiation.generator.AbstractClassGenerator$DslMixInPropertyType::<init> (40 bytes)
Event: 8.747 Thread 0x0000017f4e18aae0 nmethod 11033 0x0000017f3a45cd08 code [0x0000017f3a45ce00, 0x0000017f3a45d850]
Event: 8.747 Thread 0x0000017f4e18aae0 11034       3       org.gradle.internal.instantiation.generator.AsmBackedClassGenerator::start (68 bytes)
Event: 8.747 Thread 0x0000017f4e18aae0 nmethod 11034 0x0000017f3a45d888 code [0x0000017f3a45d980, 0x0000017f3a45e428]
Event: 8.747 Thread 0x0000017f4e18aae0 11037       3       org.gradle.internal.instantiation.generator.AbstractClassGenerator$GeneratedClassImpl::<init> (128 bytes)
Event: 8.749 Thread 0x0000017f4e18aae0 nmethod 11037 0x0000017f3a45e488 code [0x0000017f3a45e580, 0x0000017f3a460da8]
Event: 8.749 Thread 0x0000017f4e18aae0 11036       3       org.gradle.internal.instantiation.generator.AbstractClassGenerator$AbstractInjectedPropertyHandler::getInjectedServices (59 bytes)
Event: 8.749 Thread 0x0000017f4e18aae0 nmethod 11036 0x0000017f3a460e08 code [0x0000017f3a460f00, 0x0000017f3a461f88]
Event: 8.749 Thread 0x0000017f4e18aae0 11039       3       org.objectweb.asm.Type::getMethodDescriptor (74 bytes)
Event: 8.749 Thread 0x0000017f4e18aae0 nmethod 11039 0x0000017f3a462008 code [0x0000017f3a462100, 0x0000017f3a462c60]
Event: 8.749 Thread 0x0000017f4e18aae0 11040       3       org.objectweb.asm.SymbolTable::addConstantNameAndType (137 bytes)
Event: 8.749 Thread 0x0000017f4e18aae0 nmethod 11040 0x0000017f3a462c88 code [0x0000017f3a462d80, 0x0000017f3a4637b8]
Event: 8.749 Thread 0x0000017f4e18aae0 11038       3       org.objectweb.asm.commons.Method::getMethod (16 bytes)
Event: 8.750 Thread 0x0000017f4e18aae0 nmethod 11038 0x0000017f3a463808 code [0x0000017f3a463900, 0x0000017f3a463c98]
Event: 8.750 Thread 0x0000017f4e18aae0 11041       3       org.objectweb.asm.SymbolTable$Entry::<init> (20 bytes)
Event: 8.750 Thread 0x0000017f4e18aae0 nmethod 11041 0x0000017f3a463d08 code [0x0000017f3a463e00, 0x0000017f3a463f58]
Event: 8.750 Thread 0x0000017f4e18aae0 11035       3       org.gradle.internal.instantiation.generator.AsmBackedClassGenerator$ClassInspectionVisitorImpl::builder (248 bytes)
Event: 8.750 Thread 0x0000017f4e18aae0 nmethod 11035 0x0000017f3a464008 code [0x0000017f3a464100, 0x0000017f3a465330]
Event: 8.750 Thread 0x0000017f4e18aae0 11043       3       kotlin.sequences.TransformingSequence$iterator$1::next (22 bytes)
Event: 8.750 Thread 0x0000017f4e18aae0 nmethod 11043 0x0000017f3a465388 code [0x0000017f3a465480, 0x0000017f3a465740]

GC Heap Usage History (20 events):
Event: 5.892 {heap After GC invocations=17 (full 0):
 garbage-first heap   total reserved 2097152K, committed 88064K, used 48937K [0x0000000080000000, 0x0000000100000000)
  region size 1024K, 5 young (5120K), 5 survivors (5120K)
}
Event: 6.275 {heap Before GC invocations=17 (full 0):
 garbage-first heap   total reserved 2097152K, committed 88064K, used 78633K [0x0000000080000000, 0x0000000100000000)
  region size 1024K, 35 young (35840K), 5 survivors (5120K)
}
Event: 6.280 {heap After GC invocations=18 (full 0):
 garbage-first heap   total reserved 2097152K, committed 106496K, used 50734K [0x0000000080000000, 0x0000000100000000)
  region size 1024K, 2 young (2048K), 2 survivors (2048K)
}
Event: 6.790 {heap Before GC invocations=19 (full 0):
 garbage-first heap   total reserved 2097152K, committed 106496K, used 94766K [0x0000000080000000, 0x0000000100000000)
  region size 1024K, 46 young (47104K), 2 survivors (2048K)
}
Event: 6.793 {heap After GC invocations=20 (full 0):
 garbage-first heap   total reserved 2097152K, committed 106496K, used 52565K [0x0000000080000000, 0x0000000100000000)
  region size 1024K, 4 young (4096K), 4 survivors (4096K)
}
Event: 7.043 {heap Before GC invocations=20 (full 0):
 garbage-first heap   total reserved 2097152K, committed 106496K, used 95573K [0x0000000080000000, 0x0000000100000000)
  region size 1024K, 47 young (48128K), 4 survivors (4096K)
}
Event: 7.048 {heap After GC invocations=21 (full 0):
 garbage-first heap   total reserved 2097152K, committed 106496K, used 54697K [0x0000000080000000, 0x0000000100000000)
  region size 1024K, 5 young (5120K), 5 survivors (5120K)
}
Event: 7.081 {heap Before GC invocations=21 (full 0):
 garbage-first heap   total reserved 2097152K, committed 106496K, used 56745K [0x0000000080000000, 0x0000000100000000)
  region size 1024K, 8 young (8192K), 5 survivors (5120K)
}
Event: 7.083 {heap After GC invocations=22 (full 0):
 garbage-first heap   total reserved 2097152K, committed 106496K, used 55018K [0x0000000080000000, 0x0000000100000000)
  region size 1024K, 3 young (3072K), 3 survivors (3072K)
}
Event: 7.500 {heap Before GC invocations=23 (full 0):
 garbage-first heap   total reserved 2097152K, committed 106496K, used 104170K [0x0000000080000000, 0x0000000100000000)
  region size 1024K, 45 young (46080K), 3 survivors (3072K)
}
Event: 7.504 {heap After GC invocations=24 (full 0):
 garbage-first heap   total reserved 2097152K, committed 114688K, used 67623K [0x0000000080000000, 0x0000000100000000)
  region size 1024K, 6 young (6144K), 6 survivors (6144K)
}
Event: 7.831 {heap Before GC invocations=24 (full 0):
 garbage-first heap   total reserved 2097152K, committed 114688K, used 105511K [0x0000000080000000, 0x0000000100000000)
  region size 1024K, 41 young (41984K), 6 survivors (6144K)
}
Event: 7.835 {heap After GC invocations=25 (full 0):
 garbage-first heap   total reserved 2097152K, committed 115712K, used 70566K [0x0000000080000000, 0x0000000100000000)
  region size 1024K, 2 young (2048K), 2 survivors (2048K)
}
Event: 7.842 {heap Before GC invocations=25 (full 0):
 garbage-first heap   total reserved 2097152K, committed 115712K, used 70566K [0x0000000080000000, 0x0000000100000000)
  region size 1024K, 4 young (4096K), 2 survivors (2048K)
}
Event: 7.844 {heap After GC invocations=26 (full 0):
 garbage-first heap   total reserved 2097152K, committed 115712K, used 70691K [0x0000000080000000, 0x0000000100000000)
  region size 1024K, 2 young (2048K), 2 survivors (2048K)
}
Event: 8.229 {heap Before GC invocations=27 (full 0):
 garbage-first heap   total reserved 2097152K, committed 122880K, used 105507K [0x0000000080000000, 0x0000000100000000)
  region size 1024K, 35 young (35840K), 2 survivors (2048K)
}
Event: 8.232 {heap After GC invocations=28 (full 0):
 garbage-first heap   total reserved 2097152K, committed 122880K, used 74104K [0x0000000080000000, 0x0000000100000000)
  region size 1024K, 4 young (4096K), 4 survivors (4096K)
}
Event: 8.471 {heap Before GC invocations=28 (full 0):
 garbage-first heap   total reserved 2097152K, committed 122880K, used 116088K [0x0000000080000000, 0x0000000100000000)
  region size 1024K, 40 young (40960K), 4 survivors (4096K)
}
Event: 8.475 {heap After GC invocations=29 (full 0):
 garbage-first heap   total reserved 2097152K, committed 126976K, used 79204K [0x0000000080000000, 0x0000000100000000)
  region size 1024K, 5 young (5120K), 5 survivors (5120K)
}
Event: 8.751 {heap Before GC invocations=29 (full 0):
 garbage-first heap   total reserved 2097152K, committed 126976K, used 114020K [0x0000000080000000, 0x0000000100000000)
  region size 1024K, 39 young (39936K), 5 survivors (5120K)
}

Metaspace Usage History (20 events):
Event: 5.892 {metaspace After GC invocations=17 (full 0):
 Metaspace       used 56709K, committed 58688K, reserved 1114112K
  class space    used 6489K, committed 7424K, reserved 1048576K
}
Event: 6.275 {metaspace Before GC invocations=17 (full 0):
 Metaspace       used 57228K, committed 59264K, reserved 1114112K
  class space    used 6512K, committed 7488K, reserved 1048576K
}
Event: 6.280 {metaspace After GC invocations=18 (full 0):
 Metaspace       used 57228K, committed 59264K, reserved 1114112K
  class space    used 6512K, committed 7488K, reserved 1048576K
}
Event: 6.790 {metaspace Before GC invocations=19 (full 0):
 Metaspace       used 57396K, committed 59392K, reserved 1114112K
  class space    used 6512K, committed 7488K, reserved 1048576K
}
Event: 6.793 {metaspace After GC invocations=20 (full 0):
 Metaspace       used 57396K, committed 59392K, reserved 1114112K
  class space    used 6512K, committed 7488K, reserved 1048576K
}
Event: 7.043 {metaspace Before GC invocations=20 (full 0):
 Metaspace       used 57657K, committed 59648K, reserved 1114112K
  class space    used 6550K, committed 7488K, reserved 1048576K
}
Event: 7.048 {metaspace After GC invocations=21 (full 0):
 Metaspace       used 57657K, committed 59648K, reserved 1114112K
  class space    used 6550K, committed 7488K, reserved 1048576K
}
Event: 7.081 {metaspace Before GC invocations=21 (full 0):
 Metaspace       used 57722K, committed 59712K, reserved 1114112K
  class space    used 6555K, committed 7488K, reserved 1048576K
}
Event: 7.083 {metaspace After GC invocations=22 (full 0):
 Metaspace       used 57722K, committed 59712K, reserved 1114112K
  class space    used 6555K, committed 7488K, reserved 1048576K
}
Event: 7.500 {metaspace Before GC invocations=23 (full 0):
 Metaspace       used 60757K, committed 62784K, reserved 1114112K
  class space    used 6779K, committed 7744K, reserved 1048576K
}
Event: 7.504 {metaspace After GC invocations=24 (full 0):
 Metaspace       used 60757K, committed 62784K, reserved 1114112K
  class space    used 6779K, committed 7744K, reserved 1048576K
}
Event: 7.831 {metaspace Before GC invocations=24 (full 0):
 Metaspace       used 64014K, committed 66176K, reserved 1114112K
  class space    used 7149K, committed 8192K, reserved 1048576K
}
Event: 7.835 {metaspace After GC invocations=25 (full 0):
 Metaspace       used 64014K, committed 66176K, reserved 1114112K
  class space    used 7149K, committed 8192K, reserved 1048576K
}
Event: 7.842 {metaspace Before GC invocations=25 (full 0):
 Metaspace       used 64031K, committed 66240K, reserved 1114112K
  class space    used 7149K, committed 8192K, reserved 1048576K
}
Event: 7.844 {metaspace After GC invocations=26 (full 0):
 Metaspace       used 64031K, committed 66240K, reserved 1114112K
  class space    used 7149K, committed 8192K, reserved 1048576K
}
Event: 8.229 {metaspace Before GC invocations=27 (full 0):
 Metaspace       used 67376K, committed 69504K, reserved 1114112K
  class space    used 7493K, committed 8512K, reserved 1048576K
}
Event: 8.232 {metaspace After GC invocations=28 (full 0):
 Metaspace       used 67376K, committed 69504K, reserved 1114112K
  class space    used 7493K, committed 8512K, reserved 1048576K
}
Event: 8.471 {metaspace Before GC invocations=28 (full 0):
 Metaspace       used 68950K, committed 71168K, reserved 1114112K
  class space    used 7638K, committed 8704K, reserved 1048576K
}
Event: 8.475 {metaspace After GC invocations=29 (full 0):
 Metaspace       used 68950K, committed 71168K, reserved 1114112K
  class space    used 7638K, committed 8704K, reserved 1048576K
}
Event: 8.751 {metaspace Before GC invocations=29 (full 0):
 Metaspace       used 71534K, committed 73728K, reserved 1179648K
  class space    used 7862K, committed 8896K, reserved 1048576K
}

Dll operation events (14 events):
Event: 0.010 Loaded shared library C:\Users\ssrry\oracleJdk-25\bin\java.dll
Event: 0.086 Loaded shared library C:\Users\ssrry\oracleJdk-25\bin\zip.dll
Event: 0.089 Loaded shared library C:\Users\ssrry\oracleJdk-25\bin\instrument.dll
Event: 0.097 Loaded shared library C:\Users\ssrry\oracleJdk-25\bin\net.dll
Event: 0.101 Loaded shared library C:\Users\ssrry\oracleJdk-25\bin\nio.dll
Event: 0.105 Loaded shared library C:\Users\ssrry\oracleJdk-25\bin\zip.dll
Event: 0.362 Loaded shared library C:\Users\ssrry\oracleJdk-25\bin\jimage.dll
Event: 0.487 Loaded shared library C:\Users\ssrry\oracleJdk-25\bin\verify.dll
Event: 0.504 Loaded shared library C:\Users\ssrry\.gradle\native\1def1411415f61bf3af743bc5b6707747c0891f09f0c88961ee8f79bc544acac\windows-amd64\native-platform.dll
Event: 0.511 Loaded shared library C:\Users\ssrry\.gradle\native\0.2.8\x86_64-windows-gnu\gradle-fileevents.dll
Event: 1.134 Loaded shared library C:\Users\ssrry\oracleJdk-25\bin\management.dll
Event: 1.137 Loaded shared library C:\Users\ssrry\oracleJdk-25\bin\management_ext.dll
Event: 1.259 Loaded shared library C:\Users\ssrry\oracleJdk-25\bin\extnet.dll
Event: 1.428 Loaded shared library C:\Users\ssrry\oracleJdk-25\bin\sunmscapi.dll

Deoptimization events (20 events):
Event: 8.578 Thread 0x0000017f541d6280 DEOPT PACKING pc=0x0000017f4155f394 sp=0x0000001957df5a00
Event: 8.578 Thread 0x0000017f541d6280 DEOPT UNPACKING pc=0x0000017f40cb9102 sp=0x0000001957df5998 mode 2
Event: 8.594 Thread 0x0000017f541d6280 DEOPT PACKING pc=0x0000017f39ff35be sp=0x0000001957df5020
Event: 8.594 Thread 0x0000017f541d6280 DEOPT UNPACKING pc=0x0000017f40c81702 sp=0x0000001957df45e0 mode 0
Event: 8.619 Thread 0x0000017f541d6280 Uncommon trap: trap_request=0xffffffc6 fr.pc=0x0000017f412ff858 relative=0x0000000000000058
Event: 8.619 Thread 0x0000017f541d6280 Uncommon trap: reason=bimorphic_or_optimized_type_check action=maybe_recompile pc=0x0000017f412ff858 method=java.util.AbstractQueue.add(Ljava/lang/Object;)Z @ 2 c2
Event: 8.619 Thread 0x0000017f541d6280 DEOPT PACKING pc=0x0000017f412ff858 sp=0x0000001957df5e70
Event: 8.619 Thread 0x0000017f541d6280 DEOPT UNPACKING pc=0x0000017f40cb9102 sp=0x0000001957df5e18 mode 2
Event: 8.619 Thread 0x0000017f541d6280 Uncommon trap: trap_request=0xffffffc6 fr.pc=0x0000017f412ff858 relative=0x0000000000000058
Event: 8.619 Thread 0x0000017f541d6280 Uncommon trap: reason=bimorphic_or_optimized_type_check action=maybe_recompile pc=0x0000017f412ff858 method=java.util.AbstractQueue.add(Ljava/lang/Object;)Z @ 2 c2
Event: 8.619 Thread 0x0000017f541d6280 DEOPT PACKING pc=0x0000017f412ff858 sp=0x0000001957df5e70
Event: 8.619 Thread 0x0000017f541d6280 DEOPT UNPACKING pc=0x0000017f40cb9102 sp=0x0000001957df5e18 mode 2
Event: 8.721 Thread 0x0000017f541d6280 Uncommon trap: trap_request=0xffffff5e fr.pc=0x0000017f4158c194 relative=0x0000000000000694
Event: 8.721 Thread 0x0000017f541d6280 Uncommon trap: reason=speculate_class_check action=maybe_recompile pc=0x0000017f4158c194 method=java.util.HashMap.putVal(ILjava/lang/Object;Ljava/lang/Object;ZZ)Ljava/lang/Object; @ 152 c2
Event: 8.721 Thread 0x0000017f541d6280 DEOPT PACKING pc=0x0000017f4158c194 sp=0x0000001957df5d60
Event: 8.721 Thread 0x0000017f541d6280 DEOPT UNPACKING pc=0x0000017f40cb9102 sp=0x0000001957df5c40 mode 2
Event: 8.721 Thread 0x0000017f541d6280 Uncommon trap: trap_request=0xffffff5e fr.pc=0x0000017f4158c194 relative=0x0000000000000694
Event: 8.721 Thread 0x0000017f541d6280 Uncommon trap: reason=speculate_class_check action=maybe_recompile pc=0x0000017f4158c194 method=java.util.HashMap.putVal(ILjava/lang/Object;Ljava/lang/Object;ZZ)Ljava/lang/Object; @ 152 c2
Event: 8.721 Thread 0x0000017f541d6280 DEOPT PACKING pc=0x0000017f4158c194 sp=0x0000001957df5d60
Event: 8.721 Thread 0x0000017f541d6280 DEOPT UNPACKING pc=0x0000017f40cb9102 sp=0x0000001957df5c40 mode 2

Classes loaded (20 events):
Event: 8.533 Loading class java/lang/StackStreamFactory$StackFrameBuffer
Event: 8.533 Loading class java/lang/StackStreamFactory$FrameBuffer
Event: 8.534 Loading class java/lang/StackStreamFactory$FrameBuffer done
Event: 8.534 Loading class java/lang/StackStreamFactory$StackFrameBuffer done
Event: 8.534 Loading class java/util/stream/WhileOps
Event: 8.534 Loading class java/util/stream/WhileOps done
Event: 8.534 Loading class java/util/stream/WhileOps$1Op
Event: 8.534 Loading class java/util/stream/WhileOps$DropWhileOp
Event: 8.535 Loading class java/util/stream/WhileOps$DropWhileOp done
Event: 8.535 Loading class java/util/stream/WhileOps$1Op done
Event: 8.535 Loading class java/util/stream/WhileOps$1Op$1OpSink
Event: 8.535 Loading class java/util/stream/WhileOps$DropWhileSink
Event: 8.535 Loading class java/util/stream/WhileOps$DropWhileSink done
Event: 8.535 Loading class java/util/stream/WhileOps$1Op$1OpSink done
Event: 8.538 Loading class java/lang/ThreadDeath
Event: 8.538 Loading class java/lang/ThreadDeath done
Event: 8.538 Loading class sun/misc/SharedSecrets
Event: 8.538 Loading class sun/misc/SharedSecrets done
Event: 8.739 Loading class java/security/KeyStore
Event: 8.740 Loading class java/security/KeyStore done

Classes unloaded (0 events):
No events

Classes redefined (0 events):
No events

Internal exceptions (20 events):
Event: 7.030 Thread 0x0000017f541d5ab0 Exception <a 'java/lang/NoSuchMethodError'{0x0000000083cbdd98}: static Lorg/gradle/internal/build/event/types/DefaultProjectConfigurationSuccessResult;.<clinit>()V> (0x0000000083cbdd98) 
thrown [s\open\src\hotspot\share\prims\jni.cpp, line 1106]
Event: 7.031 Thread 0x0000017f541d5ab0 Exception <a 'java/lang/NoSuchMethodError'{0x0000000083cbee48}: static Lorg/gradle/internal/build/event/types/AbstractProjectConfigurationResult;.<clinit>()V> (0x0000000083cbee48) 
thrown [s\open\src\hotspot\share\prims\jni.cpp, line 1106]
Event: 7.031 Thread 0x0000017f541d5ab0 Exception <a 'java/lang/NoSuchMethodError'{0x0000000083cc61d0}: static Lorg/gradle/internal/build/event/types/DefaultPluginApplicationResult;.<clinit>()V> (0x0000000083cc61d0) 
thrown [s\open\src\hotspot\share\prims\jni.cpp, line 1106]
Event: 7.031 Thread 0x0000017f541d5ab0 Exception <a 'java/lang/NoSuchMethodError'{0x0000000083ccd6f0}: static Lorg/gradle/internal/build/event/types/DefaultBinaryPluginIdentifier;.<clinit>()V> (0x0000000083ccd6f0) 
thrown [s\open\src\hotspot\share\prims\jni.cpp, line 1106]
Event: 7.032 Thread 0x0000017f541d5ab0 Exception <a 'java/lang/NoSuchMethodError'{0x0000000083cdd748}: static Lorg/gradle/internal/build/event/types/DefaultScriptPluginIdentifier;.<clinit>()V> (0x0000000083cdd748) 
thrown [s\open\src\hotspot\share\prims\jni.cpp, line 1106]
Event: 7.074 Thread 0x0000017f541d6280 Implicit null exception at 0x0000017f41478fad to 0x0000017f41479661
Event: 7.367 Thread 0x0000017f541d6280 Exception <a 'java/lang/NoSuchMethodError'{0x000000008445adb8}: 'int java.lang.invoke.DirectMethodHandle$Holder.invokeSpecialIFC(java.lang.Object, java.lang.Object, java.lang.Object, java.lang.Object, java.lang.Object)'> (0x000000008445adb8) 
thrown [s\open\src\hotspot\share\interpreter\linkResolver.cpp, line 804]
Event: 7.727 Thread 0x0000017f541d6280 Exception <a 'java/lang/NoSuchMethodError'{0x0000000084fe9378}: 'java.lang.Object java.lang.invoke.DirectMethodHandle$Holder.newInvokeSpecial(java.lang.Object, java.lang.Object, java.lang.Object, java.lang.Object, java.lang.Object, java.lang.Object, java.lang.Object, java.lang.Object, java.lang.Object, java.lang.Object, java.lang.Object, java.lang.Object, java.lang.Object, java.lang.Object, java.lang.Object, java.lang.Object)'> (0x0000000084fe9378) 
thrown [s\open\src\hotspot\share\interpreter\linkResolver
Event: 7.727 Thread 0x0000017f541d6280 Exception <a 'java/lang/NoSuchMethodError'{0x0000000084ff4b50}: 'java.lang.Object java.lang.invoke.DirectMethodHandle$Holder.invokeSpecial(java.lang.Object, java.lang.Object, java.lang.Object, java.lang.Object, java.lang.Object, java.lang.Object, java.lang.Object, java.lang.Object, java.lang.Object, java.lang.Object, java.lang.Object, java.lang.Object, java.lang.Object, java.lang.Object, java.lang.Object, java.lang.Object, java.lang.Object)'> (0x0000000084ff4b50) 
thrown [s\open\src\hotspot\share\interpret
Event: 7.727 Thread 0x0000017f541d6280 Exception <a 'java/lang/NoSuchMethodError'{0x0000000084fff800}: 'java.lang.Object java.lang.invoke.DelegatingMethodHandle$Holder.reinvoke_L(java.lang.Object, java.lang.Object, java.lang.Object, java.lang.Object, java.lang.Object, java.lang.Object, java.lang.Object, java.lang.Object, java.lang.Object, java.lang.Object, java.lang.Object, java.lang.Object, java.lang.Object, java.lang.Object, java.lang.Object, java.lang.Object)'> (0x0000000084fff800) 
thrown [s\open\src\hotspot\share\interpreter\linkResolver.c
Event: 8.020 Thread 0x0000017f541d6280 Exception <a 'java/lang/NoSuchMethodError'{0x0000000085f9a8c0}: static Lorg/jetbrains/kotlin/gradle/plugin/internal/DefaultProjectIsolationStartParameterAccessor$Factory;.<clinit>()V> (0x0000000085f9a8c0) 
thrown [s\open\src\hotspot\share\prims\jni.cpp, line 1106]
Event: 8.021 Thread 0x0000017f541d6280 Exception <a 'java/lang/NoSuchMethodError'{0x0000000085fbb058}: static Lorg/jetbrains/kotlin/gradle/plugin/internal/DefaultJavaExecTaskParametersCompatibility$Factory;.<clinit>()V> (0x0000000085fbb058) 
thrown [s\open\src\hotspot\share\prims\jni.cpp, line 1106]
Event: 8.022 Thread 0x0000017f541d6280 Exception <a 'java/lang/NoSuchMethodError'{0x0000000085fe9430}: static Lorg/jetbrains/kotlin/gradle/plugin/internal/DefaultMavenPublicationComponentAccessorFactory;.<clinit>()V> (0x0000000085fe9430) 
thrown [s\open\src\hotspot\share\prims\jni.cpp, line 1106]
Event: 8.023 Thread 0x0000017f541d6280 Exception <a 'java/lang/NoSuchMethodError'{0x0000000085e08d68}: static Lorg/jetbrains/kotlin/gradle/plugin/diagnostics/DefaultProblemsReporter$Factory;.<clinit>()V> (0x0000000085e08d68) 
thrown [s\open\src\hotspot\share\prims\jni.cpp, line 1106]
Event: 8.024 Thread 0x0000017f541d6280 Exception <a 'java/lang/NoSuchMethodError'{0x0000000085e33580}: static Lorg/jetbrains/kotlin/gradle/plugin/internal/DefaultCompatibilityConventionRegistrar$Factory;.<clinit>()V> (0x0000000085e33580) 
thrown [s\open\src\hotspot\share\prims\jni.cpp, line 1106]
Event: 8.025 Thread 0x0000017f541d6280 Exception <a 'java/lang/NoSuchMethodError'{0x0000000085e52328}: static Lorg/jetbrains/kotlin/gradle/plugin/internal/DefaultConfigurationCacheStartParameterAccessorVariantFactory;.<clinit>()V> (0x0000000085e52328) 
thrown [s\open\src\hotspot\share\prims\jni.cpp, line 1106]
Event: 8.048 Thread 0x0000017f541d6280 Exception <a 'java/lang/IncompatibleClassChangeError'{0x0000000085dd46e0}: Found class java.lang.Object, but interface was expected> (0x0000000085dd46e0) 
thrown [s\open\src\hotspot\share\interpreter\linkResolver.cpp, line 871]
Event: 8.203 Thread 0x0000017f541d6280 Exception <a 'java/lang/NoSuchMethodError'{0x000000008526cf08}: static Ljava/lang/Object;.<clinit>()V> (0x000000008526cf08) 
thrown [s\open\src\hotspot\share\prims\jni.cpp, line 1106]
Event: 8.206 Thread 0x0000017f541d6280 Exception <a 'java/lang/NoSuchMethodError'{0x00000000852bb7b8}: static Lorg/jetbrains/kotlin/gradle/plugin/statistics/MetricContainer;.<clinit>()V> (0x00000000852bb7b8) 
thrown [s\open\src\hotspot\share\prims\jni.cpp, line 1106]
Event: 8.538 Thread 0x0000017f541d6280 Exception <a 'java/lang/ClassNotFoundException'{0x000000008c89f828}: sun/misc/SharedSecrets> (0x000000008c89f828) 
thrown [s\open\src\hotspot\share\classfile\systemDictionary.cpp, line 327]

VM Operations (20 events):
Event: 7.835 Executing safepoint VM operation: G1CollectForAllocation (G1 Evacuation Pause) done
Event: 7.842 Executing safepoint VM operation: G1TryInitiateConcMark (G1 Humongous Allocation)
Event: 7.844 Executing safepoint VM operation: G1TryInitiateConcMark (G1 Humongous Allocation) done
Event: 7.875 Executing safepoint VM operation: G1PauseRemark
Event: 7.879 Executing safepoint VM operation: G1PauseRemark done
Event: 7.888 Executing safepoint VM operation: G1PauseCleanup
Event: 7.888 Executing safepoint VM operation: G1PauseCleanup done
Event: 7.991 Executing non-safepoint VM operation: HandshakeAllThreads (Deoptimize)
Event: 7.991 Executing non-safepoint VM operation: HandshakeAllThreads (Deoptimize) done
Event: 8.224 Executing non-safepoint VM operation: HandshakeAllThreads (Deoptimize)
Event: 8.224 Executing non-safepoint VM operation: HandshakeAllThreads (Deoptimize) done
Event: 8.229 Executing safepoint VM operation: G1CollectForAllocation (G1 Evacuation Pause)
Event: 8.232 Executing safepoint VM operation: G1CollectForAllocation (G1 Evacuation Pause) done
Event: 8.324 Executing non-safepoint VM operation: HandshakeAllThreads (Deoptimize)
Event: 8.324 Executing non-safepoint VM operation: HandshakeAllThreads (Deoptimize) done
Event: 8.366 Executing non-safepoint VM operation: HandshakeAllThreads (Deoptimize)
Event: 8.366 Executing non-safepoint VM operation: HandshakeAllThreads (Deoptimize) done
Event: 8.471 Executing safepoint VM operation: G1CollectForAllocation (G1 Evacuation Pause)
Event: 8.475 Executing safepoint VM operation: G1CollectForAllocation (G1 Evacuation Pause) done
Event: 8.750 Executing safepoint VM operation: G1CollectForAllocation (G1 Evacuation Pause)

Memory protections (0 events):
No events

Nmethod flushes (20 events):
Event: 7.878 Thread 0x0000017f4e1660e0 flushing  nmethod 0x0000017f397f0a88
Event: 7.878 Thread 0x0000017f4e1660e0 flushing  nmethod 0x0000017f39835988
Event: 7.878 Thread 0x0000017f4e1660e0 flushing  nmethod 0x0000017f39837e08
Event: 7.878 Thread 0x0000017f4e1660e0 flushing  nmethod 0x0000017f3983ca88
Event: 7.878 Thread 0x0000017f4e1660e0 flushing  nmethod 0x0000017f3983cd88
Event: 7.878 Thread 0x0000017f4e1660e0 flushing  nmethod 0x0000017f39999008
Event: 7.878 Thread 0x0000017f4e1660e0 flushing  nmethod 0x0000017f39999e08
Event: 7.878 Thread 0x0000017f4e1660e0 flushing  nmethod 0x0000017f399de608
Event: 7.878 Thread 0x0000017f4e1660e0 flushing  nmethod 0x0000017f399e0f08
Event: 7.878 Thread 0x0000017f4e1660e0 flushing  nmethod 0x0000017f39b03888
Event: 7.878 Thread 0x0000017f4e1660e0 flushing  nmethod 0x0000017f39bb5b08
Event: 7.878 Thread 0x0000017f4e1660e0 flushing  nmethod 0x0000017f39f45908
Event: 7.878 Thread 0x0000017f4e1660e0 flushing  nmethod 0x0000017f39f45c08
Event: 7.878 Thread 0x0000017f4e1660e0 flushing  nmethod 0x0000017f3a0b1b88
Event: 7.878 Thread 0x0000017f4e1660e0 flushing  nmethod 0x0000017f3a0b3c08
Event: 7.878 Thread 0x0000017f4e1660e0 flushing  nmethod 0x0000017f3a0b4b08
Event: 7.878 Thread 0x0000017f4e1660e0 flushing  nmethod 0x0000017f3a1ee988
Event: 7.878 Thread 0x0000017f4e1660e0 flushing  nmethod 0x0000017f3a1ef188
Event: 7.878 Thread 0x0000017f4e1660e0 flushing  nmethod 0x0000017f3a2eb988
Event: 7.878 Thread 0x0000017f4e1660e0 flushing  nmethod 0x0000017f3a31c908

Events (20 events):
Event: 5.844 Thread 0x0000017f541d6280 Thread added: 0x0000017f5483e340
Event: 5.844 Thread 0x0000017f541d6280 Thread added: 0x0000017f54844100
Event: 5.845 Thread 0x0000017f541d6280 Thread added: 0x0000017f5483f2e0
Event: 5.846 Thread 0x0000017f541d6280 Thread added: 0x0000017f5483eb10
Event: 6.108 Thread 0x0000017f541d6280 Thread added: 0x0000017f54840a50
Event: 6.109 Thread 0x0000017f541d6280 Thread added: 0x0000017f548448d0
Event: 6.110 Thread 0x0000017f541d6280 Thread added: 0x0000017f548419f0
Event: 6.110 Thread 0x0000017f541d6280 Thread added: 0x0000017f54846fe0
Event: 6.111 Thread 0x0000017f541d6280 Thread added: 0x0000017f5483fab0
Event: 6.111 Thread 0x0000017f541d6280 Thread added: 0x0000017f54842990
Event: 6.112 Thread 0x0000017f541d6280 Thread added: 0x0000017f548477b0
Event: 6.112 Thread 0x0000017f541d6280 Thread added: 0x0000017f54847f80
Event: 6.112 Thread 0x0000017f541d6280 Thread added: 0x0000017f54841220
Event: 6.113 Thread 0x0000017f541d6280 Thread added: 0x0000017f54848f20
Event: 6.113 Thread 0x0000017f541d6280 Thread added: 0x0000017f548496f0
Event: 7.332 Thread 0x0000017f4e606880 Thread exited: 0x0000017f4e606880
Event: 7.332 Thread 0x0000017f4e2d7bf0 Thread exited: 0x0000017f4e2d7bf0
Event: 7.433 Thread 0x0000017f4e18aae0 Thread added: 0x0000017f4e57cd50
Event: 7.757 Thread 0x0000017f541d6280 Thread added: 0x0000017f4e187170
Event: 8.225 Thread 0x0000017f541d6280 Thread added: 0x0000017f4e189880


Dynamic libraries:
0x00007ff776eb0000 - 0x00007ff776ec0000 	C:\Users\ssrry\oracleJdk-25\bin\java.exe
0x00007ff8f7c90000 - 0x00007ff8f7e88000 	C:\Windows\SYSTEM32\ntdll.dll
0x00007ff8f6250000 - 0x00007ff8f6312000 	C:\Windows\System32\KERNEL32.DLL
0x00007ff8f5750000 - 0x00007ff8f5a46000 	C:\Windows\System32\KERNELBASE.dll
0x00007ff8f5ad0000 - 0x00007ff8f5bd0000 	C:\Windows\System32\ucrtbase.dll
0x00007ff8c8a40000 - 0x00007ff8c8a57000 	C:\Users\ssrry\oracleJdk-25\bin\jli.dll
0x00007ff8c84c0000 - 0x00007ff8c84de000 	C:\Users\ssrry\oracleJdk-25\bin\VCRUNTIME140.dll
0x00007ff8f6680000 - 0x00007ff8f6821000 	C:\Windows\System32\USER32.dll
0x00007ff8f53b0000 - 0x00007ff8f53d2000 	C:\Windows\System32\win32u.dll
0x00007ff8f4980000 - 0x00007ff8f4c1b000 	C:\Windows\WinSxS\amd64_microsoft.windows.common-controls_6595b64144ccf1df_6.0.19041.6456_none_60b8a6cb71f64256\COMCTL32.dll
0x00007ff8f63c0000 - 0x00007ff8f63eb000 	C:\Windows\System32\GDI32.dll
0x00007ff8f5540000 - 0x00007ff8f5659000 	C:\Windows\System32\gdi32full.dll
0x00007ff8f7b00000 - 0x00007ff8f7b9e000 	C:\Windows\System32\msvcrt.dll
0x00007ff8f5660000 - 0x00007ff8f56fd000 	C:\Windows\System32\msvcp_win.dll
0x00007ff8f71e0000 - 0x00007ff8f720f000 	C:\Windows\System32\IMM32.DLL
0x00007ff8dc020000 - 0x00007ff8dc02c000 	C:\Users\ssrry\oracleJdk-25\bin\vcruntime140_1.dll
0x00007ff8b09d0000 - 0x00007ff8b0a5d000 	C:\Users\ssrry\oracleJdk-25\bin\msvcp140.dll
0x00007fffe2dc0000 - 0x00007fffe3c1f000 	C:\Users\ssrry\oracleJdk-25\bin\server\jvm.dll
0x00007ff8f6a30000 - 0x00007ff8f6ae1000 	C:\Windows\System32\ADVAPI32.dll
0x00007ff8f79f0000 - 0x00007ff8f7a8f000 	C:\Windows\System32\sechost.dll
0x00007ff8f6910000 - 0x00007ff8f6a30000 	C:\Windows\System32\RPCRT4.dll
0x00007ff8f5bd0000 - 0x00007ff8f5bf7000 	C:\Windows\System32\bcrypt.dll
0x00007ff8f7980000 - 0x00007ff8f79eb000 	C:\Windows\System32\WS2_32.dll
0x00007ff8f4f10000 - 0x00007ff8f4f5b000 	C:\Windows\SYSTEM32\POWRPROF.dll
0x00007ff8e8d80000 - 0x00007ff8e8da7000 	C:\Windows\SYSTEM32\WINMM.dll
0x00007ff8f3000000 - 0x00007ff8f300a000 	C:\Windows\SYSTEM32\VERSION.dll
0x00007ff8f4c20000 - 0x00007ff8f4c32000 	C:\Windows\SYSTEM32\UMPDC.dll
0x00007ff8f22e0000 - 0x00007ff8f22f2000 	C:\Windows\SYSTEM32\kernel.appcore.dll
0x00007ff8c8a30000 - 0x00007ff8c8a3a000 	C:\Users\ssrry\oracleJdk-25\bin\jimage.dll
0x00007ff8f4d00000 - 0x00007ff8f4f01000 	C:\Windows\SYSTEM32\DBGHELP.DLL
0x00007ff8f4c40000 - 0x00007ff8f4c74000 	C:\Windows\SYSTEM32\dbgcore.DLL
0x00007ff8f5320000 - 0x00007ff8f53a2000 	C:\Windows\System32\bcryptPrimitives.dll
0x00007ff8ba3a0000 - 0x00007ff8ba3b0000 	C:\Users\ssrry\oracleJdk-25\bin\instrument.dll
0x00007ff8b1ca0000 - 0x00007ff8b1cbf000 	C:\Users\ssrry\oracleJdk-25\bin\java.dll
0x00007ff8f5cb0000 - 0x00007ff8f5ddb000 	C:\Windows\System32\ole32.dll
0x00007ff8f6e80000 - 0x00007ff8f71d4000 	C:\Windows\System32\combase.dll
0x00007ff8f7210000 - 0x00007ff8f7980000 	C:\Windows\System32\SHELL32.dll
0x00007ff8f2500000 - 0x00007ff8f2ca5000 	C:\Windows\SYSTEM32\windows.storage.dll
0x00007ff8f44e0000 - 0x00007ff8f450b000 	C:\Windows\SYSTEM32\Wldp.dll
0x00007ff8f6470000 - 0x00007ff8f653d000 	C:\Windows\System32\OLEAUT32.dll
0x00007ff8f6b00000 - 0x00007ff8f6bad000 	C:\Windows\System32\SHCORE.dll
0x00007ff8f6620000 - 0x00007ff8f667b000 	C:\Windows\System32\shlwapi.dll
0x00007ff8f5250000 - 0x00007ff8f5274000 	C:\Windows\SYSTEM32\profapi.dll
0x00007ff8b09b0000 - 0x00007ff8b09c7000 	C:\Users\ssrry\oracleJdk-25\bin\zip.dll
0x00007ff8af1b0000 - 0x00007ff8af1c2000 	C:\Users\ssrry\oracleJdk-25\bin\net.dll
0x00007ff8f4550000 - 0x00007ff8f45ba000 	C:\Windows\system32\mswsock.dll
0x00007ff8ad360000 - 0x00007ff8ad376000 	C:\Users\ssrry\oracleJdk-25\bin\nio.dll
0x00007ff8ba350000 - 0x00007ff8ba360000 	C:\Users\ssrry\oracleJdk-25\bin\verify.dll
0x00007ff8c8a70000 - 0x00007ff8c8a97000 	C:\Users\ssrry\.gradle\native\1def1411415f61bf3af743bc5b6707747c0891f09f0c88961ee8f79bc544acac\windows-amd64\native-platform.dll
0x00007ff8c8940000 - 0x00007ff8c89b7000 	C:\Users\ssrry\.gradle\native\0.2.8\x86_64-windows-gnu\gradle-fileevents.dll
0x00007ff8ba120000 - 0x00007ff8ba12a000 	C:\Users\ssrry\oracleJdk-25\bin\management.dll
0x00007ff8b8bb0000 - 0x00007ff8b8bbc000 	C:\Users\ssrry\oracleJdk-25\bin\management_ext.dll
0x00007ff8f7af0000 - 0x00007ff8f7af8000 	C:\Windows\System32\PSAPI.DLL
0x00007ff8f4060000 - 0x00007ff8f409b000 	C:\Windows\SYSTEM32\IPHLPAPI.DLL
0x00007ff8f63b0000 - 0x00007ff8f63b8000 	C:\Windows\System32\NSI.dll
0x00007ff8b4c80000 - 0x00007ff8b4c89000 	C:\Users\ssrry\oracleJdk-25\bin\extnet.dll
0x00007ff8f5090000 - 0x00007ff8f50a8000 	C:\Windows\SYSTEM32\CRYPTSP.dll
0x00007ff8f3cd0000 - 0x00007ff8f3d08000 	C:\Windows\system32\rsaenh.dll
0x00007ff8f5210000 - 0x00007ff8f523e000 	C:\Windows\SYSTEM32\USERENV.dll
0x00007ff8f4660000 - 0x00007ff8f466c000 	C:\Windows\SYSTEM32\CRYPTBASE.dll
0x00007ff8b11e0000 - 0x00007ff8b11ee000 	C:\Users\ssrry\oracleJdk-25\bin\sunmscapi.dll
0x00007ff8f53e0000 - 0x00007ff8f553d000 	C:\Windows\System32\CRYPT32.dll
0x00007ff8f45e0000 - 0x00007ff8f4607000 	C:\Windows\SYSTEM32\ncrypt.dll
0x00007ff8f4510000 - 0x00007ff8f454b000 	C:\Windows\SYSTEM32\NTASN1.dll
0x00007ff8c5970000 - 0x00007ff8c5977000 	C:\Windows\system32\wshunix.dll

JVMTI agents:
C:\Users\ssrry\.gradle\wrapper\dists\gradle-9.1.0-bin\9agqghryom9wkf8r80qlhnts3\gradle-9.1.0\lib\agents\gradle-instrumentation-agent-9.1.0.jar path:C:\Users\ssrry\oracleJdk-25\bin\instrument.dll, loaded, initialized, instrumentlib options:none

dbghelp: loaded successfully - version: 4.0.5 - missing functions: none
symbol engine: initialized successfully - sym options: 0x614 - pdb path: .;C:\Users\ssrry\oracleJdk-25\bin;C:\Windows\SYSTEM32;C:\Windows\WinSxS\amd64_microsoft.windows.common-controls_6595b64144ccf1df_6.0.19041.6456_none_60b8a6cb71f64256;C:\Users\ssrry\oracleJdk-25\bin\server;C:\Users\ssrry\.gradle\native\1def1411415f61bf3af743bc5b6707747c0891f09f0c88961ee8f79bc544acac\windows-amd64;C:\Users\ssrry\.gradle\native\0.2.8\x86_64-windows-gnu

VM Arguments:
jvm_args: --add-opens=java.base/java.lang=ALL-UNNAMED --add-opens=java.base/java.lang.invoke=ALL-UNNAMED --add-opens=java.base/java.util=ALL-UNNAMED --add-opens=java.prefs/java.util.prefs=ALL-UNNAMED --add-exports=jdk.compiler/com.sun.tools.javac.api=ALL-UNNAMED --add-exports=jdk.compiler/com.sun.tools.javac.util=ALL-UNNAMED --add-opens=java.base/java.util=ALL-UNNAMED --add-opens=java.prefs/java.util.prefs=ALL-UNNAMED --add-opens=java.base/java.nio.charset=ALL-UNNAMED --add-opens=java.base/java.net=ALL-UNNAMED --add-opens=java.base/java.util.concurrent=ALL-UNNAMED --add-opens=java.base/java.util.concurrent.atomic=ALL-UNNAMED --add-opens=java.xml/javax.xml.namespace=ALL-UNNAMED --add-opens=java.base/java.time=ALL-UNNAMED --enable-native-access=ALL-UNNAMED -Xmx2048m -Dfile.encoding=UTF-8 -Duser.country=RU -Duser.language=ru -Duser.variant -javaagent:C:\Users\ssrry\.gradle\wrapper\dists\gradle-9.1.0-bin\9agqghryom9wkf8r80qlhnts3\gradle-9.1.0\lib\agents\gradle-instrumentation-agent-9.1.0.jar 
java_command: org.gradle.launcher.daemon.bootstrap.GradleDaemon 9.1.0
java_class_path (initial): C:\Users\ssrry\.gradle\wrapper\dists\gradle-9.1.0-bin\9agqghryom9wkf8r80qlhnts3\gradle-9.1.0\lib\gradle-daemon-main-9.1.0.jar
Launcher Type: SUN_STANDARD

[Global flags]
     intx CICompilerCount                          = 4                                         {product} {ergonomic}
     uint ConcGCThreads                            = 3                                         {product} {ergonomic}
     uint G1ConcRefinementThreads                  = 10                                        {product} {ergonomic}
   size_t G1HeapRegionSize                         = 1048576                                   {product} {ergonomic}
   size_t InitialHeapSize                          = 255852544                                 {product} {ergonomic}
   size_t MarkStackSize                            = 4194304                                   {product} {ergonomic}
   size_t MarkStackSizeMax                         = 536870912                                 {product} {ergonomic}
   size_t MaxHeapSize                              = 2147483648                                {product} {command line}
   size_t MaxNewSize                               = 1287651328                                {product} {ergonomic}
   size_t MinHeapDeltaBytes                        = 1048576                                   {product} {ergonomic}
   size_t MinHeapSize                              = 8388608                                   {product} {ergonomic}
    uintx NonNMethodCodeHeapSize                   = 5832704                                {pd product} {ergonomic}
    uintx NonProfiledCodeHeapSize                  = 122945536                              {pd product} {ergonomic}
    uintx ProfiledCodeHeapSize                     = 122880000                              {pd product} {ergonomic}
    uintx ReservedCodeCacheSize                    = 251658240                              {pd product} {ergonomic}
     bool SegmentedCodeCache                       = true                                      {product} {ergonomic}
   size_t SoftMaxHeapSize                          = 2147483648                             {manageable} {ergonomic}
     bool UseCompressedOops                        = true                           {product lp64_product} {ergonomic}
     bool UseG1GC                                  = true                                      {product} {ergonomic}
     bool UseLargePagesIndividualAllocation        = false                                  {pd product} {ergonomic}

Logging:
Log output configuration:
 #0: stdout all=warning uptime,level,tags foldmultilines=false
 #1: stderr all=off uptime,level,tags foldmultilines=false

Release file:
IMPLEMENTOR="Oracle Corporation" 
JAVA_RUNTIME_VERSION="25.0.1+8-LTS-27" 
JAVA_VERSION="25.0.1" 
JAVA_VERSION_DATE="2025-10-21" 
LIBC="default" 
MODULES="java.base java.compiler java.datatransfer java.xml java.prefs java.desktop java.instrument java.logging java.management java.security.sasl java.naming java.rmi java.management.rmi java.net.http java.scripting java.security.jgss java.transaction.xa java.sql java.sql.rowset java.xml.crypto java.se java.smartcardio jdk.accessibility jdk.internal.jvmstat jdk.attach jdk.charsets jdk.internal.opt jdk.zipfs jdk.compiler jdk.crypto.cryptoki jdk.crypto.ec jdk.crypto.mscapi jdk.dynalink jdk.internal.ed jdk.editpad jdk.internal.vm.ci jdk.graal.compiler jdk.graal.compiler.management jdk.hotspot.agent jdk.httpserver jdk.incubator.vector jdk.internal.le jdk.internal.md jdk.jartool jdk.javadoc jdk.jcmd jdk.management jdk.management.agent jdk.jconsole jdk.jdeps jdk.jdwp.agent jdk.jdi jdk.jfr jdk.jlink jdk.jpackage jdk.jshell jdk.jsobject jdk.jstatd jdk.localedata jdk.management.jfr jdk.naming.dns jdk.naming.rmi jdk.net jdk.nio.mapmode jdk.sctp jdk.security.auth jdk.security.jgss jdk.unsupported jdk.unsupported.desktop jdk.xml.dom" 
OS_ARCH="x86_64" 
OS_NAME="Windows" 
SOURCE=".:git:862c85bc42b7 open:git:78770bfaefd2" 

Environment Variables:
JAVA_HOME=C:\Users\ssrry\oracleJdk-25
PATH=C:\Users\ssrry\AppData\Local\Programs\Microsoft VS Code;D:\Oracle\WINDOWS.X64_193000_db_home\bin;C:\Program Files\Microsoft SDKs\Azure\CLI2\wbin;C:\Program Files\Zulu\zulu-21\bin\;C:\Windows\system32;C:\Windows;C:\Windows\System32\Wbem;C:\Windows\System32\WindowsPowerShell\v1.0\;C:\Windows\System32\OpenSSH\;C:\Program Files\Git\cmd;C:\Users\ssrry\oracleJdk-25\bin;C:\Program Files\nodejs\;C:\Program Files (x86)\NVIDIA Corporation\PhysX\Common;C:\Program Files\NVIDIA Corporation\NVIDIA NvDLISR;C:\Users\ssrry\AppData\Local\Programs\Python\Python310\Scripts\;C:\Users\ssrry\AppData\Local\Programs\Python\Python310\;C:\Users\ssrry\AppData\Local\Microsoft\WindowsApps;C:\Users\ssrry\AppData\Local\GitHubDesktop\bin;C:\Users\ssrry\AppData\Local\Programs\Microsoft VS Code\bin;C:\Users\ssrry\AppData\Local\Python\bin;C:\Users\ssrry\AppData\Roaming\npm
USERNAME=ssrry
OS=Windows_NT
PROCESSOR_IDENTIFIER=AMD64 Family 25 Model 68 Stepping 1, AuthenticAMD
TMP=C:\Users\ssrry\AppData\Local\Temp
TEMP=C:\Users\ssrry\AppData\Local\Temp




Compilation memory statistics disabled.

Periodic native trim disabled

---------------  S Y S T E M  ---------------

OS:
 Windows 10 , 64 bit Build 19041 (10.0.19041.5915)
OS uptime: 0 days 4:36 hours
Hyper-V role detected

CPU: total 12 (initial active 12) (12 cores per cpu, 2 threads per core) family 25 model 68 stepping 1 microcode 0x0, cx8, cmov, fxsr, ht, mmx, 3dnowpref, sse, sse2, sse3, ssse3, sse4a, sse4.1, sse4.2, popcnt, lzcnt, tsc, tscinvbit, avx, avx2, aes, erms, clmul, bmi1, bmi2, adx, sha, fma, vzeroupper, clflush, clflushopt, clwb, hv, rdtscp, rdpid, fsrm, f16c, cet_ss
Processor Information for the first 12 processors :
  Max Mhz: 3301, Current Mhz: 3301, Mhz Limit: 3301

Memory: 4k page, system-wide physical 15557M (477M free)
TotalPageFile size 34699M (AvailPageFile size 23M)
current process WorkingSet (physical memory assigned to process): 357M, peak: 358M
current process commit charge ("private bytes"): 404M, peak: 450M

vm_info: Java HotSpot(TM) 64-Bit Server VM (25.0.1+8-LTS-27) for windows-amd64 JRE (25.0.1+8-LTS-27), built on 2025-09-25T16:41:16Z with unknown MS VC++:1943

END.
