#
# There is insufficient memory for the Java Runtime Environment to continue.
# Native memory allocation (malloc) failed to allocate 18376408 bytes. Error detail: Chunk::new
# Possible reasons:
#   The system is out of physical RAM or swap space
#   This process is running with CompressedOops enabled, and the Java Heap may be blocking the growth of the native heap
# Possible solutions:
#   Reduce memory load on the system
#   Increase physical memory or swap space
#   Check if swap backing store is full
#   Decrease Java heap size (-Xmx/-Xms)
#   Decrease number of Java threads
#   Decrease Java thread stack sizes (-Xss)
#   Set larger code cache with -XX:ReservedCodeCacheSize=
#   JVM is running with Unscaled Compressed Oops mode in which the Java heap is
#     placed in the first 4GB address space. The Java Heap base address is the
#     maximum limit for the native heap growth. Please use -XX:HeapBaseMinAddress
#     to set the Java Heap base and to place the Java Heap above 4GB virtual address.
# This output file may be truncated or incomplete.
#
#  Out of Memory Error (arena.cpp:186), pid=24108, tid=17452
#
# JRE version: Java(TM) SE Runtime Environment (25.0.1+8) (build 25.0.1+8-LTS-27)
# Java VM: Java HotSpot(TM) 64-Bit Server VM (25.0.1+8-LTS-27, mixed mode, sharing, tiered, compressed oops, compressed class ptrs, g1 gc, windows-amd64)
# No core dump will be written. Minidumps are not enabled by default on client versions of Windows
#

---------------  S U M M A R Y ------------

Command Line: --add-opens=java.base/java.lang=ALL-UNNAMED --add-opens=java.base/java.lang.invoke=ALL-UNNAMED --add-opens=java.base/java.util=ALL-UNNAMED --add-opens=java.prefs/java.util.prefs=ALL-UNNAMED --add-exports=jdk.compiler/com.sun.tools.javac.api=ALL-UNNAMED --add-exports=jdk.compiler/com.sun.tools.javac.util=ALL-UNNAMED --add-opens=java.base/java.util=ALL-UNNAMED --add-opens=java.prefs/java.util.prefs=ALL-UNNAMED --add-opens=java.base/java.nio.charset=ALL-UNNAMED --add-opens=java.base/java.net=ALL-UNNAMED --add-opens=java.base/java.util.concurrent=ALL-UNNAMED --add-opens=java.base/java.util.concurrent.atomic=ALL-UNNAMED --add-opens=java.xml/javax.xml.namespace=ALL-UNNAMED --add-opens=java.base/java.time=ALL-UNNAMED --enable-native-access=ALL-UNNAMED -Xmx2048m -Dfile.encoding=UTF-8 -Duser.country=RU -Duser.language=ru -Duser.variant -javaagent:C:\Users\ssrry\.gradle\wrapper\dists\gradle-9.1.0-bin\9agqghryom9wkf8r80qlhnts3\gradle-9.1.0\lib\agents\gradle-instrumentation-agent-9.1.0.jar org.gradle.launcher.daemon.bootstrap.GradleDaemon 9.1.0

Host: AMD Ryzen 5 6600H with Radeon Graphics         , 12 cores, 15G,  Windows 10 , 64 bit Build 19041 (10.0.19041.5915)
Time: Mon May 11 23:04:32 2026 elapsed time: 2.252335 seconds (0d 0h 0m 2s)

---------------  T H R E A D  ---------------

Current thread (0x000002811bd76a90):  JavaThread "C2 CompilerThread0" daemon [_thread_in_native, id=17452, stack(0x000000fcfcf00000,0x000000fcfd000000) (1024K)]


Current CompileTask:
C2:2252 3297       4       java.lang.invoke.MethodType::makeImpl (109 bytes)

Stack: [0x000000fcfcf00000,0x000000fcfd000000]
Native frames: (J=compiled Java code, j=interpreted, Vv=VM code, C=native code)
V  [jvm.dll+0x7a6b59]  (no source info available)
V  [jvm.dll+0x77290d]  (no source info available)
V  [jvm.dll+0x966153]  (no source info available)
V  [jvm.dll+0x968751]  (no source info available)
V  [jvm.dll+0x968e53]  (no source info available)
V  [jvm.dll+0x2fc756]  (no source info available)
V  [jvm.dll+0x111b26]  (no source info available)
V  [jvm.dll+0x111e4e]  (no source info available)
V  [jvm.dll+0x1a0a22]  (no source info available)
V  [jvm.dll+0x3b53c2]  (no source info available)
V  [jvm.dll+0x7ac4ef]  (no source info available)
V  [jvm.dll+0x2c0ac7]  (no source info available)
V  [jvm.dll+0x2bfa8f]  (no source info available)
V  [jvm.dll+0x237b60]  (no source info available)
V  [jvm.dll+0x2cfb56]  (no source info available)
V  [jvm.dll+0x2cddd5]  (no source info available)
V  [jvm.dll+0x48e6d1]  (no source info available)
V  [jvm.dll+0x906a0d]  (no source info available)
V  [jvm.dll+0x7a5135]  (no source info available)
C  [ucrtbase.dll+0x21bb2]  (no source info available)
C  [KERNEL32.DLL+0x17374]  (no source info available)
C  [ntdll.dll+0x4cc91]  (no source info available)

Lock stack of current Java thread (top to bottom):


---------------  P R O C E S S  ---------------

Threads class SMR info:
_java_thread_list=0x00000281220d2b40, length=25, elements={
0x000002817c586000, 0x000002811bd66800, 0x000002811bd67260, 0x000002811bd68830,
0x000002811bd6a400, 0x000002811bd72fd0, 0x000002811bd73b90, 0x000002811bd76a90,
0x000002811bd7cb70, 0x000002812015f230, 0x00000281201f2f60, 0x0000028120222780,
0x0000028121db3070, 0x0000028121ce97b0, 0x0000028121d1f9e0, 0x0000028121d497d0,
0x0000028121d64300, 0x0000028121d62b90, 0x0000028121d66a10, 0x0000028121d63360,
0x0000028121d652a0, 0x0000028121d65a70, 0x0000028122224070, 0x0000028122227720,
0x0000028122440230
}

Java Threads: ( => current thread )
  0x000002817c586000 JavaThread "main"                              [_thread_blocked, id=20148, stack(0x000000fcfc100000,0x000000fcfc200000) (1024K)]
  0x000002811bd66800 JavaThread "Reference Handler"          daemon [_thread_blocked, id=11292, stack(0x000000fcfc900000,0x000000fcfca00000) (1024K)]
  0x000002811bd67260 JavaThread "Finalizer"                  daemon [_thread_blocked, id=13964, stack(0x000000fcfca00000,0x000000fcfcb00000) (1024K)]
  0x000002811bd68830 JavaThread "Signal Dispatcher"          daemon [_thread_blocked, id=17092, stack(0x000000fcfcb00000,0x000000fcfcc00000) (1024K)]
  0x000002811bd6a400 JavaThread "Attach Listener"            daemon [_thread_blocked, id=17448, stack(0x000000fcfcc00000,0x000000fcfcd00000) (1024K)]
  0x000002811bd72fd0 JavaThread "Service Thread"             daemon [_thread_blocked, id=26608, stack(0x000000fcfcd00000,0x000000fcfce00000) (1024K)]
  0x000002811bd73b90 JavaThread "Monitor Deflation Thread"   daemon [_thread_blocked, id=25864, stack(0x000000fcfce00000,0x000000fcfcf00000) (1024K)]
=>0x000002811bd76a90 JavaThread "C2 CompilerThread0"         daemon [_thread_in_native, id=17452, stack(0x000000fcfcf00000,0x000000fcfd000000) (1024K)]
  0x000002811bd7cb70 JavaThread "C1 CompilerThread0"         daemon [_thread_in_vm, id=10956, stack(0x000000fcfd000000,0x000000fcfd100000) (1024K)]
  0x000002812015f230 JavaThread "Common-Cleaner"             daemon [_thread_blocked, id=22868, stack(0x000000fcfd100000,0x000000fcfd200000) (1024K)]
  0x00000281201f2f60 JavaThread "Notification Thread"        daemon [_thread_blocked, id=3808, stack(0x000000fcfd200000,0x000000fcfd300000) (1024K)]
  0x0000028120222780 JavaThread "C2 CompilerThread1"         daemon [_thread_in_native, id=25320, stack(0x000000fcfd300000,0x000000fcfd400000) (1024K)]
  0x0000028121db3070 JavaThread "Daemon health stats"               [_thread_blocked, id=25832, stack(0x000000fcfd800000,0x000000fcfd900000) (1024K)]
  0x0000028121ce97b0 JavaThread "Incoming local TCP Connector on port 49964"        [_thread_in_native, id=23088, stack(0x000000fcfd900000,0x000000fcfda00000) (1024K)]
  0x0000028121d1f9e0 JavaThread "Daemon periodic checks"            [_thread_blocked, id=21328, stack(0x000000fcfda00000,0x000000fcfdb00000) (1024K)]
  0x0000028121d497d0 JavaThread "Daemon"                            [_thread_blocked, id=8628, stack(0x000000fcfdb00000,0x000000fcfdc00000) (1024K)]
  0x0000028121d64300 JavaThread "Handler for socket connection from /127.0.0.1:49964 to /127.0.0.1:49965"        [_thread_in_native, id=5600, stack(0x000000fcfdc00000,0x000000fcfdd00000) (1024K)]
  0x0000028121d62b90 JavaThread "Cancel handler"                    [_thread_blocked, id=13320, stack(0x000000fcfdd00000,0x000000fcfde00000) (1024K)]
  0x0000028121d66a10 JavaThread "Daemon worker"                     [_thread_in_vm, id=22040, stack(0x000000fcfde00000,0x000000fcfdf00000) (1024K)]
  0x0000028121d63360 JavaThread "Asynchronous log dispatcher for DefaultDaemonConnection: socket connection from /127.0.0.1:49964 to /127.0.0.1:49965"        [_thread_blocked, id=24820, stack(0x000000fcfdf00000,0x000000fcfe000000) (1024K)]
  0x0000028121d652a0 JavaThread "Stdin handler"                     [_thread_blocked, id=20200, stack(0x000000fcfe000000,0x000000fcfe100000) (1024K)]
  0x0000028121d65a70 JavaThread "Daemon client event forwarder"        [_thread_blocked, id=16472, stack(0x000000fcfe100000,0x000000fcfe200000) (1024K)]
  0x0000028122224070 JavaThread "Cache worker for journal cache (C:\Users\ssrry\.gradle\caches\journal-1)"        [_thread_blocked, id=11508, stack(0x000000fcfe700000,0x000000fcfe800000) (1024K)]
  0x0000028122227720 JavaThread "File lock request listener"        [_thread_in_native, id=21988, stack(0x000000fcfe800000,0x000000fcfe900000) (1024K)]
  0x0000028122440230 JavaThread "Cache worker for file hash cache (C:\Users\ssrry\.gradle\caches\9.1.0\fileHashes)"        [_thread_blocked, id=584, stack(0x000000fcfe900000,0x000000fcfea00000) (1024K)]
Total: 25

Other Threads:
  0x000002811bd583e0 VMThread "VM Thread"                           [id=24036, stack(0x000000fcfc800000,0x000000fcfc900000) (1024K)]
  0x000002811bc26a80 WatcherThread "VM Periodic Task Thread"        [id=5544, stack(0x000000fcfc700000,0x000000fcfc800000) (1024K)]
  0x000002817ea73290 WorkerThread "GC Thread#0"                     [id=5380, stack(0x000000fcfc200000,0x000000fcfc300000) (1024K)]
  0x00000281214a4410 WorkerThread "GC Thread#1"                     [id=17264, stack(0x000000fcfd400000,0x000000fcfd500000) (1024K)]
  0x00000281214a4840 WorkerThread "GC Thread#2"                     [id=6952, stack(0x000000fcfd500000,0x000000fcfd600000) (1024K)]
  0x00000281212e7680 WorkerThread "GC Thread#3"                     [id=14104, stack(0x000000fcfd600000,0x000000fcfd700000) (1024K)]
  0x0000028120d9f3e0 WorkerThread "GC Thread#4"                     [id=484, stack(0x000000fcfd700000,0x000000fcfd800000) (1024K)]
  0x0000028121d36710 WorkerThread "GC Thread#5"                     [id=26604, stack(0x000000fcfe200000,0x000000fcfe300000) (1024K)]
  0x0000028121d35180 WorkerThread "GC Thread#6"                     [id=19284, stack(0x000000fcfe300000,0x000000fcfe400000) (1024K)]
  0x0000028121d362c0 WorkerThread "GC Thread#7"                     [id=10608, stack(0x000000fcfe400000,0x000000fcfe500000) (1024K)]
  0x0000028121d36b60 WorkerThread "GC Thread#8"                     [id=24624, stack(0x000000fcfe500000,0x000000fcfe600000) (1024K)]
  0x0000028121d33350 WorkerThread "GC Thread#9"                     [id=21348, stack(0x000000fcfe600000,0x000000fcfe700000) (1024K)]
  0x000002817ea8c4e0 ConcurrentGCThread "G1 Main Marker"            [id=5232, stack(0x000000fcfc300000,0x000000fcfc400000) (1024K)]
  0x000002817ea8d080 WorkerThread "G1 Conc#0"                       [id=20776, stack(0x000000fcfc400000,0x000000fcfc500000) (1024K)]
  0x000002817eade860 ConcurrentGCThread "G1 Refine#0"               [id=24768, stack(0x000000fcfc500000,0x000000fcfc600000) (1024K)]
  0x000002811bc1c6d0 ConcurrentGCThread "G1 Service"                [id=21484, stack(0x000000fcfc600000,0x000000fcfc700000) (1024K)]
Total: 16

Threads with active compile tasks:
C2 CompilerThread0  2305 3297       4       java.lang.invoke.MethodType::makeImpl (109 bytes)
C1 CompilerThread0  2305 3474       3       java.lang.invoke.InvokerBytecodeGenerator::emitArrayLoad (69 bytes)
C2 CompilerThread1  2305 3380   !   4       java.net.URLClassLoader::findClass (77 bytes)
Total: 3

VM state: not at safepoint (normal execution)

VM Mutex/Monitor currently owned by a thread: None

Heap address: 0x0000000080000000, size: 2048 MB, Compressed Oops mode: 32-bit

CDS archive(s) mapped at: [0x0000000002000000-0x0000000002dd0000-0x0000000002dd0000), size 14483456, SharedBaseAddress: 0x0000000002000000, ArchiveRelocationMode: 1.
Compressed class space mapped at: 0x0000000003000000-0x0000000043000000, reserved size: 1073741824
UseCompressedClassPointers 1, UseCompactObjectHeaders 0
Narrow klass pointer bits 32, Max shift 3
Narrow klass base: 0x0000000002000000, Narrow klass shift: 0
Encoding Range: [0x0000000002000000 - 0x0000000102000000), (4294967296 bytes)
Klass Range:    [0x0000000002010000 - 0x0000000043000000), (1090453504 bytes)
Klass ID Range:  [65536 - 1090519033) (1090453497)
Protection zone: [0x0000000002000000 - 0x0000000002010000), (65536 bytes)

GC Precious Log:
 CardTable entry size: 512
 Card Set container configuration: InlinePtr #cards 5 size 8 Array Of Cards #cards 10 size 36 Howl #buckets 4 coarsen threshold 1843 Howl Bitmap #cards 512 size 80 coarsen threshold 460 Card regions per heap region 1 cards per card region 2048
 CPUs: 12 total, 12 available
 Memory: 15557M
 Large Page Support: Disabled
 NUMA Support: Disabled
 Compressed Oops: Enabled (32-bit)
 Heap Region Size: 1M
 Heap Min Capacity: 8M
 Heap Initial Capacity: 244M
 Heap Max Capacity: 2G
 Pre-touch: Disabled
 Parallel Workers: 10
 Concurrent Workers: 3
 Concurrent Refinement Workers: 10
 Periodic GC: Disabled

Heap:
 garbage-first heap   total reserved 2097152K, committed 251904K, used 58240K [0x0000000080000000, 0x0000000100000000)
  region size 1024K, 50 young (51200K), 14 survivors (14336K)

Heap Regions: E=young(eden), S=young(survivor), O=old, HS=humongous(starts), HC=humongous(continues), CS=collection set, F=free, TAMS=top-at-mark-start, PB=parsable bottom
|   0|0x0000000080000000, 0x0000000080100000, 0x0000000080100000|100%|HS|  |TAMS 0x0000000080000000| PB 0x0000000080000000| Complete |  0
|   1|0x0000000080100000, 0x0000000080200000, 0x0000000080200000|100%|HC|  |TAMS 0x0000000080100000| PB 0x0000000080100000| Complete |  0
|   2|0x0000000080200000, 0x0000000080300000, 0x0000000080300000|100%|HC|  |TAMS 0x0000000080200000| PB 0x0000000080200000| Complete |  0
|   3|0x0000000080300000, 0x0000000080400000, 0x0000000080400000|100%| O|  |TAMS 0x0000000080300000| PB 0x0000000080300000| Untracked |  0
|   4|0x0000000080400000, 0x0000000080500000, 0x0000000080500000|100%|HS|  |TAMS 0x0000000080400000| PB 0x0000000080400000| Complete |  0
|   5|0x0000000080500000, 0x0000000080600000, 0x0000000080600000|100%|HS|  |TAMS 0x0000000080500000| PB 0x0000000080500000| Complete |  0
|   6|0x0000000080600000, 0x00000000806bab88, 0x0000000080700000| 72%| O|  |TAMS 0x0000000080600000| PB 0x0000000080600000| Untracked |  0
|   7|0x0000000080700000, 0x0000000080800000, 0x0000000080800000|100%|HS|  |TAMS 0x0000000080700000| PB 0x0000000080700000| Complete |  0
|   8|0x0000000080800000, 0x0000000080800000, 0x0000000080900000|  0%| F|  |TAMS 0x0000000080800000| PB 0x0000000080800000| Untracked |  0
|   9|0x0000000080900000, 0x0000000080900000, 0x0000000080a00000|  0%| F|  |TAMS 0x0000000080900000| PB 0x0000000080900000| Untracked |  0
|  10|0x0000000080a00000, 0x0000000080a00000, 0x0000000080b00000|  0%| F|  |TAMS 0x0000000080a00000| PB 0x0000000080a00000| Untracked |  0
|  11|0x0000000080b00000, 0x0000000080b00000, 0x0000000080c00000|  0%| F|  |TAMS 0x0000000080b00000| PB 0x0000000080b00000| Untracked |  0
|  12|0x0000000080c00000, 0x0000000080c00000, 0x0000000080d00000|  0%| F|  |TAMS 0x0000000080c00000| PB 0x0000000080c00000| Untracked |  0
|  13|0x0000000080d00000, 0x0000000080d00000, 0x0000000080e00000|  0%| F|  |TAMS 0x0000000080d00000| PB 0x0000000080d00000| Untracked |  0
|  14|0x0000000080e00000, 0x0000000080e00000, 0x0000000080f00000|  0%| F|  |TAMS 0x0000000080e00000| PB 0x0000000080e00000| Untracked |  0
|  15|0x0000000080f00000, 0x0000000080f00000, 0x0000000081000000|  0%| F|  |TAMS 0x0000000080f00000| PB 0x0000000080f00000| Untracked |  0
|  16|0x0000000081000000, 0x0000000081000000, 0x0000000081100000|  0%| F|  |TAMS 0x0000000081000000| PB 0x0000000081000000| Untracked |  0
|  17|0x0000000081100000, 0x0000000081100000, 0x0000000081200000|  0%| F|  |TAMS 0x0000000081100000| PB 0x0000000081100000| Untracked |  0
|  18|0x0000000081200000, 0x0000000081200000, 0x0000000081300000|  0%| F|  |TAMS 0x0000000081200000| PB 0x0000000081200000| Untracked |  0
|  19|0x0000000081300000, 0x0000000081300000, 0x0000000081400000|  0%| F|  |TAMS 0x0000000081300000| PB 0x0000000081300000| Untracked |  0
|  20|0x0000000081400000, 0x0000000081400000, 0x0000000081500000|  0%| F|  |TAMS 0x0000000081400000| PB 0x0000000081400000| Untracked |  0
|  21|0x0000000081500000, 0x0000000081500000, 0x0000000081600000|  0%| F|  |TAMS 0x0000000081500000| PB 0x0000000081500000| Untracked |  0
|  22|0x0000000081600000, 0x0000000081600000, 0x0000000081700000|  0%| F|  |TAMS 0x0000000081600000| PB 0x0000000081600000| Untracked |  0
|  23|0x0000000081700000, 0x0000000081700000, 0x0000000081800000|  0%| F|  |TAMS 0x0000000081700000| PB 0x0000000081700000| Untracked |  0
|  24|0x0000000081800000, 0x0000000081800000, 0x0000000081900000|  0%| F|  |TAMS 0x0000000081800000| PB 0x0000000081800000| Untracked |  0
|  25|0x0000000081900000, 0x0000000081900000, 0x0000000081a00000|  0%| F|  |TAMS 0x0000000081900000| PB 0x0000000081900000| Untracked |  0
|  26|0x0000000081a00000, 0x0000000081a00000, 0x0000000081b00000|  0%| F|  |TAMS 0x0000000081a00000| PB 0x0000000081a00000| Untracked |  0
|  27|0x0000000081b00000, 0x0000000081b00000, 0x0000000081c00000|  0%| F|  |TAMS 0x0000000081b00000| PB 0x0000000081b00000| Untracked |  0
|  28|0x0000000081c00000, 0x0000000081c00000, 0x0000000081d00000|  0%| F|  |TAMS 0x0000000081c00000| PB 0x0000000081c00000| Untracked |  0
|  29|0x0000000081d00000, 0x0000000081d00000, 0x0000000081e00000|  0%| F|  |TAMS 0x0000000081d00000| PB 0x0000000081d00000| Untracked |  0
|  30|0x0000000081e00000, 0x0000000081e00000, 0x0000000081f00000|  0%| F|  |TAMS 0x0000000081e00000| PB 0x0000000081e00000| Untracked |  0
|  31|0x0000000081f00000, 0x0000000081f00000, 0x0000000082000000|  0%| F|  |TAMS 0x0000000081f00000| PB 0x0000000081f00000| Untracked |  0
|  32|0x0000000082000000, 0x0000000082000000, 0x0000000082100000|  0%| F|  |TAMS 0x0000000082000000| PB 0x0000000082000000| Untracked |  0
|  33|0x0000000082100000, 0x0000000082100000, 0x0000000082200000|  0%| F|  |TAMS 0x0000000082100000| PB 0x0000000082100000| Untracked |  0
|  34|0x0000000082200000, 0x0000000082200000, 0x0000000082300000|  0%| F|  |TAMS 0x0000000082200000| PB 0x0000000082200000| Untracked |  0
|  35|0x0000000082300000, 0x0000000082300000, 0x0000000082400000|  0%| F|  |TAMS 0x0000000082300000| PB 0x0000000082300000| Untracked |  0
|  36|0x0000000082400000, 0x0000000082400000, 0x0000000082500000|  0%| F|  |TAMS 0x0000000082400000| PB 0x0000000082400000| Untracked |  0
|  37|0x0000000082500000, 0x0000000082500000, 0x0000000082600000|  0%| F|  |TAMS 0x0000000082500000| PB 0x0000000082500000| Untracked |  0
|  38|0x0000000082600000, 0x0000000082600000, 0x0000000082700000|  0%| F|  |TAMS 0x0000000082600000| PB 0x0000000082600000| Untracked |  0
|  39|0x0000000082700000, 0x0000000082700000, 0x0000000082800000|  0%| F|  |TAMS 0x0000000082700000| PB 0x0000000082700000| Untracked |  0
|  40|0x0000000082800000, 0x0000000082800000, 0x0000000082900000|  0%| F|  |TAMS 0x0000000082800000| PB 0x0000000082800000| Untracked |  0
|  41|0x0000000082900000, 0x0000000082900000, 0x0000000082a00000|  0%| F|  |TAMS 0x0000000082900000| PB 0x0000000082900000| Untracked |  0
|  42|0x0000000082a00000, 0x0000000082a00000, 0x0000000082b00000|  0%| F|  |TAMS 0x0000000082a00000| PB 0x0000000082a00000| Untracked |  0
|  43|0x0000000082b00000, 0x0000000082b00000, 0x0000000082c00000|  0%| F|  |TAMS 0x0000000082b00000| PB 0x0000000082b00000| Untracked |  0
|  44|0x0000000082c00000, 0x0000000082c00000, 0x0000000082d00000|  0%| F|  |TAMS 0x0000000082c00000| PB 0x0000000082c00000| Untracked |  0
|  45|0x0000000082d00000, 0x0000000082d00000, 0x0000000082e00000|  0%| F|  |TAMS 0x0000000082d00000| PB 0x0000000082d00000| Untracked |  0
|  46|0x0000000082e00000, 0x0000000082e00000, 0x0000000082f00000|  0%| F|  |TAMS 0x0000000082e00000| PB 0x0000000082e00000| Untracked |  0
|  47|0x0000000082f00000, 0x0000000082f00000, 0x0000000083000000|  0%| F|  |TAMS 0x0000000082f00000| PB 0x0000000082f00000| Untracked |  0
|  48|0x0000000083000000, 0x0000000083000000, 0x0000000083100000|  0%| F|  |TAMS 0x0000000083000000| PB 0x0000000083000000| Untracked |  0
|  49|0x0000000083100000, 0x0000000083100000, 0x0000000083200000|  0%| F|  |TAMS 0x0000000083100000| PB 0x0000000083100000| Untracked |  0
|  50|0x0000000083200000, 0x0000000083200000, 0x0000000083300000|  0%| F|  |TAMS 0x0000000083200000| PB 0x0000000083200000| Untracked |  0
|  51|0x0000000083300000, 0x0000000083300000, 0x0000000083400000|  0%| F|  |TAMS 0x0000000083300000| PB 0x0000000083300000| Untracked |  0
|  52|0x0000000083400000, 0x0000000083400000, 0x0000000083500000|  0%| F|  |TAMS 0x0000000083400000| PB 0x0000000083400000| Untracked |  0
|  53|0x0000000083500000, 0x0000000083500000, 0x0000000083600000|  0%| F|  |TAMS 0x0000000083500000| PB 0x0000000083500000| Untracked |  0
|  54|0x0000000083600000, 0x0000000083600000, 0x0000000083700000|  0%| F|  |TAMS 0x0000000083600000| PB 0x0000000083600000| Untracked |  0
|  55|0x0000000083700000, 0x0000000083700000, 0x0000000083800000|  0%| F|  |TAMS 0x0000000083700000| PB 0x0000000083700000| Untracked |  0
|  56|0x0000000083800000, 0x0000000083800000, 0x0000000083900000|  0%| F|  |TAMS 0x0000000083800000| PB 0x0000000083800000| Untracked |  0
|  57|0x0000000083900000, 0x0000000083900000, 0x0000000083a00000|  0%| F|  |TAMS 0x0000000083900000| PB 0x0000000083900000| Untracked |  0
|  58|0x0000000083a00000, 0x0000000083a00000, 0x0000000083b00000|  0%| F|  |TAMS 0x0000000083a00000| PB 0x0000000083a00000| Untracked |  0
|  59|0x0000000083b00000, 0x0000000083b00000, 0x0000000083c00000|  0%| F|  |TAMS 0x0000000083b00000| PB 0x0000000083b00000| Untracked |  0
|  60|0x0000000083c00000, 0x0000000083c00000, 0x0000000083d00000|  0%| F|  |TAMS 0x0000000083c00000| PB 0x0000000083c00000| Untracked |  0
|  61|0x0000000083d00000, 0x0000000083d00000, 0x0000000083e00000|  0%| F|  |TAMS 0x0000000083d00000| PB 0x0000000083d00000| Untracked |  0
|  62|0x0000000083e00000, 0x0000000083e00000, 0x0000000083f00000|  0%| F|  |TAMS 0x0000000083e00000| PB 0x0000000083e00000| Untracked |  0
|  63|0x0000000083f00000, 0x0000000083f00000, 0x0000000084000000|  0%| F|  |TAMS 0x0000000083f00000| PB 0x0000000083f00000| Untracked |  0
|  64|0x0000000084000000, 0x0000000084000000, 0x0000000084100000|  0%| F|  |TAMS 0x0000000084000000| PB 0x0000000084000000| Untracked |  0
|  65|0x0000000084100000, 0x0000000084100000, 0x0000000084200000|  0%| F|  |TAMS 0x0000000084100000| PB 0x0000000084100000| Untracked |  0
|  66|0x0000000084200000, 0x0000000084200000, 0x0000000084300000|  0%| F|  |TAMS 0x0000000084200000| PB 0x0000000084200000| Untracked |  0
|  67|0x0000000084300000, 0x0000000084300000, 0x0000000084400000|  0%| F|  |TAMS 0x0000000084300000| PB 0x0000000084300000| Untracked |  0
|  68|0x0000000084400000, 0x0000000084400000, 0x0000000084500000|  0%| F|  |TAMS 0x0000000084400000| PB 0x0000000084400000| Untracked |  0
|  69|0x0000000084500000, 0x0000000084500000, 0x0000000084600000|  0%| F|  |TAMS 0x0000000084500000| PB 0x0000000084500000| Untracked |  0
|  70|0x0000000084600000, 0x0000000084600000, 0x0000000084700000|  0%| F|  |TAMS 0x0000000084600000| PB 0x0000000084600000| Untracked |  0
|  71|0x0000000084700000, 0x0000000084700000, 0x0000000084800000|  0%| F|  |TAMS 0x0000000084700000| PB 0x0000000084700000| Untracked |  0
|  72|0x0000000084800000, 0x0000000084800000, 0x0000000084900000|  0%| F|  |TAMS 0x0000000084800000| PB 0x0000000084800000| Untracked |  0
|  73|0x0000000084900000, 0x0000000084900000, 0x0000000084a00000|  0%| F|  |TAMS 0x0000000084900000| PB 0x0000000084900000| Untracked |  0
|  74|0x0000000084a00000, 0x0000000084a00000, 0x0000000084b00000|  0%| F|  |TAMS 0x0000000084a00000| PB 0x0000000084a00000| Untracked |  0
|  75|0x0000000084b00000, 0x0000000084b00000, 0x0000000084c00000|  0%| F|  |TAMS 0x0000000084b00000| PB 0x0000000084b00000| Untracked |  0
|  76|0x0000000084c00000, 0x0000000084c00000, 0x0000000084d00000|  0%| F|  |TAMS 0x0000000084c00000| PB 0x0000000084c00000| Untracked |  0
|  77|0x0000000084d00000, 0x0000000084d00000, 0x0000000084e00000|  0%| F|  |TAMS 0x0000000084d00000| PB 0x0000000084d00000| Untracked |  0
|  78|0x0000000084e00000, 0x0000000084e00000, 0x0000000084f00000|  0%| F|  |TAMS 0x0000000084e00000| PB 0x0000000084e00000| Untracked |  0
|  79|0x0000000084f00000, 0x0000000084f00000, 0x0000000085000000|  0%| F|  |TAMS 0x0000000084f00000| PB 0x0000000084f00000| Untracked |  0
|  80|0x0000000085000000, 0x0000000085000000, 0x0000000085100000|  0%| F|  |TAMS 0x0000000085000000| PB 0x0000000085000000| Untracked |  0
|  81|0x0000000085100000, 0x0000000085100000, 0x0000000085200000|  0%| F|  |TAMS 0x0000000085100000| PB 0x0000000085100000| Untracked |  0
|  82|0x0000000085200000, 0x0000000085200000, 0x0000000085300000|  0%| F|  |TAMS 0x0000000085200000| PB 0x0000000085200000| Untracked |  0
|  83|0x0000000085300000, 0x0000000085300000, 0x0000000085400000|  0%| F|  |TAMS 0x0000000085300000| PB 0x0000000085300000| Untracked |  0
|  84|0x0000000085400000, 0x0000000085400000, 0x0000000085500000|  0%| F|  |TAMS 0x0000000085400000| PB 0x0000000085400000| Untracked |  0
|  85|0x0000000085500000, 0x0000000085500000, 0x0000000085600000|  0%| F|  |TAMS 0x0000000085500000| PB 0x0000000085500000| Untracked |  0
|  86|0x0000000085600000, 0x0000000085600000, 0x0000000085700000|  0%| F|  |TAMS 0x0000000085600000| PB 0x0000000085600000| Untracked |  0
|  87|0x0000000085700000, 0x0000000085700000, 0x0000000085800000|  0%| F|  |TAMS 0x0000000085700000| PB 0x0000000085700000| Untracked |  0
|  88|0x0000000085800000, 0x0000000085800000, 0x0000000085900000|  0%| F|  |TAMS 0x0000000085800000| PB 0x0000000085800000| Untracked |  0
|  89|0x0000000085900000, 0x0000000085900000, 0x0000000085a00000|  0%| F|  |TAMS 0x0000000085900000| PB 0x0000000085900000| Untracked |  0
|  90|0x0000000085a00000, 0x0000000085a00000, 0x0000000085b00000|  0%| F|  |TAMS 0x0000000085a00000| PB 0x0000000085a00000| Untracked |  0
|  91|0x0000000085b00000, 0x0000000085b00000, 0x0000000085c00000|  0%| F|  |TAMS 0x0000000085b00000| PB 0x0000000085b00000| Untracked |  0
|  92|0x0000000085c00000, 0x0000000085c00000, 0x0000000085d00000|  0%| F|  |TAMS 0x0000000085c00000| PB 0x0000000085c00000| Untracked |  0
|  93|0x0000000085d00000, 0x0000000085d00000, 0x0000000085e00000|  0%| F|  |TAMS 0x0000000085d00000| PB 0x0000000085d00000| Untracked |  0
|  94|0x0000000085e00000, 0x0000000085e00000, 0x0000000085f00000|  0%| F|  |TAMS 0x0000000085e00000| PB 0x0000000085e00000| Untracked |  0
|  95|0x0000000085f00000, 0x0000000085f00000, 0x0000000086000000|  0%| F|  |TAMS 0x0000000085f00000| PB 0x0000000085f00000| Untracked |  0
|  96|0x0000000086000000, 0x0000000086000000, 0x0000000086100000|  0%| F|  |TAMS 0x0000000086000000| PB 0x0000000086000000| Untracked |  0
|  97|0x0000000086100000, 0x0000000086100000, 0x0000000086200000|  0%| F|  |TAMS 0x0000000086100000| PB 0x0000000086100000| Untracked |  0
|  98|0x0000000086200000, 0x0000000086200000, 0x0000000086300000|  0%| F|  |TAMS 0x0000000086200000| PB 0x0000000086200000| Untracked |  0
|  99|0x0000000086300000, 0x0000000086300000, 0x0000000086400000|  0%| F|  |TAMS 0x0000000086300000| PB 0x0000000086300000| Untracked |  0
| 100|0x0000000086400000, 0x0000000086400000, 0x0000000086500000|  0%| F|  |TAMS 0x0000000086400000| PB 0x0000000086400000| Untracked |  0
| 101|0x0000000086500000, 0x0000000086500000, 0x0000000086600000|  0%| F|  |TAMS 0x0000000086500000| PB 0x0000000086500000| Untracked |  0
| 102|0x0000000086600000, 0x0000000086600000, 0x0000000086700000|  0%| F|  |TAMS 0x0000000086600000| PB 0x0000000086600000| Untracked |  0
| 103|0x0000000086700000, 0x0000000086700000, 0x0000000086800000|  0%| F|  |TAMS 0x0000000086700000| PB 0x0000000086700000| Untracked |  0
| 104|0x0000000086800000, 0x0000000086800000, 0x0000000086900000|  0%| F|  |TAMS 0x0000000086800000| PB 0x0000000086800000| Untracked |  0
| 105|0x0000000086900000, 0x0000000086900000, 0x0000000086a00000|  0%| F|  |TAMS 0x0000000086900000| PB 0x0000000086900000| Untracked |  0
| 106|0x0000000086a00000, 0x0000000086a00000, 0x0000000086b00000|  0%| F|  |TAMS 0x0000000086a00000| PB 0x0000000086a00000| Untracked |  0
| 107|0x0000000086b00000, 0x0000000086b00000, 0x0000000086c00000|  0%| F|  |TAMS 0x0000000086b00000| PB 0x0000000086b00000| Untracked |  0
| 108|0x0000000086c00000, 0x0000000086c00000, 0x0000000086d00000|  0%| F|  |TAMS 0x0000000086c00000| PB 0x0000000086c00000| Untracked |  0
| 109|0x0000000086d00000, 0x0000000086d00000, 0x0000000086e00000|  0%| F|  |TAMS 0x0000000086d00000| PB 0x0000000086d00000| Untracked |  0
| 110|0x0000000086e00000, 0x0000000086e00000, 0x0000000086f00000|  0%| F|  |TAMS 0x0000000086e00000| PB 0x0000000086e00000| Untracked |  0
| 111|0x0000000086f00000, 0x0000000086f00000, 0x0000000087000000|  0%| F|  |TAMS 0x0000000086f00000| PB 0x0000000086f00000| Untracked |  0
| 112|0x0000000087000000, 0x0000000087000000, 0x0000000087100000|  0%| F|  |TAMS 0x0000000087000000| PB 0x0000000087000000| Untracked |  0
| 113|0x0000000087100000, 0x0000000087100000, 0x0000000087200000|  0%| F|  |TAMS 0x0000000087100000| PB 0x0000000087100000| Untracked |  0
| 114|0x0000000087200000, 0x0000000087200000, 0x0000000087300000|  0%| F|  |TAMS 0x0000000087200000| PB 0x0000000087200000| Untracked |  0
| 115|0x0000000087300000, 0x0000000087300000, 0x0000000087400000|  0%| F|  |TAMS 0x0000000087300000| PB 0x0000000087300000| Untracked |  0
| 116|0x0000000087400000, 0x0000000087400000, 0x0000000087500000|  0%| F|  |TAMS 0x0000000087400000| PB 0x0000000087400000| Untracked |  0
| 117|0x0000000087500000, 0x0000000087500000, 0x0000000087600000|  0%| F|  |TAMS 0x0000000087500000| PB 0x0000000087500000| Untracked |  0
| 118|0x0000000087600000, 0x0000000087600000, 0x0000000087700000|  0%| F|  |TAMS 0x0000000087600000| PB 0x0000000087600000| Untracked |  0
| 119|0x0000000087700000, 0x0000000087700000, 0x0000000087800000|  0%| F|  |TAMS 0x0000000087700000| PB 0x0000000087700000| Untracked |  0
| 120|0x0000000087800000, 0x0000000087800000, 0x0000000087900000|  0%| F|  |TAMS 0x0000000087800000| PB 0x0000000087800000| Untracked |  0
| 121|0x0000000087900000, 0x0000000087900000, 0x0000000087a00000|  0%| F|  |TAMS 0x0000000087900000| PB 0x0000000087900000| Untracked |  0
| 122|0x0000000087a00000, 0x0000000087b00000, 0x0000000087b00000|100%| S|CS|TAMS 0x0000000087a00000| PB 0x0000000087a00000| Complete |  0
| 123|0x0000000087b00000, 0x0000000087c00000, 0x0000000087c00000|100%| S|CS|TAMS 0x0000000087b00000| PB 0x0000000087b00000| Complete |  0
| 124|0x0000000087c00000, 0x0000000087d00000, 0x0000000087d00000|100%| S|CS|TAMS 0x0000000087c00000| PB 0x0000000087c00000| Complete |  0
| 125|0x0000000087d00000, 0x0000000087e00000, 0x0000000087e00000|100%| S|CS|TAMS 0x0000000087d00000| PB 0x0000000087d00000| Complete |  0
| 126|0x0000000087e00000, 0x0000000087f00000, 0x0000000087f00000|100%| S|CS|TAMS 0x0000000087e00000| PB 0x0000000087e00000| Complete |  0
| 127|0x0000000087f00000, 0x0000000088000000, 0x0000000088000000|100%| S|CS|TAMS 0x0000000087f00000| PB 0x0000000087f00000| Complete |  0
| 128|0x0000000088000000, 0x0000000088100000, 0x0000000088100000|100%| S|CS|TAMS 0x0000000088000000| PB 0x0000000088000000| Complete |  0
| 129|0x0000000088100000, 0x0000000088200000, 0x0000000088200000|100%| S|CS|TAMS 0x0000000088100000| PB 0x0000000088100000| Complete |  0
| 130|0x0000000088200000, 0x0000000088300000, 0x0000000088300000|100%| S|CS|TAMS 0x0000000088200000| PB 0x0000000088200000| Complete |  0
| 131|0x0000000088300000, 0x0000000088400000, 0x0000000088400000|100%| S|CS|TAMS 0x0000000088300000| PB 0x0000000088300000| Complete |  0
| 132|0x0000000088400000, 0x0000000088500000, 0x0000000088500000|100%| S|CS|TAMS 0x0000000088400000| PB 0x0000000088400000| Complete |  0
| 133|0x0000000088500000, 0x0000000088600000, 0x0000000088600000|100%| S|CS|TAMS 0x0000000088500000| PB 0x0000000088500000| Complete |  0
| 134|0x0000000088600000, 0x0000000088700000, 0x0000000088700000|100%| S|CS|TAMS 0x0000000088600000| PB 0x0000000088600000| Complete |  0
| 135|0x0000000088700000, 0x0000000088800000, 0x0000000088800000|100%| S|CS|TAMS 0x0000000088700000| PB 0x0000000088700000| Complete |  0
| 136|0x0000000088800000, 0x0000000088800000, 0x0000000088900000|  0%| F|  |TAMS 0x0000000088800000| PB 0x0000000088800000| Untracked |  0
| 137|0x0000000088900000, 0x0000000088900000, 0x0000000088a00000|  0%| F|  |TAMS 0x0000000088900000| PB 0x0000000088900000| Untracked |  0
| 138|0x0000000088a00000, 0x0000000088a00000, 0x0000000088b00000|  0%| F|  |TAMS 0x0000000088a00000| PB 0x0000000088a00000| Untracked |  0
| 139|0x0000000088b00000, 0x0000000088b00000, 0x0000000088c00000|  0%| F|  |TAMS 0x0000000088b00000| PB 0x0000000088b00000| Untracked |  0
| 140|0x0000000088c00000, 0x0000000088c00000, 0x0000000088d00000|  0%| F|  |TAMS 0x0000000088c00000| PB 0x0000000088c00000| Untracked |  0
| 141|0x0000000088d00000, 0x0000000088d00000, 0x0000000088e00000|  0%| F|  |TAMS 0x0000000088d00000| PB 0x0000000088d00000| Untracked |  0
| 142|0x0000000088e00000, 0x0000000088e00000, 0x0000000088f00000|  0%| F|  |TAMS 0x0000000088e00000| PB 0x0000000088e00000| Untracked |  0
| 143|0x0000000088f00000, 0x0000000088f00000, 0x0000000089000000|  0%| F|  |TAMS 0x0000000088f00000| PB 0x0000000088f00000| Untracked |  0
| 144|0x0000000089000000, 0x0000000089000000, 0x0000000089100000|  0%| F|  |TAMS 0x0000000089000000| PB 0x0000000089000000| Untracked |  0
| 145|0x0000000089100000, 0x0000000089100000, 0x0000000089200000|  0%| F|  |TAMS 0x0000000089100000| PB 0x0000000089100000| Untracked |  0
| 146|0x0000000089200000, 0x0000000089200000, 0x0000000089300000|  0%| F|  |TAMS 0x0000000089200000| PB 0x0000000089200000| Untracked |  0
| 147|0x0000000089300000, 0x0000000089300000, 0x0000000089400000|  0%| F|  |TAMS 0x0000000089300000| PB 0x0000000089300000| Untracked |  0
| 148|0x0000000089400000, 0x0000000089400000, 0x0000000089500000|  0%| F|  |TAMS 0x0000000089400000| PB 0x0000000089400000| Untracked |  0
| 149|0x0000000089500000, 0x0000000089500000, 0x0000000089600000|  0%| F|  |TAMS 0x0000000089500000| PB 0x0000000089500000| Untracked |  0
| 150|0x0000000089600000, 0x0000000089600000, 0x0000000089700000|  0%| F|  |TAMS 0x0000000089600000| PB 0x0000000089600000| Untracked |  0
| 151|0x0000000089700000, 0x0000000089700000, 0x0000000089800000|  0%| F|  |TAMS 0x0000000089700000| PB 0x0000000089700000| Untracked |  0
| 152|0x0000000089800000, 0x0000000089800000, 0x0000000089900000|  0%| F|  |TAMS 0x0000000089800000| PB 0x0000000089800000| Untracked |  0
| 153|0x0000000089900000, 0x0000000089900000, 0x0000000089a00000|  0%| F|  |TAMS 0x0000000089900000| PB 0x0000000089900000| Untracked |  0
| 154|0x0000000089a00000, 0x0000000089a00000, 0x0000000089b00000|  0%| F|  |TAMS 0x0000000089a00000| PB 0x0000000089a00000| Untracked |  0
| 155|0x0000000089b00000, 0x0000000089b00000, 0x0000000089c00000|  0%| F|  |TAMS 0x0000000089b00000| PB 0x0000000089b00000| Untracked |  0
| 156|0x0000000089c00000, 0x0000000089c00000, 0x0000000089d00000|  0%| F|  |TAMS 0x0000000089c00000| PB 0x0000000089c00000| Untracked |  0
| 157|0x0000000089d00000, 0x0000000089d00000, 0x0000000089e00000|  0%| F|  |TAMS 0x0000000089d00000| PB 0x0000000089d00000| Untracked |  0
| 158|0x0000000089e00000, 0x0000000089e00000, 0x0000000089f00000|  0%| F|  |TAMS 0x0000000089e00000| PB 0x0000000089e00000| Untracked |  0
| 159|0x0000000089f00000, 0x0000000089f00000, 0x000000008a000000|  0%| F|  |TAMS 0x0000000089f00000| PB 0x0000000089f00000| Untracked |  0
| 160|0x000000008a000000, 0x000000008a000000, 0x000000008a100000|  0%| F|  |TAMS 0x000000008a000000| PB 0x000000008a000000| Untracked |  0
| 161|0x000000008a100000, 0x000000008a100000, 0x000000008a200000|  0%| F|  |TAMS 0x000000008a100000| PB 0x000000008a100000| Untracked |  0
| 162|0x000000008a200000, 0x000000008a200000, 0x000000008a300000|  0%| F|  |TAMS 0x000000008a200000| PB 0x000000008a200000| Untracked |  0
| 163|0x000000008a300000, 0x000000008a300000, 0x000000008a400000|  0%| F|  |TAMS 0x000000008a300000| PB 0x000000008a300000| Untracked |  0
| 164|0x000000008a400000, 0x000000008a400000, 0x000000008a500000|  0%| F|  |TAMS 0x000000008a400000| PB 0x000000008a400000| Untracked |  0
| 165|0x000000008a500000, 0x000000008a500000, 0x000000008a600000|  0%| F|  |TAMS 0x000000008a500000| PB 0x000000008a500000| Untracked |  0
| 166|0x000000008a600000, 0x000000008a600000, 0x000000008a700000|  0%| F|  |TAMS 0x000000008a600000| PB 0x000000008a600000| Untracked |  0
| 167|0x000000008a700000, 0x000000008a700000, 0x000000008a800000|  0%| F|  |TAMS 0x000000008a700000| PB 0x000000008a700000| Untracked |  0
| 168|0x000000008a800000, 0x000000008a800000, 0x000000008a900000|  0%| F|  |TAMS 0x000000008a800000| PB 0x000000008a800000| Untracked |  0
| 169|0x000000008a900000, 0x000000008a900000, 0x000000008aa00000|  0%| F|  |TAMS 0x000000008a900000| PB 0x000000008a900000| Untracked |  0
| 170|0x000000008aa00000, 0x000000008aa00000, 0x000000008ab00000|  0%| F|  |TAMS 0x000000008aa00000| PB 0x000000008aa00000| Untracked |  0
| 171|0x000000008ab00000, 0x000000008ab00000, 0x000000008ac00000|  0%| F|  |TAMS 0x000000008ab00000| PB 0x000000008ab00000| Untracked |  0
| 172|0x000000008ac00000, 0x000000008ac00000, 0x000000008ad00000|  0%| F|  |TAMS 0x000000008ac00000| PB 0x000000008ac00000| Untracked |  0
| 173|0x000000008ad00000, 0x000000008ad00000, 0x000000008ae00000|  0%| F|  |TAMS 0x000000008ad00000| PB 0x000000008ad00000| Untracked |  0
| 174|0x000000008ae00000, 0x000000008ae00000, 0x000000008af00000|  0%| F|  |TAMS 0x000000008ae00000| PB 0x000000008ae00000| Untracked |  0
| 175|0x000000008af00000, 0x000000008af00000, 0x000000008b000000|  0%| F|  |TAMS 0x000000008af00000| PB 0x000000008af00000| Untracked |  0
| 176|0x000000008b000000, 0x000000008b000000, 0x000000008b100000|  0%| F|  |TAMS 0x000000008b000000| PB 0x000000008b000000| Untracked |  0
| 177|0x000000008b100000, 0x000000008b100000, 0x000000008b200000|  0%| F|  |TAMS 0x000000008b100000| PB 0x000000008b100000| Untracked |  0
| 178|0x000000008b200000, 0x000000008b200000, 0x000000008b300000|  0%| F|  |TAMS 0x000000008b200000| PB 0x000000008b200000| Untracked |  0
| 179|0x000000008b300000, 0x000000008b300000, 0x000000008b400000|  0%| F|  |TAMS 0x000000008b300000| PB 0x000000008b300000| Untracked |  0
| 180|0x000000008b400000, 0x000000008b400000, 0x000000008b500000|  0%| F|  |TAMS 0x000000008b400000| PB 0x000000008b400000| Untracked |  0
| 181|0x000000008b500000, 0x000000008b500000, 0x000000008b600000|  0%| F|  |TAMS 0x000000008b500000| PB 0x000000008b500000| Untracked |  0
| 182|0x000000008b600000, 0x000000008b600000, 0x000000008b700000|  0%| F|  |TAMS 0x000000008b600000| PB 0x000000008b600000| Untracked |  0
| 183|0x000000008b700000, 0x000000008b700000, 0x000000008b800000|  0%| F|  |TAMS 0x000000008b700000| PB 0x000000008b700000| Untracked |  0
| 184|0x000000008b800000, 0x000000008b800000, 0x000000008b900000|  0%| F|  |TAMS 0x000000008b800000| PB 0x000000008b800000| Untracked |  0
| 185|0x000000008b900000, 0x000000008b900000, 0x000000008ba00000|  0%| F|  |TAMS 0x000000008b900000| PB 0x000000008b900000| Untracked |  0
| 186|0x000000008ba00000, 0x000000008ba00000, 0x000000008bb00000|  0%| F|  |TAMS 0x000000008ba00000| PB 0x000000008ba00000| Untracked |  0
| 187|0x000000008bb00000, 0x000000008bb00000, 0x000000008bc00000|  0%| F|  |TAMS 0x000000008bb00000| PB 0x000000008bb00000| Untracked |  0
| 188|0x000000008bc00000, 0x000000008bc00000, 0x000000008bd00000|  0%| F|  |TAMS 0x000000008bc00000| PB 0x000000008bc00000| Untracked |  0
| 189|0x000000008bd00000, 0x000000008bd00000, 0x000000008be00000|  0%| F|  |TAMS 0x000000008bd00000| PB 0x000000008bd00000| Untracked |  0
| 190|0x000000008be00000, 0x000000008be00000, 0x000000008bf00000|  0%| F|  |TAMS 0x000000008be00000| PB 0x000000008be00000| Untracked |  0
| 191|0x000000008bf00000, 0x000000008bf00000, 0x000000008c000000|  0%| F|  |TAMS 0x000000008bf00000| PB 0x000000008bf00000| Untracked |  0
| 192|0x000000008c000000, 0x000000008c000000, 0x000000008c100000|  0%| F|  |TAMS 0x000000008c000000| PB 0x000000008c000000| Untracked |  0
| 193|0x000000008c100000, 0x000000008c100000, 0x000000008c200000|  0%| F|  |TAMS 0x000000008c100000| PB 0x000000008c100000| Untracked |  0
| 194|0x000000008c200000, 0x000000008c200000, 0x000000008c300000|  0%| F|  |TAMS 0x000000008c200000| PB 0x000000008c200000| Untracked |  0
| 195|0x000000008c300000, 0x000000008c300000, 0x000000008c400000|  0%| F|  |TAMS 0x000000008c300000| PB 0x000000008c300000| Untracked |  0
| 196|0x000000008c400000, 0x000000008c400000, 0x000000008c500000|  0%| F|  |TAMS 0x000000008c400000| PB 0x000000008c400000| Untracked |  0
| 197|0x000000008c500000, 0x000000008c500000, 0x000000008c600000|  0%| F|  |TAMS 0x000000008c500000| PB 0x000000008c500000| Untracked |  0
| 198|0x000000008c600000, 0x000000008c600000, 0x000000008c700000|  0%| F|  |TAMS 0x000000008c600000| PB 0x000000008c600000| Untracked |  0
| 199|0x000000008c700000, 0x000000008c700000, 0x000000008c800000|  0%| F|  |TAMS 0x000000008c700000| PB 0x000000008c700000| Untracked |  0
| 200|0x000000008c800000, 0x000000008c800000, 0x000000008c900000|  0%| F|  |TAMS 0x000000008c800000| PB 0x000000008c800000| Untracked |  0
| 201|0x000000008c900000, 0x000000008c900000, 0x000000008ca00000|  0%| F|  |TAMS 0x000000008c900000| PB 0x000000008c900000| Untracked |  0
| 202|0x000000008ca00000, 0x000000008ca00000, 0x000000008cb00000|  0%| F|  |TAMS 0x000000008ca00000| PB 0x000000008ca00000| Untracked |  0
| 203|0x000000008cb00000, 0x000000008cb00000, 0x000000008cc00000|  0%| F|  |TAMS 0x000000008cb00000| PB 0x000000008cb00000| Untracked |  0
| 204|0x000000008cc00000, 0x000000008cc00000, 0x000000008cd00000|  0%| F|  |TAMS 0x000000008cc00000| PB 0x000000008cc00000| Untracked |  0
| 205|0x000000008cd00000, 0x000000008cd00000, 0x000000008ce00000|  0%| F|  |TAMS 0x000000008cd00000| PB 0x000000008cd00000| Untracked |  0
| 206|0x000000008ce00000, 0x000000008ce00000, 0x000000008cf00000|  0%| F|  |TAMS 0x000000008ce00000| PB 0x000000008ce00000| Untracked |  0
| 207|0x000000008cf00000, 0x000000008cf75908, 0x000000008d000000| 45%| E|  |TAMS 0x000000008cf00000| PB 0x000000008cf00000| Complete |  0
| 208|0x000000008d000000, 0x000000008d100000, 0x000000008d100000|100%| E|CS|TAMS 0x000000008d000000| PB 0x000000008d000000| Complete |  0
| 209|0x000000008d100000, 0x000000008d200000, 0x000000008d200000|100%| E|CS|TAMS 0x000000008d100000| PB 0x000000008d100000| Complete |  0
| 210|0x000000008d200000, 0x000000008d300000, 0x000000008d300000|100%| E|CS|TAMS 0x000000008d200000| PB 0x000000008d200000| Complete |  0
| 211|0x000000008d300000, 0x000000008d400000, 0x000000008d400000|100%| E|CS|TAMS 0x000000008d300000| PB 0x000000008d300000| Complete |  0
| 212|0x000000008d400000, 0x000000008d500000, 0x000000008d500000|100%| E|CS|TAMS 0x000000008d400000| PB 0x000000008d400000| Complete |  0
| 213|0x000000008d500000, 0x000000008d600000, 0x000000008d600000|100%| E|  |TAMS 0x000000008d500000| PB 0x000000008d500000| Complete |  0
| 214|0x000000008d600000, 0x000000008d700000, 0x000000008d700000|100%| E|CS|TAMS 0x000000008d600000| PB 0x000000008d600000| Complete |  0
| 215|0x000000008d700000, 0x000000008d800000, 0x000000008d800000|100%| E|CS|TAMS 0x000000008d700000| PB 0x000000008d700000| Complete |  0
| 216|0x000000008d800000, 0x000000008d900000, 0x000000008d900000|100%| E|CS|TAMS 0x000000008d800000| PB 0x000000008d800000| Complete |  0
| 217|0x000000008d900000, 0x000000008da00000, 0x000000008da00000|100%| E|CS|TAMS 0x000000008d900000| PB 0x000000008d900000| Complete |  0
| 218|0x000000008da00000, 0x000000008db00000, 0x000000008db00000|100%| E|CS|TAMS 0x000000008da00000| PB 0x000000008da00000| Complete |  0
| 219|0x000000008db00000, 0x000000008dc00000, 0x000000008dc00000|100%| E|CS|TAMS 0x000000008db00000| PB 0x000000008db00000| Complete |  0
| 220|0x000000008dc00000, 0x000000008dd00000, 0x000000008dd00000|100%| E|CS|TAMS 0x000000008dc00000| PB 0x000000008dc00000| Complete |  0
| 221|0x000000008dd00000, 0x000000008de00000, 0x000000008de00000|100%| E|CS|TAMS 0x000000008dd00000| PB 0x000000008dd00000| Complete |  0
| 222|0x000000008de00000, 0x000000008df00000, 0x000000008df00000|100%| E|CS|TAMS 0x000000008de00000| PB 0x000000008de00000| Complete |  0
| 223|0x000000008df00000, 0x000000008e000000, 0x000000008e000000|100%| E|CS|TAMS 0x000000008df00000| PB 0x000000008df00000| Complete |  0
| 224|0x000000008e000000, 0x000000008e100000, 0x000000008e100000|100%| E|CS|TAMS 0x000000008e000000| PB 0x000000008e000000| Complete |  0
| 225|0x000000008e100000, 0x000000008e200000, 0x000000008e200000|100%| E|CS|TAMS 0x000000008e100000| PB 0x000000008e100000| Complete |  0
| 226|0x000000008e200000, 0x000000008e300000, 0x000000008e300000|100%| E|CS|TAMS 0x000000008e200000| PB 0x000000008e200000| Complete |  0
| 227|0x000000008e300000, 0x000000008e400000, 0x000000008e400000|100%| E|CS|TAMS 0x000000008e300000| PB 0x000000008e300000| Complete |  0
| 228|0x000000008e400000, 0x000000008e500000, 0x000000008e500000|100%| E|CS|TAMS 0x000000008e400000| PB 0x000000008e400000| Complete |  0
| 229|0x000000008e500000, 0x000000008e600000, 0x000000008e600000|100%| E|CS|TAMS 0x000000008e500000| PB 0x000000008e500000| Complete |  0
| 230|0x000000008e600000, 0x000000008e700000, 0x000000008e700000|100%| E|CS|TAMS 0x000000008e600000| PB 0x000000008e600000| Complete |  0
| 231|0x000000008e700000, 0x000000008e800000, 0x000000008e800000|100%| E|CS|TAMS 0x000000008e700000| PB 0x000000008e700000| Complete |  0
| 232|0x000000008e800000, 0x000000008e900000, 0x000000008e900000|100%| E|CS|TAMS 0x000000008e800000| PB 0x000000008e800000| Complete |  0
| 233|0x000000008e900000, 0x000000008ea00000, 0x000000008ea00000|100%| E|CS|TAMS 0x000000008e900000| PB 0x000000008e900000| Complete |  0
| 234|0x000000008ea00000, 0x000000008eb00000, 0x000000008eb00000|100%| E|CS|TAMS 0x000000008ea00000| PB 0x000000008ea00000| Complete |  0
| 235|0x000000008eb00000, 0x000000008ec00000, 0x000000008ec00000|100%| E|CS|TAMS 0x000000008eb00000| PB 0x000000008eb00000| Complete |  0
| 236|0x000000008ec00000, 0x000000008ed00000, 0x000000008ed00000|100%| E|CS|TAMS 0x000000008ec00000| PB 0x000000008ec00000| Complete |  0
| 237|0x000000008ed00000, 0x000000008ee00000, 0x000000008ee00000|100%| E|CS|TAMS 0x000000008ed00000| PB 0x000000008ed00000| Complete |  0
| 238|0x000000008ee00000, 0x000000008ef00000, 0x000000008ef00000|100%| E|CS|TAMS 0x000000008ee00000| PB 0x000000008ee00000| Complete |  0
| 239|0x000000008ef00000, 0x000000008f000000, 0x000000008f000000|100%| E|CS|TAMS 0x000000008ef00000| PB 0x000000008ef00000| Complete |  0
| 240|0x000000008f000000, 0x000000008f100000, 0x000000008f100000|100%| E|CS|TAMS 0x000000008f000000| PB 0x000000008f000000| Complete |  0
| 241|0x000000008f100000, 0x000000008f200000, 0x000000008f200000|100%| E|CS|TAMS 0x000000008f100000| PB 0x000000008f100000| Complete |  0
| 242|0x000000008f200000, 0x000000008f300000, 0x000000008f300000|100%| E|CS|TAMS 0x000000008f200000| PB 0x000000008f200000| Complete |  0
| 243|0x000000008f300000, 0x000000008f400000, 0x000000008f400000|100%| E|CS|TAMS 0x000000008f300000| PB 0x000000008f300000| Complete |  0
|2046|0x00000000ffe00000, 0x00000000fff00000, 0x00000000fff00000|100%| O|  |TAMS 0x00000000ffe00000| PB 0x00000000ffe00000| Untracked |  0
|2047|0x00000000fff00000, 0x00000000fff256a0, 0x0000000100000000| 14%| O|  |TAMS 0x00000000fff00000| PB 0x00000000fff00000| Untracked |  0

Card table byte_map: [0x000002817f560000,0x000002817f960000] _byte_map_base: 0x000002817f160000

Marking Bits: (CMBitMap*) 0x000002817ea73a20
 Bits: [0x00000281177c0000, 0x00000281197c0000)

Polling page: 0x000002817c860000

Metaspace:
Metaspace        used 20433K, committed 21056K, reserved 1114112K
 class space     used 2081K, committed 2368K, reserved 1048576K

Usage:
  Non-class:     17.92 MB used.
      Class:      2.03 MB used.
       Both:     19.95 MB used.

Virtual space:
  Non-class space:       64.00 MB reserved,      18.25 MB ( 29%) committed,  1 nodes.
      Class space:        1.00 GB reserved,       2.31 MB ( <1%) committed,  1 nodes.
             Both:        1.06 GB reserved,      20.56 MB (  2%) committed. 

Chunk freelists:
   Non-Class:  13.45 MB
       Class:  13.61 MB
        Both:  27.06 MB

MaxMetaspaceSize: unlimited
CompressedClassSpaceSize: 1.00 GB
Initial GC threshold: 21.00 MB
Current GC threshold: 21.00 MB
CDS: on
 - commit_granule_bytes: 65536.
 - commit_granule_words: 8192.
 - virtual_space_node_default_size: 8388608.
 - enlarge_chunks_in_place: 1.
UseCompressedClassPointers 1, UseCompactObjectHeaders 0
Narrow klass pointer bits 32, Max shift 3
Narrow klass base: 0x0000000002000000, Narrow klass shift: 0
Encoding Range: [0x0000000002000000 - 0x0000000102000000), (4294967296 bytes)
Klass Range:    [0x0000000002010000 - 0x0000000043000000), (1090453504 bytes)
Klass ID Range:  [65536 - 1090519033) (1090453497)
Protection zone: [0x0000000002000000 - 0x0000000002010000), (65536 bytes)


Internal statistics:

num_allocs_failed_limit: 0.
num_arena_births: 792.
num_arena_deaths: 0.
num_vsnodes_births: 2.
num_vsnodes_deaths: 0.
num_space_committed: 329.
num_space_uncommitted: 0.
num_chunks_returned_to_freelist: 0.
num_chunks_taken_from_freelist: 1541.
num_chunk_merges: 0.
num_chunk_splits: 1014.
num_chunks_enlarged: 678.
num_inconsistent_stats: 0.

CodeHeap 'non-profiled nmethods': size=120064Kb used=1120Kb max_used=1120Kb free=118943Kb
 bounds [0x0000028110280000, 0x00000281104f0000, 0x00000281177c0000]
CodeHeap 'profiled nmethods': size=120000Kb used=5556Kb max_used=5556Kb free=114443Kb
 bounds [0x00000281087c0000, 0x0000028108d30000, 0x000002810fcf0000]
CodeHeap 'non-nmethods': size=5696Kb used=1490Kb max_used=1533Kb free=4205Kb
 bounds [0x000002810fcf0000, 0x000002810ff60000, 0x0000028110280000]
CodeCache: size=245760Kb, used=8166Kb, max_used=8209Kb, free=237591Kb
 total_blobs=4089, nmethods=3471, adapters=520, full_count=0
Compilation: enabled, stopped_count=0, restarted_count=0

Compilation events (20 events):
Event: 2.229 Thread 0x000002811bd7cb70 3426       3       org.gradle.internal.service.DefaultServiceRegistry$ManagedObjectServiceProvider::requiredBy (20 bytes)
Event: 2.229 Thread 0x000002811bd7cb70 nmethod 3426 0x0000028108d0f308 code [0x0000028108d0f400, 0x0000028108d0f878]
Event: 2.229 Thread 0x000002811bd7cb70 3427       3       org.gradle.internal.service.DefaultServiceRegistry$ManagedObjectServiceProvider::fromSameRegistry (27 bytes)
Event: 2.229 Thread 0x000002811bd7cb70 nmethod 3427 0x0000028108d0f888 code [0x0000028108d0f980, 0x0000028108d0fca8]
Event: 2.229 Thread 0x000002811bd7cb70 3423       3       org.gradle.internal.service.DefaultServiceRegistry::access$2100 (6 bytes)
Event: 2.230 Thread 0x000002811bd7cb70 nmethod 3423 0x0000028108d0fd08 code [0x0000028108d0fe00, 0x0000028108d0ff18]
Event: 2.230 Thread 0x000002811bd7cb70 3425       3       org.gradle.internal.service.DefaultServiceRegistry::access$2300 (7 bytes)
Event: 2.230 Thread 0x000002811bd7cb70 nmethod 3425 0x0000028108d10008 code [0x0000028108d10100, 0x0000028108d10210]
Event: 2.230 Thread 0x000002811bd7cb70 3422       3       jdk.internal.classfile.impl.DirectCodeBuilder$4::writeCounters (93 bytes)
Event: 2.230 Thread 0x000002811bd7cb70 nmethod 3422 0x0000028108d10308 code [0x0000028108d10400, 0x0000028108d10b18]
Event: 2.230 Thread 0x000002811bd7cb70 3428       3       java.util.concurrent.locks.AbstractQueuedSynchronizer::<init> (5 bytes)
Event: 2.230 Thread 0x000002811bd7cb70 nmethod 3428 0x0000028108d10b88 code [0x0000028108d10c80, 0x0000028108d10e40]
Event: 2.230 Thread 0x000002811bd7cb70 3429       3       java.util.concurrent.locks.AbstractOwnableSynchronizer::<init> (5 bytes)
Event: 2.230 Thread 0x000002811bd7cb70 nmethod 3429 0x0000028108d10e88 code [0x0000028108d10f80, 0x0000028108d110e0]
Event: 2.232 Thread 0x000002811bd7cb70 3430       3       org.gradle.internal.service.DefaultServiceRegistry$FactoryMethodService::getMethod (46 bytes)
Event: 2.232 Thread 0x000002811bd7cb70 nmethod 3430 0x0000028108d11188 code [0x0000028108d11280, 0x0000028108d11b60]
Event: 2.234 Thread 0x000002811bd7cb70 3431       3       java.util.concurrent.locks.LockSupport::setBlocker (12 bytes)
Event: 2.234 Thread 0x000002811bd7cb70 nmethod 3431 0x0000028108d11b88 code [0x0000028108d11c80, 0x0000028108d11f00]
Event: 2.239 Thread 0x000002811bd7cb70 3432       3       jdk.internal.loader.NativeLibraries$NativeLibraryImpl::find (9 bytes)
Event: 2.239 Thread 0x000002811bd7cb70 nmethod 3432 0x0000028108d11f08 code [0x0000028108d12000, 0x0000028108d12138]

GC Heap Usage History (4 events):
Event: 0.687 {heap Before GC invocations=0 (full 0):
 garbage-first heap   total reserved 2097152K, committed 251904K, used 52373K [0x0000000080000000, 0x0000000100000000)
  region size 1024K, 47 young (48128K), 0 survivors (0K)
}
Event: 0.692 {heap After GC invocations=1 (full 0):
 garbage-first heap   total reserved 2097152K, committed 251904K, used 11259K [0x0000000080000000, 0x0000000100000000)
  region size 1024K, 6 young (6144K), 6 survivors (6144K)
}
Event: 1.849 {heap Before GC invocations=1 (full 0):
 garbage-first heap   total reserved 2097152K, committed 251904K, used 116731K [0x0000000080000000, 0x0000000100000000)
  region size 1024K, 108 young (110592K), 6 survivors (6144K)
}
Event: 1.855 {heap After GC invocations=2 (full 0):
 garbage-first heap   total reserved 2097152K, committed 251904K, used 21376K [0x0000000080000000, 0x0000000100000000)
  region size 1024K, 14 young (14336K), 14 survivors (14336K)
}

Metaspace Usage History (4 events):
Event: 0.687 {metaspace Before GC invocations=0 (full 0):
 Metaspace       used 4575K, committed 4736K, reserved 1114112K
  class space    used 392K, committed 448K, reserved 1048576K
}
Event: 0.692 {metaspace After GC invocations=1 (full 0):
 Metaspace       used 4575K, committed 4736K, reserved 1114112K
  class space    used 392K, committed 448K, reserved 1048576K
}
Event: 1.849 {metaspace Before GC invocations=1 (full 0):
 Metaspace       used 14738K, committed 15232K, reserved 1114112K
  class space    used 1501K, committed 1728K, reserved 1048576K
}
Event: 1.855 {metaspace After GC invocations=2 (full 0):
 Metaspace       used 14738K, committed 15232K, reserved 1114112K
  class space    used 1501K, committed 1728K, reserved 1048576K
}

Dll operation events (14 events):
Event: 0.013 Loaded shared library C:\Users\ssrry\oracleJdk-25\bin\java.dll
Event: 0.078 Loaded shared library C:\Users\ssrry\oracleJdk-25\bin\zip.dll
Event: 0.083 Loaded shared library C:\Users\ssrry\oracleJdk-25\bin\instrument.dll
Event: 0.086 Loaded shared library C:\Users\ssrry\oracleJdk-25\bin\net.dll
Event: 0.088 Loaded shared library C:\Users\ssrry\oracleJdk-25\bin\nio.dll
Event: 0.090 Loaded shared library C:\Users\ssrry\oracleJdk-25\bin\zip.dll
Event: 0.293 Loaded shared library C:\Users\ssrry\oracleJdk-25\bin\jimage.dll
Event: 0.411 Loaded shared library C:\Users\ssrry\oracleJdk-25\bin\verify.dll
Event: 0.429 Loaded shared library C:\Users\ssrry\.gradle\native\1def1411415f61bf3af743bc5b6707747c0891f09f0c88961ee8f79bc544acac\windows-amd64\native-platform.dll
Event: 0.439 Loaded shared library C:\Users\ssrry\.gradle\native\0.2.8\x86_64-windows-gnu\gradle-fileevents.dll
Event: 1.214 Loaded shared library C:\Users\ssrry\oracleJdk-25\bin\management.dll
Event: 1.215 Loaded shared library C:\Users\ssrry\oracleJdk-25\bin\management_ext.dll
Event: 1.333 Loaded shared library C:\Users\ssrry\oracleJdk-25\bin\extnet.dll
Event: 1.479 Loaded shared library C:\Users\ssrry\oracleJdk-25\bin\sunmscapi.dll

Deoptimization events (20 events):
Event: 1.995 Thread 0x0000028121d66a10 Uncommon trap: trap_request=0xffffff45 fr.pc=0x00000281102a531c relative=0x0000000000000b1c
Event: 1.995 Thread 0x0000028121d66a10 Uncommon trap: reason=unstable_if action=reinterpret pc=0x00000281102a531c method=java.io.WinNTFileSystem.resolve(Ljava/lang/String;Ljava/lang/String;)Ljava/lang/String; @ 42 c2
Event: 1.995 Thread 0x0000028121d66a10 DEOPT PACKING pc=0x00000281102a531c sp=0x000000fcfdefb7c0
Event: 1.996 Thread 0x0000028121d66a10 DEOPT UNPACKING pc=0x000002810fe0e282 sp=0x000000fcfdefb738 mode 2
Event: 1.997 Thread 0x0000028121d66a10 Uncommon trap: trap_request=0xffffff45 fr.pc=0x00000281102ac740 relative=0x0000000000000540
Event: 1.997 Thread 0x0000028121d66a10 Uncommon trap: reason=unstable_if action=reinterpret pc=0x00000281102ac740 method=java.io.File.getName()Ljava/lang/String; @ 16 c2
Event: 1.997 Thread 0x0000028121d66a10 DEOPT PACKING pc=0x00000281102ac740 sp=0x000000fcfdefb790
Event: 1.997 Thread 0x0000028121d66a10 DEOPT UNPACKING pc=0x000002810fe0e282 sp=0x000000fcfdefb760 mode 2
Event: 2.030 Thread 0x0000028121d66a10 Uncommon trap: trap_request=0xffffff45 fr.pc=0x00000281102a8d5c relative=0x00000000000000dc
Event: 2.030 Thread 0x0000028121d66a10 Uncommon trap: reason=unstable_if action=reinterpret pc=0x00000281102a8d5c method=java.util.HashMap.hash(Ljava/lang/Object;)I @ 1 c2
Event: 2.030 Thread 0x0000028121d66a10 DEOPT PACKING pc=0x00000281102a8d5c sp=0x000000fcfdefc600
Event: 2.030 Thread 0x0000028121d66a10 DEOPT UNPACKING pc=0x000002810fe0e282 sp=0x000000fcfdefc540 mode 2
Event: 2.046 Thread 0x0000028121d66a10 DEOPT PACKING pc=0x0000028108bf3cd9 sp=0x000000fcfdefc400
Event: 2.046 Thread 0x0000028121d66a10 DEOPT UNPACKING pc=0x000002810fd41702 sp=0x000000fcfdefb910 mode 0
Event: 2.148 Thread 0x0000028121d66a10 DEOPT PACKING pc=0x0000028108bf3cd9 sp=0x000000fcfdef8c60
Event: 2.148 Thread 0x0000028121d66a10 DEOPT UNPACKING pc=0x000002810fd41702 sp=0x000000fcfdef8170 mode 0
Event: 2.163 Thread 0x0000028121d66a10 DEOPT PACKING pc=0x0000028108bf3cfa sp=0x000000fcfdef83d0
Event: 2.163 Thread 0x0000028121d66a10 DEOPT UNPACKING pc=0x000002810fd41702 sp=0x000000fcfdef78e0 mode 0
Event: 2.171 Thread 0x0000028121d66a10 DEOPT PACKING pc=0x0000028108bf3cfa sp=0x000000fcfdefa3e0
Event: 2.171 Thread 0x0000028121d66a10 DEOPT UNPACKING pc=0x000002810fd41702 sp=0x000000fcfdef98f0 mode 0

Classes loaded (20 events):
Event: 2.121 Loading class java/io/UnsupportedEncodingException
Event: 2.121 Loading class java/io/UnsupportedEncodingException done
Event: 2.121 Loading class java/nio/charset/CharacterCodingException
Event: 2.121 Loading class java/nio/charset/CharacterCodingException done
Event: 2.122 Loading class java/util/stream/IntStream
Event: 2.122 Loading class java/util/stream/IntStream done
Event: 2.122 Loading class java/lang/foreign/MemorySegment
Event: 2.122 Loading class java/lang/foreign/MemorySegment done
Event: 2.164 Loading class java/util/function/LongFunction
Event: 2.164 Loading class java/util/function/LongFunction done
Event: 2.191 Loading class java/security/InvalidKeyException
Event: 2.191 Loading class java/security/KeyException
Event: 2.191 Loading class java/security/KeyException done
Event: 2.191 Loading class java/security/InvalidKeyException done
Event: 2.238 Loading class java/lang/management/MemoryType
Event: 2.238 Loading class java/lang/management/MemoryType done
Event: 2.239 Loading class java/lang/management/MemoryUsage
Event: 2.239 Loading class java/lang/management/MemoryUsage done
Event: 2.239 Loading class java/util/concurrent/LinkedBlockingDeque$Node
Event: 2.239 Loading class java/util/concurrent/LinkedBlockingDeque$Node done

Classes unloaded (0 events):
No events

Classes redefined (0 events):
No events

Internal exceptions (20 events):
Event: 2.006 Thread 0x0000028121d66a10 Exception <a 'java/lang/NoSuchMethodError'{0x000000008eb23680}: 'java.lang.Object java.lang.invoke.DirectMethodHandle$Holder.invokeInterface(java.lang.Object, java.lang.Object, java.lang.Object)'> (0x000000008eb23680) 
thrown [s\open\src\hotspot\share\interpreter\linkResolver.cpp, line 804]
Event: 2.018 Thread 0x0000028121d66a10 Exception <a 'java/lang/NoSuchMethodError'{0x000000008ea60638}: 'int java.lang.invoke.DirectMethodHandle$Holder.invokeSpecialIFC(java.lang.Object, java.lang.Object, java.lang.Object, java.lang.Object)'> (0x000000008ea60638) 
thrown [s\open\src\hotspot\share\interpreter\linkResolver.cpp, line 804]
Event: 2.019 Thread 0x0000028121d66a10 Exception <a 'java/lang/IncompatibleClassChangeError'{0x000000008ea87588}: Found class java.lang.Object, but interface was expected> (0x000000008ea87588) 
thrown [s\open\src\hotspot\share\interpreter\linkResolver.cpp, line 871]
Event: 2.030 Thread 0x0000028121d66a10 Implicit null exception at 0x00000281102a8cb6 to 0x00000281102a8d52
Event: 2.061 Thread 0x0000028121d66a10 Exception <a 'java/lang/NoSuchMethodError'{0x000000008e6c8368}: 'java.lang.Object java.lang.invoke.DelegatingMethodHandle$Holder.reinvoke_L(java.lang.Object, java.lang.Object, java.lang.Object, java.lang.Object, java.lang.Object, java.lang.Object, java.lang.Object, java.lang.Object, java.lang.Object, java.lang.Object, java.lang.Object, java.lang.Object, java.lang.Object, java.lang.Object, java.lang.Object, java.lang.Object, java.lang.Object, java.lang.Object, java.lang.Object, java.lang.Object, java.lang.O
Event: 2.064 Thread 0x0000028121d66a10 Exception <a 'java/lang/NoSuchMethodError'{0x000000008e57a9c8}: 'java.lang.Object java.lang.invoke.DirectMethodHandle$Holder.invokeStatic(java.lang.Object, java.lang.Object, java.lang.Object, java.lang.Object, java.lang.Object, java.lang.Object, java.lang.Object, java.lang.Object, java.lang.Object, java.lang.Object, java.lang.Object, java.lang.Object, java.lang.Object, java.lang.Object, java.lang.Object, java.lang.Object, java.lang.Object)'> (0x000000008e57a9c8) 
thrown [s\open\src\hotspot\share\interprete
Event: 2.066 Thread 0x0000028121d66a10 Exception <a 'java/lang/NoSuchMethodError'{0x000000008e5ac9c8}: 'java.lang.Object java.lang.invoke.DirectMethodHandle$Holder.invokeStatic(java.lang.Object, java.lang.Object, java.lang.Object, java.lang.Object, java.lang.Object, java.lang.Object, java.lang.Object, java.lang.Object, java.lang.Object, java.lang.Object, java.lang.Object, java.lang.Object, java.lang.Object, java.lang.Object, java.lang.Object, java.lang.Object, java.lang.Object, java.lang.Object)'> (0x000000008e5ac9c8) 
thrown [s\open\src\hotspo
Event: 2.067 Thread 0x0000028121d66a10 Exception <a 'java/lang/NoSuchMethodError'{0x000000008e5df9c8}: 'java.lang.Object java.lang.invoke.DirectMethodHandle$Holder.invokeStatic(java.lang.Object, java.lang.Object, java.lang.Object, java.lang.Object, java.lang.Object, java.lang.Object, java.lang.Object, java.lang.Object, java.lang.Object, java.lang.Object, java.lang.Object, java.lang.Object, java.lang.Object, java.lang.Object, java.lang.Object, java.lang.Object, java.lang.Object, java.lang.Object, java.lang.Object)'> (0x000000008e5df9c8) 
thrown 
Event: 2.069 Thread 0x0000028121d66a10 Exception <a 'java/lang/NoSuchMethodError'{0x000000008e414418}: 'java.lang.Object java.lang.invoke.DirectMethodHandle$Holder.invokeStatic(java.lang.Object, java.lang.Object, java.lang.Object, java.lang.Object, java.lang.Object, java.lang.Object, java.lang.Object, java.lang.Object, java.lang.Object, java.lang.Object, java.lang.Object, java.lang.Object, java.lang.Object, java.lang.Object, java.lang.Object, java.lang.Object, java.lang.Object, java.lang.Object, java.lang.Object, java.lang.Object)'> (0x00000000
Event: 2.071 Thread 0x0000028121d66a10 Exception <a 'java/lang/NoSuchMethodError'{0x000000008e449520}: 'java.lang.Object java.lang.invoke.DirectMethodHandle$Holder.invokeStatic(java.lang.Object, java.lang.Object, java.lang.Object, java.lang.Object, java.lang.Object, java.lang.Object, java.lang.Object, java.lang.Object, java.lang.Object, java.lang.Object, java.lang.Object, java.lang.Object, java.lang.Object, java.lang.Object, java.lang.Object, java.lang.Object, java.lang.Object, java.lang.Object, java.lang.Object, java.lang.Object, java.lang.Obj
Event: 2.072 Thread 0x0000028121d66a10 Exception <a 'java/lang/NoSuchMethodError'{0x000000008e47f7b0}: 'java.lang.Object java.lang.invoke.DirectMethodHandle$Holder.invokeStatic(java.lang.Object, java.lang.Object, java.lang.Object, java.lang.Object, java.lang.Object, java.lang.Object, java.lang.Object, java.lang.Object, java.lang.Object, java.lang.Object, java.lang.Object, java.lang.Object, java.lang.Object, java.lang.Object, java.lang.Object, java.lang.Object, java.lang.Object, java.lang.Object, java.lang.Object, java.lang.Object, java.lang.Obj
Event: 2.073 Thread 0x0000028121d66a10 Exception <a 'java/lang/NoSuchMethodError'{0x000000008e4b6388}: 'java.lang.Object java.lang.invoke.DirectMethodHandle$Holder.invokeStatic(java.lang.Object, java.lang.Object, java.lang.Object, java.lang.Object, java.lang.Object, java.lang.Object, java.lang.Object, java.lang.Object, java.lang.Object, java.lang.Object, java.lang.Object, java.lang.Object, java.lang.Object, java.lang.Object, java.lang.Object, java.lang.Object, java.lang.Object, java.lang.Object, java.lang.Object, java.lang.Object, java.lang.Obj
Event: 2.074 Thread 0x0000028121d66a10 Exception <a 'java/lang/NoSuchMethodError'{0x000000008e4ee088}: 'java.lang.Object java.lang.invoke.DirectMethodHandle$Holder.invokeStatic(java.lang.Object, java.lang.Object, java.lang.Object, java.lang.Object, java.lang.Object, java.lang.Object, java.lang.Object, java.lang.Object, java.lang.Object, java.lang.Object, java.lang.Object, java.lang.Object, java.lang.Object, java.lang.Object, java.lang.Object, java.lang.Object, java.lang.Object, java.lang.Object, java.lang.Object, java.lang.Object, java.lang.Obj
Event: 2.075 Thread 0x0000028121d66a10 Exception <a 'java/lang/NoSuchMethodError'{0x000000008e327150}: 'java.lang.Object java.lang.invoke.DirectMethodHandle$Holder.invokeStatic(java.lang.Object, java.lang.Object, java.lang.Object, java.lang.Object, java.lang.Object, java.lang.Object, java.lang.Object, java.lang.Object, java.lang.Object, java.lang.Object, java.lang.Object, java.lang.Object, java.lang.Object, java.lang.Object, java.lang.Object, java.lang.Object, java.lang.Object, java.lang.Object, java.lang.Object, java.lang.Object, java.lang.Obj
Event: 2.075 Thread 0x0000028121d66a10 Exception <a 'java/lang/NoSuchMethodError'{0x000000008e3612f0}: 'java.lang.Object java.lang.invoke.DirectMethodHandle$Holder.invokeStatic(java.lang.Object, java.lang.Object, java.lang.Object, java.lang.Object, java.lang.Object, java.lang.Object, java.lang.Object, java.lang.Object, java.lang.Object, java.lang.Object, java.lang.Object, java.lang.Object, java.lang.Object, java.lang.Object, java.lang.Object, java.lang.Object, java.lang.Object, java.lang.Object, java.lang.Object, java.lang.Object, java.lang.Obj
Event: 2.092 Thread 0x0000028121d66a10 Exception <a 'java/lang/IncompatibleClassChangeError'{0x000000008e285990}: Found class java.lang.Object, but interface was expected> (0x000000008e285990) 
thrown [s\open\src\hotspot\share\interpreter\linkResolver.cpp, line 871]
Event: 2.120 Thread 0x0000028121d65a70 Exception <a 'java/lang/NoSuchMethodError'{0x000000008f38cd40}: static Lorg/gradle/internal/build/event/types/DefaultOperationStartedProgressEvent;.<clinit>()V> (0x000000008f38cd40) 
thrown [s\open\src\hotspot\share\prims\jni.cpp, line 1106]
Event: 2.120 Thread 0x0000028121d65a70 Exception <a 'java/lang/NoSuchMethodError'{0x000000008f38e2d0}: static Lorg/gradle/internal/build/event/types/AbstractProgressEvent;.<clinit>()V> (0x000000008f38e2d0) 
thrown [s\open\src\hotspot\share\prims\jni.cpp, line 1106]
Event: 2.121 Thread 0x0000028121d65a70 Exception <a 'java/lang/NoSuchMethodError'{0x000000008f393be0}: static Lorg/gradle/internal/build/event/types/DefaultOperationDescriptor;.<clinit>()V> (0x000000008f393be0) 
thrown [s\open\src\hotspot\share\prims\jni.cpp, line 1106]
Event: 2.123 Thread 0x0000028121d65a70 Exception <a 'java/lang/NoSuchMethodError'{0x000000008f3a6dd0}: static Lorg/gradle/internal/operations/OperationIdentifier;.<clinit>()V> (0x000000008f3a6dd0) 
thrown [s\open\src\hotspot\share\prims\jni.cpp, line 1106]

VM Operations (20 events):
Event: 1.236 Executing non-safepoint VM operation: HandshakeAllThreads (Deoptimize)
Event: 1.236 Executing non-safepoint VM operation: HandshakeAllThreads (Deoptimize) done
Event: 1.287 Executing non-safepoint VM operation: HandshakeAllThreads (Deoptimize)
Event: 1.287 Executing non-safepoint VM operation: HandshakeAllThreads (Deoptimize) done
Event: 1.342 Executing non-safepoint VM operation: HandshakeAllThreads (Deoptimize)
Event: 1.342 Executing non-safepoint VM operation: HandshakeAllThreads (Deoptimize) done
Event: 1.366 Executing non-safepoint VM operation: HandshakeAllThreads (Deoptimize)
Event: 1.366 Executing non-safepoint VM operation: HandshakeAllThreads (Deoptimize) done
Event: 1.381 Executing non-safepoint VM operation: HandshakeAllThreads (Deoptimize)
Event: 1.381 Executing non-safepoint VM operation: HandshakeAllThreads (Deoptimize) done
Event: 1.460 Executing non-safepoint VM operation: HandshakeAllThreads (Deoptimize)
Event: 1.460 Executing non-safepoint VM operation: HandshakeAllThreads (Deoptimize) done
Event: 1.739 Executing non-safepoint VM operation: HandshakeAllThreads (Deoptimize)
Event: 1.740 Executing non-safepoint VM operation: HandshakeAllThreads (Deoptimize) done
Event: 1.849 Executing safepoint VM operation: G1CollectForAllocation (G1 Evacuation Pause)
Event: 1.856 Executing safepoint VM operation: G1CollectForAllocation (G1 Evacuation Pause) done
Event: 2.080 Executing non-safepoint VM operation: HandshakeAllThreads (Deoptimize)
Event: 2.080 Executing non-safepoint VM operation: HandshakeAllThreads (Deoptimize) done
Event: 2.080 Executing non-safepoint VM operation: HandshakeAllThreads (Deoptimize)
Event: 2.080 Executing non-safepoint VM operation: HandshakeAllThreads (Deoptimize) done

Memory protections (0 events):
No events

Nmethod flushes (0 events):
No events

Events (20 events):
Event: 0.040 Thread 0x000002817c586000 Thread added: 0x000002811bd72fd0
Event: 0.040 Thread 0x000002817c586000 Thread added: 0x000002811bd73b90
Event: 0.040 Thread 0x000002817c586000 Thread added: 0x000002811bd76a90
Event: 0.040 Thread 0x000002817c586000 Thread added: 0x000002811bd7cb70
Event: 0.084 Thread 0x000002817c586000 Thread added: 0x000002812015f230
Event: 0.104 Thread 0x000002817c586000 Thread added: 0x00000281201f2f60
Event: 0.155 Thread 0x000002811bd7cb70 Thread added: 0x0000028120222780
Event: 1.238 Thread 0x000002817c586000 Thread added: 0x0000028121db3070
Event: 1.394 Thread 0x000002817c586000 Thread added: 0x0000028121ce97b0
Event: 1.443 Thread 0x000002817c586000 Thread added: 0x0000028121d1f9e0
Event: 1.490 Thread 0x0000028121ce97b0 Thread added: 0x0000028121d497d0
Event: 1.492 Thread 0x0000028121d497d0 Thread added: 0x0000028121d64300
Event: 1.529 Thread 0x0000028121d497d0 Thread added: 0x0000028121d62b90
Event: 1.534 Thread 0x0000028121d497d0 Thread added: 0x0000028121d66a10
Event: 1.541 Thread 0x0000028121d66a10 Thread added: 0x0000028121d63360
Event: 1.554 Thread 0x0000028121d66a10 Thread added: 0x0000028121d652a0
Event: 1.557 Thread 0x0000028121d66a10 Thread added: 0x0000028121d65a70
Event: 1.873 Thread 0x0000028121d66a10 Thread added: 0x0000028122224070
Event: 1.879 Thread 0x0000028121d66a10 Thread added: 0x0000028122227720
Event: 1.980 Thread 0x0000028121d66a10 Thread added: 0x0000028122440230


Dynamic libraries:
0x00007ff6c3c90000 - 0x00007ff6c3ca0000 	C:\Users\ssrry\oracleJdk-25\bin\java.exe
0x00007ff8f7c90000 - 0x00007ff8f7e88000 	C:\Windows\SYSTEM32\ntdll.dll
0x00007ff8f6250000 - 0x00007ff8f6312000 	C:\Windows\System32\KERNEL32.DLL
0x00007ff8f5750000 - 0x00007ff8f5a46000 	C:\Windows\System32\KERNELBASE.dll
0x00007ff8f5ad0000 - 0x00007ff8f5bd0000 	C:\Windows\System32\ucrtbase.dll
0x00007ff8af1b0000 - 0x00007ff8af1c7000 	C:\Users\ssrry\oracleJdk-25\bin\jli.dll
0x00007ff8b09b0000 - 0x00007ff8b09ce000 	C:\Users\ssrry\oracleJdk-25\bin\VCRUNTIME140.dll
0x00007ff8f6680000 - 0x00007ff8f6821000 	C:\Windows\System32\USER32.dll
0x00007ff8f53b0000 - 0x00007ff8f53d2000 	C:\Windows\System32\win32u.dll
0x00007ff8f63c0000 - 0x00007ff8f63eb000 	C:\Windows\System32\GDI32.dll
0x00007ff8f4980000 - 0x00007ff8f4c1b000 	C:\Windows\WinSxS\amd64_microsoft.windows.common-controls_6595b64144ccf1df_6.0.19041.6456_none_60b8a6cb71f64256\COMCTL32.dll
0x00007ff8f5540000 - 0x00007ff8f5659000 	C:\Windows\System32\gdi32full.dll
0x00007ff8f5660000 - 0x00007ff8f56fd000 	C:\Windows\System32\msvcp_win.dll
0x00007ff8f7b00000 - 0x00007ff8f7b9e000 	C:\Windows\System32\msvcrt.dll
0x00007ff8f71e0000 - 0x00007ff8f720f000 	C:\Windows\System32\IMM32.DLL
0x00007ff8ba3a0000 - 0x00007ff8ba3ac000 	C:\Users\ssrry\oracleJdk-25\bin\vcruntime140_1.dll
0x00007ff8a9d70000 - 0x00007ff8a9dfd000 	C:\Users\ssrry\oracleJdk-25\bin\msvcp140.dll
0x00007fffe2dc0000 - 0x00007fffe3c1f000 	C:\Users\ssrry\oracleJdk-25\bin\server\jvm.dll
0x00007ff8f6a30000 - 0x00007ff8f6ae1000 	C:\Windows\System32\ADVAPI32.dll
0x00007ff8f79f0000 - 0x00007ff8f7a8f000 	C:\Windows\System32\sechost.dll
0x00007ff8f6910000 - 0x00007ff8f6a30000 	C:\Windows\System32\RPCRT4.dll
0x00007ff8f5bd0000 - 0x00007ff8f5bf7000 	C:\Windows\System32\bcrypt.dll
0x00007ff8f7980000 - 0x00007ff8f79eb000 	C:\Windows\System32\WS2_32.dll
0x00007ff8f4f10000 - 0x00007ff8f4f5b000 	C:\Windows\SYSTEM32\POWRPROF.dll
0x00007ff8f3000000 - 0x00007ff8f300a000 	C:\Windows\SYSTEM32\VERSION.dll
0x00007ff8e8d80000 - 0x00007ff8e8da7000 	C:\Windows\SYSTEM32\WINMM.dll
0x00007ff8f4c20000 - 0x00007ff8f4c32000 	C:\Windows\SYSTEM32\UMPDC.dll
0x00007ff8f22e0000 - 0x00007ff8f22f2000 	C:\Windows\SYSTEM32\kernel.appcore.dll
0x00007ff8ba350000 - 0x00007ff8ba35a000 	C:\Users\ssrry\oracleJdk-25\bin\jimage.dll
0x00007ff8f4d00000 - 0x00007ff8f4f01000 	C:\Windows\SYSTEM32\DBGHELP.DLL
0x00007ff8f4c40000 - 0x00007ff8f4c74000 	C:\Windows\SYSTEM32\dbgcore.DLL
0x00007ff8f5320000 - 0x00007ff8f53a2000 	C:\Windows\System32\bcryptPrimitives.dll
0x00007ff8ba120000 - 0x00007ff8ba130000 	C:\Users\ssrry\oracleJdk-25\bin\instrument.dll
0x00007ff8ad360000 - 0x00007ff8ad37f000 	C:\Users\ssrry\oracleJdk-25\bin\java.dll
0x00007ff8f5cb0000 - 0x00007ff8f5ddb000 	C:\Windows\System32\ole32.dll
0x00007ff8f6e80000 - 0x00007ff8f71d4000 	C:\Windows\System32\combase.dll
0x00007ff8f7210000 - 0x00007ff8f7980000 	C:\Windows\System32\SHELL32.dll
0x00007ff8f2500000 - 0x00007ff8f2ca5000 	C:\Windows\SYSTEM32\windows.storage.dll
0x00007ff8f44e0000 - 0x00007ff8f450b000 	C:\Windows\SYSTEM32\Wldp.dll
0x00007ff8f6470000 - 0x00007ff8f653d000 	C:\Windows\System32\OLEAUT32.dll
0x00007ff8f6b00000 - 0x00007ff8f6bad000 	C:\Windows\System32\SHCORE.dll
0x00007ff8f6620000 - 0x00007ff8f667b000 	C:\Windows\System32\shlwapi.dll
0x00007ff8f5250000 - 0x00007ff8f5274000 	C:\Windows\SYSTEM32\profapi.dll
0x00007ff8ace40000 - 0x00007ff8ace57000 	C:\Users\ssrry\oracleJdk-25\bin\zip.dll
0x00007ff8ace20000 - 0x00007ff8ace32000 	C:\Users\ssrry\oracleJdk-25\bin\net.dll
0x00007ff8f4550000 - 0x00007ff8f45ba000 	C:\Windows\system32\mswsock.dll
0x00007ff8acdb0000 - 0x00007ff8acdc6000 	C:\Users\ssrry\oracleJdk-25\bin\nio.dll
0x00007ff8b8bb0000 - 0x00007ff8b8bc0000 	C:\Users\ssrry\oracleJdk-25\bin\verify.dll
0x00007ff8c8a70000 - 0x00007ff8c8a97000 	C:\Users\ssrry\.gradle\native\1def1411415f61bf3af743bc5b6707747c0891f09f0c88961ee8f79bc544acac\windows-amd64\native-platform.dll
0x00007ff8c8940000 - 0x00007ff8c89b7000 	C:\Users\ssrry\.gradle\native\0.2.8\x86_64-windows-gnu\gradle-fileevents.dll
0x00007ff8b4c80000 - 0x00007ff8b4c8a000 	C:\Users\ssrry\oracleJdk-25\bin\management.dll
0x00007ff8b11e0000 - 0x00007ff8b11ec000 	C:\Users\ssrry\oracleJdk-25\bin\management_ext.dll
0x00007ff8f7af0000 - 0x00007ff8f7af8000 	C:\Windows\System32\PSAPI.DLL
0x00007ff8f4060000 - 0x00007ff8f409b000 	C:\Windows\SYSTEM32\IPHLPAPI.DLL
0x00007ff8f63b0000 - 0x00007ff8f63b8000 	C:\Windows\System32\NSI.dll
0x00007ff8b09a0000 - 0x00007ff8b09a9000 	C:\Users\ssrry\oracleJdk-25\bin\extnet.dll
0x00007ff8f5090000 - 0x00007ff8f50a8000 	C:\Windows\SYSTEM32\CRYPTSP.dll
0x00007ff8f3cd0000 - 0x00007ff8f3d08000 	C:\Windows\system32\rsaenh.dll
0x00007ff8f5210000 - 0x00007ff8f523e000 	C:\Windows\SYSTEM32\USERENV.dll
0x00007ff8f4660000 - 0x00007ff8f466c000 	C:\Windows\SYSTEM32\CRYPTBASE.dll
0x00007ff8acb30000 - 0x00007ff8acb3e000 	C:\Users\ssrry\oracleJdk-25\bin\sunmscapi.dll
0x00007ff8f53e0000 - 0x00007ff8f553d000 	C:\Windows\System32\CRYPT32.dll
0x00007ff8f45e0000 - 0x00007ff8f4607000 	C:\Windows\SYSTEM32\ncrypt.dll
0x00007ff8f4510000 - 0x00007ff8f454b000 	C:\Windows\SYSTEM32\NTASN1.dll
0x00007ff8c5970000 - 0x00007ff8c5977000 	C:\Windows\system32\wshunix.dll

JVMTI agents:
C:\Users\ssrry\.gradle\wrapper\dists\gradle-9.1.0-bin\9agqghryom9wkf8r80qlhnts3\gradle-9.1.0\lib\agents\gradle-instrumentation-agent-9.1.0.jar path:C:\Users\ssrry\oracleJdk-25\bin\instrument.dll, loaded, initialized, instrumentlib options:none

dbghelp: loaded successfully - version: 4.0.5 - missing functions: none
symbol engine: initialized successfully - sym options: 0x614 - pdb path: .;C:\Users\ssrry\oracleJdk-25\bin;C:\Windows\SYSTEM32;C:\Windows\WinSxS\amd64_microsoft.windows.common-controls_6595b64144ccf1df_6.0.19041.6456_none_60b8a6cb71f64256;C:\Users\ssrry\oracleJdk-25\bin\server;C:\Users\ssrry\.gradle\native\1def1411415f61bf3af743bc5b6707747c0891f09f0c88961ee8f79bc544acac\windows-amd64;C:\Users\ssrry\.gradle\native\0.2.8\x86_64-windows-gnu

VM Arguments:
jvm_args: --add-opens=java.base/java.lang=ALL-UNNAMED --add-opens=java.base/java.lang.invoke=ALL-UNNAMED --add-opens=java.base/java.util=ALL-UNNAMED --add-opens=java.prefs/java.util.prefs=ALL-UNNAMED --add-exports=jdk.compiler/com.sun.tools.javac.api=ALL-UNNAMED --add-exports=jdk.compiler/com.sun.tools.javac.util=ALL-UNNAMED --add-opens=java.base/java.util=ALL-UNNAMED --add-opens=java.prefs/java.util.prefs=ALL-UNNAMED --add-opens=java.base/java.nio.charset=ALL-UNNAMED --add-opens=java.base/java.net=ALL-UNNAMED --add-opens=java.base/java.util.concurrent=ALL-UNNAMED --add-opens=java.base/java.util.concurrent.atomic=ALL-UNNAMED --add-opens=java.xml/javax.xml.namespace=ALL-UNNAMED --add-opens=java.base/java.time=ALL-UNNAMED --enable-native-access=ALL-UNNAMED -Xmx2048m -Dfile.encoding=UTF-8 -Duser.country=RU -Duser.language=ru -Duser.variant -javaagent:C:\Users\ssrry\.gradle\wrapper\dists\gradle-9.1.0-bin\9agqghryom9wkf8r80qlhnts3\gradle-9.1.0\lib\agents\gradle-instrumentation-agent-9.1.0.jar 
java_command: org.gradle.launcher.daemon.bootstrap.GradleDaemon 9.1.0
java_class_path (initial): C:\Users\ssrry\.gradle\wrapper\dists\gradle-9.1.0-bin\9agqghryom9wkf8r80qlhnts3\gradle-9.1.0\lib\gradle-daemon-main-9.1.0.jar
Launcher Type: SUN_STANDARD

[Global flags]
     intx CICompilerCount                          = 4                                         {product} {ergonomic}
     uint ConcGCThreads                            = 3                                         {product} {ergonomic}
     uint G1ConcRefinementThreads                  = 10                                        {product} {ergonomic}
   size_t G1HeapRegionSize                         = 1048576                                   {product} {ergonomic}
   size_t InitialHeapSize                          = 255852544                                 {product} {ergonomic}
   size_t MarkStackSize                            = 4194304                                   {product} {ergonomic}
   size_t MarkStackSizeMax                         = 536870912                                 {product} {ergonomic}
   size_t MaxHeapSize                              = 2147483648                                {product} {command line}
   size_t MaxNewSize                               = 1287651328                                {product} {ergonomic}
   size_t MinHeapDeltaBytes                        = 1048576                                   {product} {ergonomic}
   size_t MinHeapSize                              = 8388608                                   {product} {ergonomic}
    uintx NonNMethodCodeHeapSize                   = 5832704                                {pd product} {ergonomic}
    uintx NonProfiledCodeHeapSize                  = 122945536                              {pd product} {ergonomic}
    uintx ProfiledCodeHeapSize                     = 122880000                              {pd product} {ergonomic}
    uintx ReservedCodeCacheSize                    = 251658240                              {pd product} {ergonomic}
     bool SegmentedCodeCache                       = true                                      {product} {ergonomic}
   size_t SoftMaxHeapSize                          = 2147483648                             {manageable} {ergonomic}
     bool UseCompressedOops                        = true                           {product lp64_product} {ergonomic}
     bool UseG1GC                                  = true                                      {product} {ergonomic}
     bool UseLargePagesIndividualAllocation        = false                                  {pd product} {ergonomic}

Logging:
Log output configuration:
 #0: stdout all=warning uptime,level,tags foldmultilines=false
 #1: stderr all=off uptime,level,tags foldmultilines=false

Release file:
IMPLEMENTOR="Oracle Corporation" 
JAVA_RUNTIME_VERSION="25.0.1+8-LTS-27" 
JAVA_VERSION="25.0.1" 
JAVA_VERSION_DATE="2025-10-21" 
LIBC="default" 
MODULES="java.base java.compiler java.datatransfer java.xml java.prefs java.desktop java.instrument java.logging java.management java.security.sasl java.naming java.rmi java.management.rmi java.net.http java.scripting java.security.jgss java.transaction.xa java.sql java.sql.rowset java.xml.crypto java.se java.smartcardio jdk.accessibility jdk.internal.jvmstat jdk.attach jdk.charsets jdk.internal.opt jdk.zipfs jdk.compiler jdk.crypto.cryptoki jdk.crypto.ec jdk.crypto.mscapi jdk.dynalink jdk.internal.ed jdk.editpad jdk.internal.vm.ci jdk.graal.compiler jdk.graal.compiler.management jdk.hotspot.agent jdk.httpserver jdk.incubator.vector jdk.internal.le jdk.internal.md jdk.jartool jdk.javadoc jdk.jcmd jdk.management jdk.management.agent jdk.jconsole jdk.jdeps jdk.jdwp.agent jdk.jdi jdk.jfr jdk.jlink jdk.jpackage jdk.jshell jdk.jsobject jdk.jstatd jdk.localedata jdk.management.jfr jdk.naming.dns jdk.naming.rmi jdk.net jdk.nio.mapmode jdk.sctp jdk.security.auth jdk.security.jgss jdk.unsupported jdk.unsupported.desktop jdk.xml.dom" 
OS_ARCH="x86_64" 
OS_NAME="Windows" 
SOURCE=".:git:862c85bc42b7 open:git:78770bfaefd2" 

Environment Variables:
JAVA_HOME=C:\Users\ssrry\oracleJdk-25
PATH=C:\Users\ssrry\AppData\Local\Programs\Microsoft VS Code;D:\Oracle\WINDOWS.X64_193000_db_home\bin;C:\Program Files\Microsoft SDKs\Azure\CLI2\wbin;C:\Program Files\Zulu\zulu-21\bin\;C:\Windows\system32;C:\Windows;C:\Windows\System32\Wbem;C:\Windows\System32\WindowsPowerShell\v1.0\;C:\Windows\System32\OpenSSH\;C:\Program Files\Git\cmd;C:\Users\ssrry\oracleJdk-25\bin;C:\Program Files\nodejs\;C:\Program Files (x86)\NVIDIA Corporation\PhysX\Common;C:\Program Files\NVIDIA Corporation\NVIDIA NvDLISR;C:\Users\ssrry\AppData\Local\Programs\Python\Python310\Scripts\;C:\Users\ssrry\AppData\Local\Programs\Python\Python310\;C:\Users\ssrry\AppData\Local\Microsoft\WindowsApps;C:\Users\ssrry\AppData\Local\GitHubDesktop\bin;C:\Users\ssrry\AppData\Local\Programs\Microsoft VS Code\bin;C:\Users\ssrry\AppData\Local\Python\bin;C:\Users\ssrry\AppData\Roaming\npm
USERNAME=ssrry
OS=Windows_NT
PROCESSOR_IDENTIFIER=AMD64 Family 25 Model 68 Stepping 1, AuthenticAMD
TMP=C:\Users\ssrry\AppData\Local\Temp
TEMP=C:\Users\ssrry\AppData\Local\Temp




Compilation memory statistics disabled.

Periodic native trim disabled

---------------  S Y S T E M  ---------------

OS:
 Windows 10 , 64 bit Build 19041 (10.0.19041.5915)
OS uptime: 0 days 4:35 hours
Hyper-V role detected

CPU: total 12 (initial active 12) (12 cores per cpu, 2 threads per core) family 25 model 68 stepping 1 microcode 0x0, cx8, cmov, fxsr, ht, mmx, 3dnowpref, sse, sse2, sse3, ssse3, sse4a, sse4.1, sse4.2, popcnt, lzcnt, tsc, tscinvbit, avx, avx2, aes, erms, clmul, bmi1, bmi2, adx, sha, fma, vzeroupper, clflush, clflushopt, clwb, hv, rdtscp, rdpid, fsrm, f16c, cet_ss
Processor Information for the first 12 processors :
  Max Mhz: 3301, Current Mhz: 3301, Mhz Limit: 3301

Memory: 4k page, system-wide physical 15557M (310M free)
TotalPageFile size 34699M (AvailPageFile size 5M)
current process WorkingSet (physical memory assigned to process): 253M, peak: 253M
current process commit charge ("private bytes"): 427M, peak: 439M

vm_info: Java HotSpot(TM) 64-Bit Server VM (25.0.1+8-LTS-27) for windows-amd64 JRE (25.0.1+8-LTS-27), built on 2025-09-25T16:41:16Z with unknown MS VC++:1943

END.
